--------- beginning of events
01-28 22:58:02.527   516   516 I auditd  : Multiple same specifications for vendor.google.wireless_charger.IWirelessCharger/default.
01-28 22:58:02.528   516   516 I auditd  : SELinux: Loaded service context from:
01-28 22:58:02.528   516   516 I auditd  : 		/system/etc/selinux/plat_service_contexts
01-28 22:58:02.528   516   516 I auditd  : 		/system_ext/etc/selinux/system_ext_service_contexts
01-28 22:58:02.528   516   516 I auditd  : 		/product/etc/selinux/product_service_contexts
01-28 22:58:02.528   516   516 I auditd  : 		/vendor/etc/selinux/vendor_service_contexts
01-28 22:58:02.528   516   516 I auditd  : 		/odm/etc/selinux/odm_service_contexts
12-31 16:00:00.056   514   514 I auditd  : type=2000 audit(0.0:1): state=initialized audit_enabled=0 res=1
01-28 22:58:01.980   514   514 I auditd  : type=1403 audit(0.0:2): auid=4294967295 ses=4294967295 lsm=selinux res=1
01-28 22:58:01.980   514   514 I auditd  : type=1404 audit(0.0:3): enforcing=1 old_enforcing=0 auid=4294967295 ses=4294967295 enabled=1 old-enabled=1 lsm=selinux res=1
01-28 22:58:02.728   551   551 I auditd  : type=1400 audit(0.0:4): avc:  denied  { write } for  comm="modprobe" scontext=u:r:insmod-sh:s0 tcontext=u:r:insmod-sh:s0 tclass=key permissive=0 bug=b/433610565
01-28 22:58:02.728   551   551 I auditd  : type=1400 audit(0.0:5): avc:  denied  { write } for  comm="modprobe" scontext=u:r:insmod-sh:s0 tcontext=u:r:insmod-sh:s0 tclass=key permissive=0 bug=b/433610565
01-28 22:58:02.885   554   586 I auditd  : SELinux: Loaded keystore2 context from:
01-28 22:58:02.885   554   586 I auditd  : 		/system/etc/selinux/plat_keystore2_key_contexts
01-28 22:58:02.885   554   586 I auditd  : 		/system_ext/etc/selinux/system_ext_keystore2_key_contexts
01-28 22:58:02.885   554   586 I auditd  : 		/product/etc/selinux/product_keystore2_key_contexts
01-28 22:58:02.885   554   586 I auditd  : 		/vendor/etc/selinux/vendor_keystore2_key_contexts
01-28 22:58:03.038   666   666 I liblog  : 130
01-28 22:58:04.227   931   931 I boot_progress_start: 3446
--------- beginning of radio
01-28 22:58:04.419   994  1027 D SIT-OEM : Modem IO: /dev/oem_ipc0
01-28 22:58:04.419   994  1027 I SIT-OEM : ModemDataTransmitter Thread Start
01-28 22:58:04.419   994  1027 I SIT-OEM : Indication Read Thread Start
01-28 22:58:04.419   994  1027 I GRIL-OEM: oem available
01-28 22:58:04.419   994  1030 D SIT-OEM : [pollModemState] oldState=-1 newState=0
01-28 22:58:04.419   994  1030 D SIT-OEM : MODEM STATUS : STATE_BOOTING
01-28 22:58:04.435   994  1031 I SIT-OEM : Start IO channel reader procedure
01-28 22:58:04.435   994  1031 I SIT-OEM : opened [9,/dev/oem_ipc0].
01-28 22:58:04.435   994  1032 I SIT-OEM : Start Indication Queue reader procedure
01-28 22:58:04.623   931   931 I snet_event_log: [200284993,-1,]
01-28 22:58:04.740   931   931 I boot_progress_preload_start: 3960
01-28 22:58:04.896  1198  1198 I auditd  : type=1400 audit(0.0:6): avc:  denied  { write } for  comm="TracingMuxer" name="traced_producer" dev="tmpfs" ino=1284 scontext=u:r:gxp_logging:s0 tcontext=u:object_r:traced_producer_socket:s0 tclass=sock_file permissive=0
01-28 22:58:04.976  1181  1181 D RILD    : **RIL Daemon Started**
01-28 22:58:04.977  1181  1181 D RILD    : **RILd param count=1**
01-28 22:58:05.009  1181  1181 D RILD    : RIL_Init argc = 3 clientId = 0
01-28 22:58:05.009  1181  1181 D RIL     : InitRilLog
01-28 22:58:05.009  1181  1181 D RIL     : InitRilLog: sEnableLogcat=1 sEnableLogCapture=1
01-28 22:58:05.009  1181  1181 D RIL     : InitRilLog: Log level is 4
01-28 22:58:05.009  1181  1181 D RIL     : InitRilLog: Log Category is 16777215
01-28 22:58:05.009  1181  1181 D RIL     : InitRilLog: RIL library build time : 2025-09-13 00:49:24
01-28 22:58:05.020  1181  1181 W RIL     : [RilContext_0] OnCreate Use Default ServiceFactory
01-28 22:58:05.021  1181  1181 E RIL     : [EmergencyCallHelper] Clear()
01-28 22:58:05.024  1181  1181 W RIL     : [RilContext_1] OnCreate Use Default ServiceFactory
01-28 22:58:05.024  1181  1181 E RIL     : [EmergencyCallHelper] Clear()
01-28 22:58:05.047  1181  1181 D RILD    : RIL_Init rilInit completed
01-28 22:58:05.047  1181  1181 I RILC    : SIM_COUNT: 2
01-28 22:58:05.047  1181  1181 E RILC    : RIL_register: RIL version 15
01-28 22:58:05.047  1181  1181 I RILC    : s_registerCalled flag set, 1
01-28 22:58:05.047  1181  1181 I rild_exynos: s_commands size: 197
01-28 22:58:05.047  1181  1181 I rild_exynos: s_unsolResponses size: 68
01-28 22:58:05.047  1181  1344 E RIL     : [PollModemState] oldState=-1 newState=0
01-28 22:58:05.047  1181  1344 E RIL     : MODEM STATUS crash handling mode = 2
01-28 22:58:05.048  1181  1181 D RIL_SAP : SapImpl::setCallback for slotId 0
01-28 22:58:05.048  1181  1181 D RIL_SAP : SapImpl::setCallback for slotId 0
01-28 22:58:05.048  1181  1181 D RILC-AIDL_SERVICE: RadioModemService::publish publish success
01-28 22:58:05.049  1181  1181 D RILC-AIDL_SERVICE: RadioDataService::publish publish success
01-28 22:58:05.050  1181  1181 D RILC-AIDL_SERVICE: RadioSimService::publish publish success
01-28 22:58:05.050  1181  1181 D RILC-AIDL_SERVICE: RadioNetworkService::publish publish success
01-28 22:58:05.051  1181  1181 D RILC-AIDL_SERVICE: RadioMessagingService::publish publish success
01-28 22:58:05.052  1181  1181 D RILC-AIDL_SERVICE: RadioVoiceService::publish publish success
01-28 22:58:05.053  1181  1181 D RILC-AIDL_SERVICE: RilExtService::publish success
01-28 22:58:05.053  1181  1181 D RILC-AIDL_SERVICE: RadioConfigService::publish success
01-28 22:58:05.055  1181  1181 D RILC-AIDL_SERVICE: RadioModemService::publish publish success
01-28 22:58:05.055  1181  1181 D RILC-AIDL_SERVICE: RadioDataService::publish publish success
01-28 22:58:05.055  1181  1181 D RILC-AIDL_SERVICE: RadioSimService::publish publish success
01-28 22:58:05.056  1181  1181 D RILC-AIDL_SERVICE: RadioNetworkService::publish publish success
01-28 22:58:05.056  1181  1181 D RILC-AIDL_SERVICE: RadioMessagingService::publish publish success
01-28 22:58:05.057  1181  1181 D RILC-AIDL_SERVICE: RadioVoiceService::publish publish success
01-28 22:58:05.057  1181  1181 D RILC-AIDL_SERVICE: RilExtService::publish success
01-28 22:58:05.058  1181  1181 D RILC    : registerService: failed to start android::hardware::radio::V1_5::IRadio slot1
01-28 22:58:05.058  1181  1181 D RILC    : registerService: failed to start android::hardware::radio::V1_5::IRadio slot2
01-28 22:58:05.058  1181  1181 I RILC    : RILHIDL called registerService
01-28 22:58:05.058  1181  1181 D RILD    : RIL_Init RIL_register completed
01-28 22:58:05.058  1181  1181 D RILD    : RIL_register_socket started
01-28 22:58:05.058  1181  1181 D RIL_UIM_SOCKET: Adding socket with id: 0
01-28 22:58:05.058  1181  1181 D RIL_UIM_SOCKET: Adding socket with id: 1
01-28 22:58:05.058  1181  1181 I RILC    : RIL_register_socket: calling registerService
01-28 22:58:05.058  1181  1181 D RILD    : RIL_register_socket completed
01-28 22:58:05.058  1181  1181 D RIL_EXTERNAL: registerService: starting IRadioExternal rilExternal
01-28 22:58:05.059  1181  1181 D RIL_EXTERNAL: registerService: rilExternal registered
01-28 22:58:05.059  1181  1181 D RILD    : RIL_External_Init completed
01-28 22:58:05.059  1181  1181 D rild_exynos: Calling android::hardware::radio::impl::joinThreadPool() for AIDL Service
01-28 22:58:05.059  1181  1347 D RIL_EXTERNAL: setResponseFunctions_1_1: PID(1169)
01-28 22:58:05.059  1181  1347 D RIL_EXTERNAL: RilExternalManager::onNewClientConnect: name=PID(1169)
01-28 22:58:05.059  1181  1347 D RILC    : IsMultiSimEnabled dsds
01-28 22:58:05.059  1181  1347 D RILC    : IsMultiSimEnabled return true
01-28 22:58:05.059  1181  1347 D RIL_EXTERNAL: onNewClientConnect RilExternalClient:{clientId=0, name=PID(1169)}
01-28 22:58:05.059  1181  1347 D RIL_EXTERNAL: newClietnId=0
01-28 22:58:05.060  1181  1343 W RIL     : OperatorNameTableDatabaseHelper MakeDB Don't need to create database and tables
01-28 22:58:05.084  1210  1210 I auditd  : type=1400 audit(0.0:7): avc:  denied  { read } for  comm="binder:1210_2" name="u:object_r:default_prop:s0" dev="tmpfs" ino=162 scontext=u:r:hal_face_default:s0 tcontext=u:object_r:default_prop:s0 tclass=file permissive=0
01-28 22:58:05.084  1210  1210 I auditd  : type=1400 audit(0.0:8): avc:  denied  { read } for  comm="binder:1210_2" name="u:object_r:default_prop:s0" dev="tmpfs" ino=162 scontext=u:r:hal_face_default:s0 tcontext=u:object_r:default_prop:s0 tclass=file permissive=0
01-28 22:58:05.084  1210  1210 I auditd  : type=1400 audit(0.0:9): avc:  denied  { read } for  comm="binder:1210_2" name="u:object_r:default_prop:s0" dev="tmpfs" ino=162 scontext=u:r:hal_face_default:s0 tcontext=u:object_r:default_prop:s0 tclass=file permissive=0
01-28 22:58:05.589   931   931 I boot_progress_preload_end: 4808
01-28 22:58:05.846  1475  1475 I system_server_start: [1,5064,5064]
01-28 22:58:05.847  1475  1475 I boot_progress_system_run: 5066
01-28 22:58:05.896  1198  1198 I auditd  : type=1400 audit(0.0:10): avc:  denied  { write } for  comm="TracingMuxer" name="traced_producer" dev="tmpfs" ino=1284 scontext=u:r:gxp_logging:s0 tcontext=u:object_r:traced_producer_socket:s0 tclass=sock_file permissive=0
--------- beginning of main
01-28 22:58:05.955  1007  1007 D AudioSystem: onNewServiceWithAdapter: media.audio_flinger service obtained 0xb400007df6e14040
01-28 22:58:05.956   956  1086 D ASvc::Config: getSurroundSoundConfig
01-28 22:58:05.956  1163  1186 I libbinder.ServiceManagerCppClient: Waiting for service 'package_native' on '/dev/binder'...
01-28 22:58:05.956   956  1086 D ASvc::Config: getEngineConfig
01-28 22:58:05.956   956  1086 W AUtl::Resources: GetFilePath: /vendor/etc/audio_policy_engine_configuration.xml not exist
01-28 22:58:05.956   956  1086 I ASvc::Config: getEngineConfig: no engine config, report the volume groups only
01-28 22:58:05.957   956  1086 I ASvc::Module: getTelephony: ITelephony is 0xb400006f52cd0290
01-28 22:58:05.957   956  1086 I ASvc::Module: getBluetooth: IBluetooth is 0xb400006f62cd77c0
01-28 22:58:05.957   956  1086 I ASvc::Module: getBluetoothA2dp: IBluetoothA2dp is 0xb400006ee2d5c3f0
01-28 22:58:05.958   956  1086 I ASvc::Module: getBluetoothLe: IBluetoothLe is 0xb400006ee2d58f10
01-28 22:58:05.958   956  1086 I ASvc::Module: getSoundDose
01-28 22:58:05.958  1007  1007 I DeviceHalAidl: [default] getSoundDoseInterface: using audio AIDL HAL sound dose interface
01-28 22:58:05.958   956  1086 I AHal::AocSoundDoseBridge: SetOutputRs2: 100
01-28 22:58:05.958  1007  1007 D DeviceHalAidl: [default] initCheck
01-28 22:58:05.958  1199  1199 D AOC     : F1:MSG: controller.cc, 275: AudioOutCtrl: cmd ID: 0x0126, tag: 0x4f [cntr = 61]
01-28 22:58:05.959  1199  1199 D AOC     : F1:MSG: audio_hardware_sink_usb.cc, 1886: MelRS2Set 100.000001
01-28 22:58:05.959  1199  1199 D AOC     : F1:MelRS2Set 100.000001
01-28 22:58:05.959  1199  1199 D AOC     : F1:MSG: controller.cc, 919: AudioOutCtrl: ipc: audio_output_co, cmd ID: 0x0126, tag: 0x4f, rc: 0
01-28 22:58:05.959   967  1037 D CHRE    : @  16.649: Load nanoapp request for app ID 0x476f6f676c00101b ver 0x10002 flags 0x1 target API 0x010c0000 size 13376 (txnId 3 client 511)
01-28 22:58:05.959   955   955 I PsrSvc::Main: parseVendorParameterIds: scope = MODULE, aosp.clipTransitionSupport
01-28 22:58:05.959   955   955 I PsrSvc::Main: parseVendorParameterIds: ids: []
01-28 22:58:05.960   956  1086 I ASvc::Module: getAudioPorts: ports count = 47
01-28 22:58:05.960  1007  1007 I Hal2AidlMapper: [default] initialize: default port ids: input 101001, output 100001
01-28 22:58:05.960   956  1086 I ASvc::Module: getAudioRoutes: routes count = 27
01-28 22:58:05.960   967  1037 D CHRE    : @  16.655: Load manager load complete...
01-28 22:58:05.960   967  1037 D CHRE    : @  16.655: Instance ID 4 assigned to app ID 0x476f6f676c00101b
01-28 22:58:05.960   956  1086 I ASvc::Module: getAudioPortConfigs: port configs count = 8
01-28 22:58:05.961  1007  1007 D DeviceHalAidl: [default] getMasterVolume
01-28 22:58:05.961  1007  1007 D DeviceHalAidl: [default] getMasterMute
01-28 22:58:05.961  1007  1007 D DeviceHalAidl: [default] setMasterVolume: volume 1.000000
01-28 22:58:05.961  1007  1007 D DeviceHalAidl: [default] setMasterMute: mute 0
01-28 22:58:05.961  1007  1007 D DeviceHalAidl: [default] supportsBluetoothVariableLatency
01-28 22:58:05.961   956  1086 D ASvc::Module: supportsVariableLatency: 1
01-28 22:58:05.961  1007  1007 D DeviceHalAidl: [default] setMode: mode 0
01-28 22:58:05.961   956  1086 I ASvc::Telephony: switchAudioMode: mode = NORMAL
01-28 22:58:05.966  1475  1529 I incfs   : Initial API level of the device: 34
01-28 22:58:05.966  1475  1529 I incfs   : ro.incremental.enable: true
01-28 22:58:05.966  1475  1529 I incfs   : isFsAvailable: true
01-28 22:58:05.966  1475  1529 I incfs   : isFsAvailable: true
01-28 22:58:05.966  1475  1529 I incfs   : IncFs_Features: v2
01-28 22:58:05.969   967  1037 D CHRE    : @  16.658: Load nanoapp request for app ID 0x476f6f676c001013 ver 0x70002 flags 0x1 target API 0x010c0000 size 348480 (txnId 4 client 511)
01-28 22:58:05.969   967  1037 E CHRE    : @  16.665: CHPP WIFI: ACK timeout. Tx t=16164, attempt 1, isResetting=1
01-28 22:58:05.970   967  1037 E CHRE    : @  16.665: CHPP WWAN: ACK timeout. Tx t=16165, attempt 1, isResetting=1
--------- beginning of system
01-28 22:58:05.982  1475  1475 D CompatConfig: No directory /apex/com.android.conscrypt/etc/compatconfig, skipping
01-28 22:58:05.982  1475  1475 D CompatConfig: No directory /apex/com.google.pixel.camera.hal/etc/compatconfig, skipping
01-28 22:58:05.982  1475  1475 D CompatConfig: No directory /apex/com.android.appsearch/etc/compatconfig, skipping
01-28 22:58:05.982  1475  1475 D CompatConfig: No directory /apex/com.android.nfcservices/etc/compatconfig, skipping
01-28 22:58:05.982  1475  1475 D CompatConfig: No directory /apex/com.android.ipsec/etc/compatconfig, skipping
01-28 22:58:05.982  1475  1475 D CompatConfig: No directory /apex/com.android.uwb/etc/compatconfig, skipping
01-28 22:58:05.982  1475  1475 D CompatConfig: No directory /apex/com.android.rkpd/etc/compatconfig, skipping
01-28 22:58:05.983  1475  1475 D CompatConfig: Found a config file: /apex/com.android.wifi/etc/compatconfig/wifi-compat-config.xml
01-28 22:58:05.983  1475  1475 D CompatConfig: No directory /apex/com.android.scheduling/etc/compatconfig, skipping
01-28 22:58:05.983  1475  1475 D CompatConfig: No directory /apex/com.android.telephonycore/etc/compatconfig, skipping
01-28 22:58:05.983  1475  1475 D CompatConfig: No directory /apex/com.android.healthfitness/etc/compatconfig, skipping
01-28 22:58:05.983  1475  1475 D CompatConfig: No directory /apex/com.android.runtime/etc/compatconfig, skipping
01-28 22:58:05.983  1475  1475 D CompatConfig: Found a config file: /apex/com.android.tethering/etc/compatconfig/connectivity-platform-compat-config.xml
01-28 22:58:05.984  1475  1475 D CompatConfig: No directory /apex/com.android.hardware.biometrics.face.virtual/etc/compatconfig, skipping
01-28 22:58:05.984  1475  1475 D CompatConfig: No directory /apex/com.android.configinfrastructure/etc/compatconfig, skipping
01-28 22:58:05.984  1475  1475 D CompatConfig: No directory /apex/com.android.profiling/etc/compatconfig, skipping
01-28 22:58:05.984  1475  1475 D CompatConfig: No directory /apex/com.android.apex.cts.shim/etc/compatconfig, skipping
01-28 22:58:05.984  1475  1475 D CompatConfig: No directory /apex/com.android.media.swcodec/etc/compatconfig, skipping
01-28 22:58:05.984  1475  1475 D CompatConfig: No directory /apex/com.android.adbd/etc/compatconfig, skipping
01-28 22:58:05.984  1475  1475 D CompatConfig: Found a config file: /apex/com.android.permission/etc/compatconfig/framework-permission-s-compat-config.xml
01-28 22:58:05.985  1475  1475 D CompatConfig: No directory /apex/com.android.compos/etc/compatconfig, skipping
01-28 22:58:05.985  1475  1475 D CompatConfig: No directory /apex/com.android.hardware.biometrics.fingerprint.virtual/etc/compatconfig, skipping
01-28 22:58:05.985  1475  1475 D CompatConfig: No directory /apex/com.android.os.statsd/etc/compatconfig, skipping
01-28 22:58:05.985  1475  1475 D CompatConfig: No directory /apex/com.android.media/etc/compatconfig, skipping
01-28 22:58:05.985  1475  1475 D CompatConfig: No directory /apex/com.google.android.hardware.biometrics.fingerprint/etc/compatconfig, skipping
01-28 22:58:05.985  1475  1475 D CompatConfig: Found a config file: /apex/com.android.bt/etc/compatconfig/bluetoothapk-platform-compat-config.xml
01-28 22:58:05.985  1475  1475 D CompatConfig: Found a config file: /apex/com.android.bt/etc/compatconfig/bluetooth-compat-config.xml
01-28 22:58:05.986  1475  1475 D CompatConfig: Found a config file: /apex/com.android.bt/etc/compatconfig/framework-bluetooth-compat-config.xml
01-28 22:58:05.986  1475  1475 D CompatConfig: Found a config file: /apex/com.android.mediaprovider/etc/compatconfig/framework-pdf-v-platform-compat-config.xml
01-28 22:58:05.987  1475  1475 D CompatConfig: Found a config file: /apex/com.android.mediaprovider/etc/compatconfig/media-provider-platform-compat-config.xml
01-28 22:58:05.987  1475  1475 D CompatConfig: No directory /apex/com.google.pixel.euicc.update/etc/compatconfig, skipping
01-28 22:58:05.987  1475  1475 D CompatConfig: No directory /apex/com.android.extservices/etc/compatconfig, skipping
01-28 22:58:05.987  1475  1475 D CompatConfig: Found a config file: /apex/com.android.art/etc/compatconfig/libcore-platform-compat-config.xml
01-28 22:58:05.988  1475  1475 D CompatConfig: No directory /apex/com.android.ondevicepersonalization/etc/compatconfig, skipping
01-28 22:58:05.988  1475  1475 D CompatConfig: No directory /apex/com.google.android.hardware.biometrics.face/etc/compatconfig, skipping
01-28 22:58:05.988  1475  1475 D CompatConfig: No directory /apex/com.android.resolv/etc/compatconfig, skipping
01-28 22:58:05.988  1475  1475 D CompatConfig: No directory /apex/com.android.i18n/etc/compatconfig, skipping
01-28 22:58:05.988  1475  1475 D CompatConfig: No directory /apex/com.android.hardware.cas/etc/compatconfig, skipping
01-28 22:58:05.988  1475  1475 D CompatConfig: No directory /apex/com.android.virt/etc/compatconfig, skipping
01-28 22:58:05.988  1475  1475 D CompatConfig: No directory /apex/com.android.devicelock/etc/compatconfig, skipping
01-28 22:58:05.988  1475  1475 D CompatConfig: No directory /apex/com.android.crashrecovery/etc/compatconfig, skipping
01-28 22:58:05.988  1475  1475 D CompatConfig: No directory /apex/com.google.pixel.wifi.ext/etc/compatconfig, skipping
01-28 22:58:05.988  1475  1475 D CompatConfig: No directory /apex/com.android.uprobestats/etc/compatconfig, skipping
01-28 22:58:05.988  1475  1475 D CompatConfig: No directory /apex/com.android.neuralnetworks/etc/compatconfig, skipping
01-28 22:58:05.988  1475  1475 D CompatConfig: No directory /apex/com.android.adservices/etc/compatconfig, skipping
01-28 22:58:05.988  1475  1475 D CompatConfig: No directory /apex/com.android.cellbroadcast/etc/compatconfig, skipping
01-28 22:58:05.989  1475  1475 D CompatConfig: No directory /apex/com.android.tzdata/etc/compatconfig, skipping
01-28 22:58:05.989  1475  1475 D CompatConfig: No directory /apex/com.google.android.widevine/etc/compatconfig, skipping
01-28 22:58:05.989  1475  1475 D CompatConfig: No directory /apex/com.android.sdkext/etc/compatconfig, skipping
01-28 22:58:05.990  1475  1475 D SystemServerTiming: StartFileIntegrityService
01-28 22:58:05.990  1475  1475 I SystemServiceManager: Starting com.android.server.security.FileIntegrityService
01-28 22:58:05.990  1475  1475 D SystemServerTiming: StartInstaller
01-28 22:58:05.990  1475  1475 I SystemServiceManager: Starting com.android.server.pm.Installer
01-28 22:58:05.991  1160  1175 D installd: Found quota mount /dev/block/sda10 at /metadata
01-28 22:58:05.991  1160  1175 D installd: Found quota mount /dev/block/sda1 at /mnt/vendor/persist
01-28 22:58:05.991  1160  1175 D installd: Found quota mount /dev/block/dm-53 at /data
01-28 22:58:05.992  1160  1175 D installd: Found quota mount /dev/block/sda5 at /mnt/vendor/efs
01-28 22:58:05.992   956  1639 W AHal::AudioMetric::StatsdSuezDataAdapter: ReportMetric: Failed to prepare stats service
01-28 22:58:05.992   956  1639 W AHal::AudioMetric::StatsdSuezDataAdapter: WriteThread: Report atom failed 2 out of 10 times.
01-28 22:58:05.992  1160  1175 D installd: Found quota mount /dev/block/sda6 at /mnt/vendor/efs_backup
01-28 22:58:05.992  1160  1175 D installd: Found quota mount /dev/block/sda7 at /mnt/vendor/modem_userdata
01-28 22:58:05.992  1160  1175 D installd: Found quota mount /dev/block/dm-53 at /data/user/0
01-28 22:58:05.994  1475  1475 D SystemServerTiming: DeviceIdentifiersPolicyService
01-28 22:58:05.994  1475  1475 I SystemServiceManager: Starting com.android.server.os.DeviceIdentifiersPolicyService
01-28 22:58:05.994  1475  1475 D SystemServerTiming: StartFeatureFlagsService
01-28 22:58:05.994  1475  1475 I SystemServiceManager: Starting com.android.server.flags.FeatureFlagsService
01-28 22:58:05.994  1475  1475 D FeatureFlagsService: Started Feature Flag Service
01-28 22:58:05.995  1475  1475 D SystemServerTiming: UriGrantsManagerService
01-28 22:58:05.995  1475  1475 I SystemServiceManager: Starting com.android.server.uri.UriGrantsManagerService$Lifecycle
01-28 22:58:05.996  1475  1475 D SystemServerTiming: StartPowerStatsService
01-28 22:58:05.996  1475  1475 I SystemServiceManager: Starting com.android.server.powerstats.PowerStatsService
01-28 22:58:05.998  1475  1475 D SystemServerTiming: StartIStatsService
01-28 22:58:05.999   517   517 I hwservicemanager: getTransport: Cannot find entry android.frameworks.stats@1.0::IStats/default in either framework or device VINTF manifest.
01-28 22:58:05.999  1475  1475 E HidlServiceManagement: Service android.frameworks.stats@1.0::IStats/default must be in VINTF manifest in order to register/get.
01-28 22:58:05.999  1475  1475 W system_server: Cannot register HIDL android.frameworks.stats@1.0::IStats: -2147483648
01-28 22:58:05.999  1475  1475 D SystemServerTiming: MemtrackProxyService
01-28 22:58:06.000  1475  1475 I libbinder.Stability: Interface set with vintf stability downgraded to system stability stability
01-28 22:58:06.000  1475  1475 D SystemServerTiming: StartAccessCheckingService
01-28 22:58:06.001  1475  1475 I SystemServiceManager: Starting com.android.server.permission.access.AccessCheckingService
01-28 22:58:06.002  1475  1475 D SystemServerTiming: StartActivityManager
01-28 22:58:06.002  1475  1475 I SystemServiceManager: Starting com.android.server.wm.ActivityTaskManagerService$Lifecycle
01-28 22:58:06.006  1475  1475 I SystemServiceManager: Starting com.android.server.am.ActivityManagerService$Lifecycle
01-28 22:58:06.008  1475  1475 I ActivityManager: Memory class: 256
01-28 22:58:06.009   966   966 I Lyric   : tof_reefback.cc:495: Tof device ID 0xaaea
01-28 22:58:06.010  1475  1667 I Binder  : Setting heavy hitter watcher config: false, 0, 0.0
01-28 22:58:06.019  1475  1475 I PackageWatchdog: Updated health check state for package com.google.android.ext.services: INACTIVE -> PASSED
01-28 22:58:06.019  1475  1475 I PackageWatchdog: Updated health check state for package com.android.ons: INACTIVE -> PASSED
01-28 22:58:06.019  1475  1475 I PackageWatchdog: Updated health check state for package com.google.android.permissioncontroller: INACTIVE -> PASSED
01-28 22:58:06.019  1475  1475 I PackageWatchdog: Updated health check state for package com.shannon.rcsservice: INACTIVE -> PASSED
01-28 22:58:06.019  1475  1475 I PackageWatchdog: Updated health check state for package com.google.android.networkstack: INACTIVE -> PASSED
01-28 22:58:06.019  1475  1475 I PackageWatchdog: Updated health check state for package com.android.phone: INACTIVE -> PASSED
01-28 22:58:06.019  1475  1475 I PackageWatchdog: Updated health check state for package com.android.systemui: INACTIVE -> PASSED
01-28 22:58:06.022  1475  1475 W PowerProfile: ambient.on is deprecated! Use ambient.on.display0 instead.
01-28 22:58:06.022  1475  1475 W PowerProfile: screen.on is deprecated! Use screen.on.display0 instead.
01-28 22:58:06.022  1475  1475 W PowerProfile: screen.full is deprecated! Use screen.full.display0 instead.
01-28 22:58:06.023  1475  1475 W ModemPowerProfile: getAverageBatteryDrainMaH called with unexpected key: 0x0, drain:SLEEP,RAT:DEFAULT
01-28 22:58:06.023  1475  1475 W ModemPowerProfile: getAverageBatteryDrainMaH called with unexpected key: 0x10000000, drain:IDLE,RAT:DEFAULT
01-28 22:58:06.023  1475  1475 W ModemPowerProfile: getAverageBatteryDrainMaH called with unexpected key: 0x20000000, drain:RX,RAT:DEFAULT
01-28 22:58:06.023  1475  1475 W ModemPowerProfile: getAverageBatteryDrainMaH called with unexpected key: 0x30000000, drain:TX,level:0,RAT:DEFAULT
01-28 22:58:06.023  1475  1475 W ModemPowerProfile: getAverageBatteryDrainMaH called with unexpected key: 0x31000000, drain:TX,level:1,RAT:DEFAULT
01-28 22:58:06.023  1475  1475 W ModemPowerProfile: getAverageBatteryDrainMaH called with unexpected key: 0x32000000, drain:TX,level:2,RAT:DEFAULT
01-28 22:58:06.023  1475  1475 W ModemPowerProfile: getAverageBatteryDrainMaH called with unexpected key: 0x33000000, drain:TX,level:3,RAT:DEFAULT
01-28 22:58:06.023  1475  1475 W ModemPowerProfile: getAverageBatteryDrainMaH called with unexpected key: 0x34000000, drain:TX,level:4,RAT:DEFAULT
01-28 22:58:06.027   981   981 D usf_sensor_hal: Panel-name[0]:panel-b (mapped from google-bigsurf)
01-28 22:58:06.027   981   981 D usf_sensor_hal: Panel-serial[0]:1416091c2002a301
01-28 22:58:06.027   981   981 D usf_sensor_hal: Panel-ext_info[0]:0x50a08400
01-28 22:58:06.027   981   981 W libbinder.ProcessState: Extra binder thread started, but 0 threads requested. Do not use *startThreadPool when zero threads are requested.
01-28 22:58:06.028   981   981 W android.hardware.sensors-service.multihal: AIBinder_linkToDeath is being called with a non-null cookie and no onUnlink callback set. This might not be intended. AIBinder_DeathRecipient_setOnUnlinked should be called first.
01-28 22:58:06.028   981   981 I usf_sensor_hal: Connected to IDisplay service.
01-28 22:58:06.029   564   564 I hwc-display: /mnt/vendor/persist/display/original_panel_0 file not found, fall back to legacy panel replacement check
01-28 22:58:06.029   981   981 D usf_sensor_hal: Panel original status for panel_id:0 = 1
01-28 22:58:06.031   981   981 I USF     : Loading registry from "/vendor/etc/sensors/registry".
01-28 22:58:06.031   981   981 I USF     : Skip MLB comparison. The pcbcfg does not start with "MLB".
01-28 22:58:06.031   981   981 I USF     : Loading registry from script file "/vendor/etc/sensors/registry/shiba_evt.reg".
01-28 22:58:06.034  1475  1475 D BatteryStatsImpl: Reading daily items from /data/system/batterystats-daily.xml
01-28 22:58:06.035   981   981 I USF     : Loading registry from script file "/vendor/etc/sensors/registry/shiba_evt_win.reg".
01-28 22:58:06.039   981   981 I USF     : Loading registry from script file "/vendor/etc/sensors/registry/shiba_common.reg".
01-28 22:58:06.049   956  1536 E AHal::Cs35l41Codec: CheckAllSpeakers: can not find control DSP1 Protection cd CAL_R
01-28 22:58:06.049   956  1536 E AHal::Cs35l41Codec: CheckAllSpeakers: can not find control R DSP1 Protection cd CAL_R
01-28 22:58:06.049   956  1536 I AHal::AudioRoutePathController: Reset: card_number 0 xml_file_path /vendor/etc/mixer_paths_aidl.xml
01-28 22:58:06.053  1199  1199 D AOC     : F1:MSG: controller.cc, 275: AudioInCtrl: cmd ID: 0x00cd, tag: 0x50 [cntr = 43]
01-28 22:58:06.053  1199  1199 D AOC     : F1:MSG: controller.cc, 919: AudioInCtrl: ipc: audio_input_con, cmd ID: 0x00cd, tag: 0x50, rc: 0
01-28 22:58:06.053  1199  1199 D AOC     : F1:MSG: controller.cc, 275: AudioInCtrl: cmd ID: 0x00cd, tag: 0x51 [cntr = 44]
01-28 22:58:06.053  1199  1199 D AOC     : F1:MSG: controller.cc, 919: AudioInCtrl: ipc: audio_input_con, cmd ID: 0x00cd, tag: 0x51, rc: 0
01-28 22:58:06.053  1199  1199 D AOC     : F1:MSG: controller.cc, 275: AudioInCtrl: cmd ID: 0x00cd, tag: 0x52 [cntr = 45]
01-28 22:58:06.054  1199  1199 D AOC     : F1:MSG: controller.cc, 919: AudioInCtrl: ipc: audio_input_con, cmd ID: 0x00cd, tag: 0x52, rc: 0
01-28 22:58:06.054  1199  1199 D AOC     : F1:MSG: controller.cc, 275: AudioInCtrl: cmd ID: 0x00cd, tag: 0x53 [cntr = 46]
01-28 22:58:06.054  1199  1199 E AOC     : F1:ERR: audio_capture_pdm.cc, 686: Cannot get DMIC power state for mic index 3
01-28 22:58:06.054  1199  1199 E AOC     : F1:ERR: cmd_thread.cc, 326: AUD_CAP_PDM: cmd ID = 0069, rc = -1
01-28 22:58:06.055  1199  1199 E AOC     : F1:ERR: controller.cc, 915: AudioInCtrl: ipc: audio_input_con, cmd ID: 0x00cd, tag: 0x53, rc: -1
01-28 22:58:06.055  1199  1199 D AOC     : F1:MSG: controller.cc, 275: AudioOutCtrl: cmd ID: 0x00e9, tag: 0x54 [cntr = 62]
01-28 22:58:06.055  1199  1199 D AOC     : F1:MSG: controller.cc, 919: AudioOutCtrl: ipc: audio_output_co, cmd ID: 0x00e9, tag: 0x54, rc: 0
01-28 22:58:06.055  1199  1199 D AOC     : F1:MSG: controller.cc, 275: AudioOutCtrl: cmd ID: 0x00d3, tag: 0x55 [cntr = 63]
01-28 22:58:06.055  1199  1199 D AOC     : F1:MSG: controller.cc, 919: AudioOutCtrl: ipc: audio_output_co, cmd ID: 0x00d3, tag: 0x0f, rc: 0
01-28 22:58:06.056  1199  1199 D AOC     : F1:MSG: controller.cc, 275: AudioOutCtrl: cmd ID: 0x00d3, tag: 0x56 [cntr = 64]
01-28 22:58:06.056  1199  1199 E AOC     : F1:ERR: cmd_thread.cc, 326: CtrlAO_H0: cmd ID = 00d3, rc = -1
01-28 22:58:06.056  1199  1199 E AOC     : F1:ERR: controller.cc, 915: AudioOutCtrl: ipc: audio_output_co, cmd ID: 0x00d3, tag: 0x1e, rc: -1
01-28 22:58:06.056  1199  1199 D AOC     : F1:MSG: controller.cc, 275: AudioOutCtrl: cmd ID: 0x00d3, tag: 0x57 [cntr = 65]
01-28 22:58:06.057  1199  1199 D AOC     : F1:MSG: controller.cc, 919: AudioOutCtrl: ipc: audio_output_co, cmd ID: 0x00d3, tag: 0x0e, rc: 0
01-28 22:58:06.057  1199  1199 D AOC     : F1:MSG: controller.cc, 275: AudioOutCtrl: cmd ID: 0x00d3, tag: 0x58 [cntr = 66]
01-28 22:58:06.057  1199  1199 D AOC     : F1:MSG: controller.cc, 919: AudioOutCtrl: ipc: audio_output_co, cmd ID: 0x00d3, tag: 0x17, rc: 0
01-28 22:58:06.057  1199  1199 D AOC     : F1:MSG: controller.cc, 275: AudioOutCtrl: cmd ID: 0x00d3, tag: 0x59 [cntr = 67]
01-28 22:58:06.057  1199  1199 D AOC     : F1:MSG: controller.cc, 919: AudioOutCtrl: ipc: audio_output_co, cmd ID: 0x00d3, tag: 0x0e, rc: 0
01-28 22:58:06.057  1199  1199 D AOC     : F1:MSG: controller.cc, 275: AudioOutCtrl: cmd ID: 0x00d3, tag: 0x5a [cntr = 68]
01-28 22:58:06.058  1199  1199 D AOC     : F1:MSG: controller.cc, 919: AudioOutCtrl: ipc: audio_output_co, cmd ID: 0x00d3, tag: 0x18, rc: 0
01-28 22:58:06.058  1199  1199 D AOC     : F1:MSG: controller.cc, 275: AudioOutCtrl: cmd ID: 0x0116, tag: 0x5b [cntr = 69]
01-28 22:58:06.058  1199  1199 D AOC     : F1:MSG: controller.cc, 919: AudioOutCtrl: ipc: audio_output_co, cmd ID: 0x0116, tag: 0x5b, rc: 0
01-28 22:58:06.058  1199  1199 D AOC     : F1:MSG: controller.cc, 275: AudioInCtrl: cmd ID: 0x010a, tag: 0x5c [cntr = 47]
01-28 22:58:06.058  1199  1199 D AOC     : F1:MSG: controller.cc, 919: AudioInCtrl: ipc: audio_input_con, cmd ID: 0x0068, tag: 0x0e, rc: 0
01-28 22:58:06.059  1199  1199 D AOC     : F1:MSG: controller.cc, 275: AudioOutCtrl: cmd ID: 0x00ea, tag: 0x5d [cntr = 70]
01-28 22:58:06.059  1199  1199 D AOC     : F1:MSG: controller.cc, 919: AudioOutCtrl: ipc: audio_output_co, cmd ID: 0x00ea, tag: 0x5d, rc: 0
01-28 22:58:06.059  1199  1199 D AOC     : F1:MSG: controller.cc, 275: AudioOutCtrl: cmd ID: 0x00ea, tag: 0x5e [cntr = 71]
01-28 22:58:06.059  1199  1199 D AOC     : F1:MSG: controller.cc, 919: AudioOutCtrl: ipc: audio_output_co, cmd ID: 0x00ea, tag: 0x5e, rc: 0
01-28 22:58:06.059  1199  1199 D AOC     : F1:MSG: controller.cc, 275: AudioOutCtrl: cmd ID: 0x00ea, tag: 0x5f [cntr = 72]
01-28 22:58:06.060  1199  1199 D AOC     : F1:MSG: controller.cc, 919: AudioOutCtrl: ipc: audio_output_co, cmd ID: 0x00ea, tag: 0x5f, rc: 0
01-28 22:58:06.060  1199  1199 D AOC     : F1:MSG: controller.cc, 275: AudioOutCtrl: cmd ID: 0x00ea, tag: 0x60 [cntr = 73]
01-28 22:58:06.060  1199  1199 D AOC     : F1:MSG: controller.cc, 919: AudioOutCtrl: ipc: audio_output_co, cmd ID: 0x00ea, tag: 0x60, rc: 0
01-28 22:58:06.060  1199  1199 D AOC     : F1:MSG: controller.cc, 275: AudioOutCtrl: cmd ID: 0x00ea, tag: 0x61 [cntr = 74]
01-28 22:58:06.061  1199  1199 D AOC     : F1:MSG: controller.cc, 919: AudioOutCtrl: ipc: audio_output_co, cmd ID: 0x00ea, tag: 0x61, rc: 0
01-28 22:58:06.061  1199  1199 D AOC     : F1:MSG: controller.cc, 275: AudioOutCtrl: cmd ID: 0x00f5, tag: 0x62 [cntr = 75]
01-28 22:58:06.061  1199  1199 D AOC     : F1:MSG: controller.cc, 919: AudioOutCtrl: ipc: audio_output_co, cmd ID: 0x00f5, tag: 0x62, rc: 0
01-28 22:58:06.061  1199  1199 D AOC     : F1:MSG: controller.cc, 275: AudioOutCtrl: cmd ID: 0x00f5, tag: 0x63 [cntr = 76]
01-28 22:58:06.061  1199  1199 D AOC     : F1:MSG: controller.cc, 919: AudioOutCtrl: ipc: audio_output_co, cmd ID: 0x00f5, tag: 0x63, rc: 0
01-28 22:58:06.062  1199  1199 D AOC     : F1:MSG: controller.cc, 275: AudioOutCtrl: cmd ID: 0x00f5, tag: 0x64 [cntr = 77]
01-28 22:58:06.062  1199  1199 D AOC     : F1:MSG: controller.cc, 919: AudioOutCtrl: ipc: audio_output_co, cmd ID: 0x00f5, tag: 0x64, rc: 0
01-28 22:58:06.062  1199  1199 D AOC     : F1:MSG: controller.cc, 275: AudioOutCtrl: cmd ID: 0x00f5, tag: 0x65 [cntr = 78]
01-28 22:58:06.062  1199  1199 D AOC     : F1:MSG: controller.cc, 919: AudioOutCtrl: ipc: audio_output_co, cmd ID: 0x00f5, tag: 0x65, rc: 0
01-28 22:58:06.063  1199  1199 D AOC     : F1:MSG: controller.cc, 275: AudioOutCtrl: cmd ID: 0x00f5, tag: 0x66 [cntr = 79]
01-28 22:58:06.063  1199  1199 D AOC     : F1:MSG: controller.cc, 919: AudioOutCtrl: ipc: audio_output_co, cmd ID: 0x00f5, tag: 0x66, rc: 0
01-28 22:58:06.063  1199  1199 D AOC     : F1:MSG: controller.cc, 275: AudioOutCtrl: cmd ID: 0x00ff, tag: 0x67 [cntr = 80]
01-28 22:58:06.063  1199  1199 D AOC     : F1:MSG: controller.cc, 919: AudioOutCtrl: ipc: audio_output_co, cmd ID: 0x00ff, tag: 0x19, rc: 0
01-28 22:58:06.063  1199  1199 D AOC     : F1:MSG: controller.cc, 275: AudioOutCtrl: cmd ID: 0x00ff, tag: 0x68 [cntr = 81]
01-28 22:58:06.063  1199  1199 D AOC     : F1:MSG: controller.cc, 919: AudioOutCtrl: ipc: audio_output_co, cmd ID: 0x00ff, tag: 0x1a, rc: 0
01-28 22:58:06.064  1199  1199 D AOC     : F1:MSG: controller.cc, 275: AudioOutCtrl: cmd ID: 0x00ff, tag: 0x69 [cntr = 82]
01-28 22:58:06.064  1199  1199 D AOC     : F1:MSG: controller.cc, 919: AudioOutCtrl: ipc: audio_output_co, cmd ID: 0x00ff, tag: 0x1b, rc: 0
01-28 22:58:06.064  1199  1199 D AOC     : F1:MSG: controller.cc, 275: AudioOutCtrl: cmd ID: 0x00ff, tag: 0x6a [cntr = 83]
01-28 22:58:06.064  1199  1199 D AOC     : F1:MSG: controller.cc, 919: AudioOutCtrl: ipc: audio_output_co, cmd ID: 0x00ff, tag: 0x1c, rc: 0
01-28 22:58:06.065  1199  1199 D AOC     : F1:MSG: controller.cc, 275: AudioOutCtrl: cmd ID: 0x010c, tag: 0x6b [cntr = 84]
01-28 22:58:06.065  1199  1199 D AOC     : F1:MSG: controller.cc, 919: AudioOutCtrl: ipc: audio_output_co, cmd ID: 0x010c, tag: 0x1d, rc: 0
01-28 22:58:06.065  1199  1199 D AOC     : F1:MSG: controller.cc, 275: AudioOutCtrl: cmd ID: 0x010c, tag: 0x6c [cntr = 85]
01-28 22:58:06.065  1199  1199 D AOC     : F1:MSG: controller.cc, 919: AudioOutCtrl: ipc: audio_output_co, cmd ID: 0x010c, tag: 0x1e, rc: 0
01-28 22:58:06.065  1199  1199 D AOC     : F1:MSG: controller.cc, 275: AudioInCtrl: cmd ID: 0x00cd, tag: 0x6d [cntr = 48]
01-28 22:58:06.066  1199  1199 D AOC     : F1:MSG: controller.cc, 919: AudioInCtrl: ipc: audio_input_con, cmd ID: 0x00cd, tag: 0x6d, rc: 0
01-28 22:58:06.066  1199  1199 D AOC     : F1:MSG: controller.cc, 275: AudioInCtrl: cmd ID: 0x00cd, tag: 0x6e [cntr = 49]
01-28 22:58:06.066  1199  1199 D AOC     : F1:MSG: controller.cc, 919: AudioInCtrl: ipc: audio_input_con, cmd ID: 0x00cd, tag: 0x6e, rc: 0
01-28 22:58:06.066  1199  1199 D AOC     : F1:MSG: controller.cc, 275: AudioInCtrl: cmd ID: 0x00cd, tag: 0x6f [cntr = 50]
01-28 22:58:06.066  1199  1199 D AOC     : F1:MSG: controller.cc, 919: AudioInCtrl: ipc: audio_input_con, cmd ID: 0x00cd, tag: 0x6f, rc: 0
01-28 22:58:06.067  1199  1199 D AOC     : F1:MSG: controller.cc, 275: AudioInCtrl: cmd ID: 0x00cd, tag: 0x70 [cntr = 51]
01-28 22:58:06.067  1199  1199 E AOC     : F1:ERR: audio_capture_pdm.cc, 686: Cannot get DMIC power state for mic index 3
01-28 22:58:06.067  1199  1199 E AOC     : F1:ERR: cmd_thread.cc, 326: AUD_CAP_PDM: cmd ID = 0069, rc = -1
01-28 22:58:06.067  1199  1199 E AOC     : F1:ERR: controller.cc, 915: AudioInCtrl: ipc: audio_input_con, cmd ID: 0x00cd, tag: 0x70, rc: -1
01-28 22:58:06.067  1199  1199 D AOC     : F1:MSG: controller.cc, 275: AudioInCtrl: cmd ID: 0x00f7, tag: 0x71 [cntr = 52]
01-28 22:58:06.068  1199  1199 D AOC     : F1:MSG: controller.cc, 919: AudioInCtrl: ipc: audio_input_con, cmd ID: 0x00f7, tag: 0x71, rc: 0
01-28 22:58:06.068  1199  1199 D AOC     : F1:MSG: controller.cc, 275: AudioInCtrl: cmd ID: 0x00fb, tag: 0x72 [cntr = 53]
01-28 22:58:06.068  1199  1199 D AOC     : F1:MSG: controller.cc, 919: AudioInCtrl: ipc: audio_input_con, cmd ID: 0x00fb, tag: 0x72, rc: 0
01-28 22:58:06.068  1199  1199 D AOC     : F1:MSG: controller.cc, 275: AudioInCtrl: cmd ID: 0x00f8, tag: 0x73 [cntr = 54]
01-28 22:58:06.069  1199  1199 D AOC     : F1:MSG: controller.cc, 919: AudioInCtrl: ipc: audio_input_con, cmd ID: 0x00f8, tag: 0x73, rc: 0
01-28 22:58:06.069  1199  1199 D AOC     : F1:MSG: controller.cc, 275: AudioInCtrl: cmd ID: 0x00f9, tag: 0x74 [cntr = 55]
01-28 22:58:06.069  1199  1199 D AOC     : F1:MSG: controller.cc, 919: AudioInCtrl: ipc: audio_input_con, cmd ID: 0x00f9, tag: 0x74, rc: 0
01-28 22:58:06.069  1199  1199 D AOC     : F1:MSG: controller.cc, 275: AudioInCtrl: cmd ID: 0x00fa, tag: 0x75 [cntr = 56]
01-28 22:58:06.070  1199  1199 D AOC     : F1:MSG: controller.cc, 919: AudioInCtrl: ipc: audio_input_con, cmd ID: 0x00fa, tag: 0x75, rc: 0
01-28 22:58:06.070  1199  1199 D AOC     : F1:MSG: controller.cc, 275: AudioOutCtrl: cmd ID: 0x00d3, tag: 0x76 [cntr = 86]
01-28 22:58:06.070  1199  1199 D AOC     : F1:MSG: controller.cc, 919: AudioOutCtrl: ipc: audio_output_co, cmd ID: 0x00d3, tag: 0x1f, rc: 0
01-28 22:58:06.070  1199  1199 D AOC     : F1:MSG: controller.cc, 275: AudioOutCtrl: cmd ID: 0x00d3, tag: 0x77 [cntr = 87]
01-28 22:58:06.070  1199  1199 D AOC     : F1:MSG: controller.cc, 919: AudioOutCtrl: ipc: audio_output_co, cmd ID: 0x00d3, tag: 0x20, rc: 0
01-28 22:58:06.071  1199  1199 D AOC     : F1:MSG: controller.cc, 275: AudioOutCtrl: cmd ID: 0x010d, tag: 0x78 [cntr = 88]
01-28 22:58:06.071  1199  1199 D AOC     : F1:MSG: controller.cc, 919: AudioOutCtrl: ipc: audio_output_co, cmd ID: 0x010d, tag: 0x21, rc: 0
01-28 22:58:06.071  1199  1199 D AOC     : F1:MSG: controller.cc, 275: AudioOutCtrl: cmd ID: 0x010d, tag: 0x79 [cntr = 89]
01-28 22:58:06.071  1199  1199 D AOC     : F1:MSG: controller.cc, 919: AudioOutCtrl: ipc: audio_output_co, cmd ID: 0x010d, tag: 0x22, rc: 0
01-28 22:58:06.071  1199  1199 D AOC     : F1:MSG: controller.cc, 275: AudioOutCtrl: cmd ID: 0x00d3, tag: 0x7a [cntr = 90]
01-28 22:58:06.072  1199  1199 D AOC     : F1:MSG: controller.cc, 919: AudioOutCtrl: ipc: audio_output_co, cmd ID: 0x00d3, tag: 0x09, rc: 0
01-28 22:58:06.072  1199  1199 D AOC     : F1:MSG: controller.cc, 275: AudioOutCtrl: cmd ID: 0x00d3, tag: 0x7b [cntr = 91]
01-28 22:58:06.073  1199  1199 D AOC     : F1:MSG: controller.cc, 919: AudioOutCtrl: ipc: audio_output_co, cmd ID: 0x00d3, tag: 0x0a, rc: 0
01-28 22:58:06.073  1199  1199 D AOC     : F1:MSG: controller.cc, 275: AudioOutCtrl: cmd ID: 0x00f8, tag: 0x7c [cntr = 92]
01-28 22:58:06.073  1199  1199 D AOC     : F1:MSG: controller.cc, 919: AudioOutCtrl: ipc: audio_output_co, cmd ID: 0x00f8, tag: 0x15, rc: 0
01-28 22:58:06.073  1199  1199 D AOC     : F1:MSG: controller.cc, 275: AudioOutCtrl: cmd ID: 0x00f8, tag: 0x7d [cntr = 93]
01-28 22:58:06.073  1199  1199 D AOC     : F1:MSG: controller.cc, 919: AudioOutCtrl: ipc: audio_output_co, cmd ID: 0x00f8, tag: 0x16, rc: 0
01-28 22:58:06.073  1199  1199 D AOC     : F1:MSG: controller.cc, 275: AudioOutCtrl: cmd ID: 0x00f8, tag: 0x7e [cntr = 94]
01-28 22:58:06.073  1199  1199 D AOC     : F1:MSG: controller.cc, 919: AudioOutCtrl: ipc: audio_output_co, cmd ID: 0x00f8, tag: 0x17, rc: 0
01-28 22:58:06.073  1199  1199 D AOC     : F1:MSG: controller.cc, 275: AudioOutCtrl: cmd ID: 0x00fa, tag: 0x7f [cntr = 95]
01-28 22:58:06.073  1199  1199 D AOC     : F1:MSG: controller.cc, 919: AudioOutCtrl: ipc: audio_output_co, cmd ID: 0x00fa, tag: 0x18, rc: 0
01-28 22:58:06.074  1199  1199 D AOC     : F1:MSG: controller.cc, 275: AudioOutCtrl: cmd ID: 0x00fa, tag: 0x80 [cntr = 96]
01-28 22:58:06.074  1199  1199 D AOC     : F1:MSG: controller.cc, 919: AudioOutCtrl: ipc: audio_output_co, cmd ID: 0x00fa, tag: 0x19, rc: 0
01-28 22:58:06.074  1199  1199 D AOC     : F1:MSG: controller.cc, 275: AudioOutCtrl: cmd ID: 0x00fa, tag: 0x81 [cntr = 97]
01-28 22:58:06.074  1199  1199 D AOC     : F1:MSG: controller.cc, 919: AudioOutCtrl: ipc: audio_output_co, cmd ID: 0x00fa, tag: 0x1a, rc: 0
01-28 22:58:06.074   956  1536 W audio_route: Control 'VBSTMON Output Switch' doesn't exist - skipping
01-28 22:58:06.074   956  1536 W audio_route: Control 'R VBSTMON Output Switch' doesn't exist - skipping
01-28 22:58:06.074  1199  1199 D AOC     : F1:MSG: controller.cc, 275: AudioOutCtrl: cmd ID: 0x00fa, tag: 0x82 [cntr = 98]
01-28 22:58:06.074  1199  1199 D AOC     : F1:MSG: controller.cc, 919: AudioOutCtrl: ipc: audio_output_co, cmd ID: 0x00fa, tag: 0x1b, rc: 0
01-28 22:58:06.075  1199  1199 D AOC     : F1:MSG: controller.cc, 275: AudioOutCtrl: cmd ID: 0x00fa, tag: 0x83 [cntr = 99]
01-28 22:58:06.075  1199  1199 D AOC     : F1:MSG: controller.cc, 919: AudioOutCtrl: ipc: audio_output_co, cmd ID: 0x00fa, tag: 0x1c, rc: 0
01-28 22:58:06.075  1199  1199 D AOC     : F1:MSG: controller.cc, 275: AudioInCtrl: cmd ID: 0x00eb, tag: 0x84 [cntr = 57]
01-28 22:58:06.075  1199  1199 D AOC     : F1:MSG: controller.cc, 919: AudioInCtrl: ipc: audio_input_con, cmd ID: 0x00eb, tag: 0x84, rc: 0
01-28 22:58:06.075  1199  1199 D AOC     : F1:MSG: controller.cc, 275: AudioInCtrl: cmd ID: 0x00eb, tag: 0x85 [cntr = 58]
01-28 22:58:06.076  1199  1199 D AOC     : F1:MSG: controller.cc, 919: AudioInCtrl: ipc: audio_input_con, cmd ID: 0x00eb, tag: 0x85, rc: 0
01-28 22:58:06.076   956  1536 W audio_route: Control 'TDM_1_RX Mixer EP8' doesn't exist - skipping
01-28 22:58:06.076  1199  1199 D AOC     : F1:MSG: controller.cc, 275: AudioOutCtrl: cmd ID: 0x0109, tag: 0x86 [cntr = 100]
01-28 22:58:06.076  1199  1199 D AOC     : F1:MSG: controller.cc, 919: AudioOutCtrl: ipc: audio_output_co, cmd ID: 0x0109, tag: 0x0b, rc: 0
01-28 22:58:06.076  1199  1199 D AOC     : F1:MSG: controller.cc, 275: AudioOutCtrl: cmd ID: 0x0127, tag: 0x87 [cntr = 101]
01-28 22:58:06.076  1199  1199 D AOC     : F1:MSG: controller.cc, 919: AudioOutCtrl: ipc: audio_output_co, cmd ID: 0x0127, tag: 0x87, rc: 0
01-28 22:58:06.076  1199  1199 D AOC     : F1:MSG: controller.cc, 275: AudioInCtrl: cmd ID: 0x00eb, tag: 0x88 [cntr = 59]
01-28 22:58:06.076  1199  1199 D AOC     : F1:MSG: controller.cc, 919: AudioInCtrl: ipc: audio_input_con, cmd ID: 0x00eb, tag: 0x88, rc: 0
01-28 22:58:06.077  1199  1199 D AOC     : F1:MSG: controller.cc, 275: AudioInCtrl: cmd ID: 0x00eb, tag: 0x89 [cntr = 60]
01-28 22:58:06.077  1199  1199 D AOC     : F1:MSG: controller.cc, 919: AudioInCtrl: ipc: audio_input_con, cmd ID: 0x00eb, tag: 0x89, rc: 0
01-28 22:58:06.077  1199  1199 D AOC     : F1:MSG: controller.cc, 275: AudioInCtrl: cmd ID: 0x00eb, tag: 0x8a [cntr = 61]
01-28 22:58:06.077  1199  1199 D AOC     : F1:MSG: controller.cc, 919: AudioInCtrl: ipc: audio_input_con, cmd ID: 0x00eb, tag: 0x8a, rc: 0
01-28 22:58:06.077  1199  1199 D AOC     : F1:MSG: controller.cc, 275: AudioInCtrl: cmd ID: 0x00eb, tag: 0x8b [cntr = 62]
01-28 22:58:06.078  1199  1199 D AOC     : F1:MSG: controller.cc, 919: AudioInCtrl: ipc: audio_input_con, cmd ID: 0x00eb, tag: 0x8b, rc: 0
01-28 22:58:06.078  1199  1199 D AOC     : F1:MSG: controller.cc, 275: AudioInCtrl: cmd ID: 0x00eb, tag: 0x8c [cntr = 63]
01-28 22:58:06.078  1199  1199 D AOC     : F1:MSG: controller.cc, 919: AudioInCtrl: ipc: audio_input_con, cmd ID: 0x00eb, tag: 0x8c, rc: 0
01-28 22:58:06.078  1199  1199 D AOC     : H0:MSG: controller.cc, 919: AudOutCtrlH0: ipc: C-AO-H0, cmd ID: 0x00d3, tag: 0x0f, rc: 0
01-28 22:58:06.078  1199  1199 E AOC     : H0:ERR: controller_hf0_audio_output.cc, 657: Block 17 is not registered here.
01-28 22:58:06.078  1199  1199 E AOC     : H0:ERR: controller.cc, 915: AudOutCtrlH0: ipc: C-AO-H0, cmd ID: 0x00d3, tag: 0x1e, rc: -1
01-28 22:58:06.079  1199  1199 D AOC     : H0:MSG: controller.cc, 919: AudOutCtrlH0: ipc: C-AO-H0, cmd ID: 0x00d3, tag: 0x0e, rc: 0
01-28 22:58:06.079  1475  1475 I IntentFirewall: Read new rules (A:0 B:0 S:0)
01-28 22:58:06.079  1199  1199 D AOC     : H0:MSG: controller.cc, 919: AudOutCtrlH0: ipc: C-AO-H0, cmd ID: 0x00d3, tag: 0x0e, rc: 0
01-28 22:58:06.079  1199  1199 D AOC     : H0:MSG: controller.cc, 919: AudOutCtrlH0: ipc: C-AO-H0, cmd ID: 0x00d3, tag: 0x09, rc: 0
01-28 22:58:06.079  1199  1199 D AOC     : H0:MSG: controller.cc, 919: AudOutCtrlH0: ipc: C-AO-H0, cmd ID: 0x00d3, tag: 0x0a, rc: 0
01-28 22:58:06.079  1199  1199 D AOC     : H0:MSG: controller.cc, 919: AudOutCtrlH0: ipc: C-AO-H0, cmd ID: 0x0109, tag: 0x0b, rc: 0
01-28 22:58:06.079  1199  1199 E AOC     : H1:ERR: audio_mixer_voice.cc, 853: AMixMODEM: Could not retrieve PostProcessing status
01-28 22:58:06.080  1475  1475 D DesktopExperienceFlags: Toggle override initialized to: false
01-28 22:58:06.080  1199  1199 D AOC     : H1:MSG: controller.cc, 919: AudOutCtrlH1: ipc: C-AO-H1, cmd ID: 0x00d3, tag: 0x17, rc: 0
01-28 22:58:06.080  1199  1199 D AOC     : H1:SRC for AMixMODEM is set to ON
01-28 22:58:06.080  1199  1199 D AOC     : H1:MSG: controller.cc, 919: AudOutCtrlH1: ipc: C-AO-H1, cmd ID: 0x00d3, tag: 0x18, rc: 0
01-28 22:58:06.081  1199  1199 D AOC     : H1:MSG: controller.cc, 919: AudOutCtrlH1: ipc: C-AO-H1, cmd ID: 0x00ff, tag: 0x19, rc: 0
01-28 22:58:06.081  1199  1199 D AOC     : H1:MSG: controller.cc, 919: AudOutCtrlH1: ipc: C-AO-H1, cmd ID: 0x00ff, tag: 0x1a, rc: 0
01-28 22:58:06.081  1199  1199 D AOC     : H1:MSG: controller.cc, 919: AudOutCtrlH1: ipc: C-AO-H1, cmd ID: 0x00ff, tag: 0x1b, rc: 0
01-28 22:58:06.081  1199  1199 D AOC     : H1:MSG: controller.cc, 919: AudOutCtrlH1: ipc: C-AO-H1, cmd ID: 0x00ff, tag: 0x1c, rc: 0
01-28 22:58:06.081  1199  1199 D AOC     : H1:MSG: controller.cc, 919: AudOutCtrlH1: ipc: C-AO-H1, cmd ID: 0x010c, tag: 0x1d, rc: 0
01-28 22:58:06.081  1199  1199 D AOC     : H1:MSG: controller.cc, 919: AudOutCtrlH1: ipc: C-AO-H1, cmd ID: 0x010c, tag: 0x1e, rc: 0
01-28 22:58:06.081  1199  1199 D AOC     : H1:MSG: controller.cc, 919: AudOutCtrlH1: ipc: C-AO-H1, cmd ID: 0x00d3, tag: 0x1f, rc: 0
01-28 22:58:06.081  1199  1199 D AOC     : H1:MSG: audio_mixer_voice.cc, 875: [AMixMODEM]DL Gain 16 value 0
01-28 22:58:06.081  1199  1199 D AOC     : H1:MSG: controller.cc, 919: AudOutCtrlH1: ipc: C-AO-H1, cmd ID: 0x00d3, tag: 0x20, rc: 0
01-28 22:58:06.082  1200  1458 I aocx    : tapout20 UnregisterAllOutputs
01-28 22:58:06.082  1200  1458 I aocx    : tapout20 UnregisterInput
01-28 22:58:06.082  1200  1458 I aocx    : tapout41 UnregisterAllOutputs
01-28 22:58:06.082  1200  1458 I aocx    : tapout41 UnregisterInput
01-28 22:58:06.082  1200  1458 I aocx    : tapout40 UnregisterAllOutputs
01-28 22:58:06.082  1200  1458 I aocx    : tapout40 UnregisterInput
01-28 22:58:06.082  1200  1458 I aocx    : tapout21 UnregisterAllOutputs
01-28 22:58:06.082  1200  1458 I aocx    : tapout21 UnregisterInput
01-28 22:58:06.082  1200  1458 I aocx    : inject20 UnregisterAllOutputs
01-28 22:58:06.082  1200  1458 I aocx    : inject20 UnregisterInput
01-28 22:58:06.082  1200  1458 I aocx    : inject41 UnregisterAllOutputs
01-28 22:58:06.082  1200  1458 I aocx    : inject41 UnregisterInput
01-28 22:58:06.082  1200  1458 I aocx    : inject40 UnregisterAllOutputs
01-28 22:58:06.082  1200  1458 I aocx    : inject40 UnregisterInput
01-28 22:58:06.082  1200  1458 I aocx    : inject21 UnregisterAllOutputs
01-28 22:58:06.082  1200  1458 I aocx    : inject21 UnregisterInput
01-28 22:58:06.082  1475  1475 D OomAdjuster: Not killing cached processes
01-28 22:58:06.082  1200  1458 I aocx    : Found 4 tap-out buffers, 4 inject buffers
01-28 22:58:06.082  1199  1199 D AOC     : H1:MSG: controller.cc, 919: AudOutCtrlH1: ipc: C-AO-H1, cmd ID: 0x010d, tag: 0x21, rc: 0
01-28 22:58:06.082  1199  1199 D AOC     : H1:MSG: controller.cc, 919: AudOutCtrlH1: ipc: C-AO-H1, cmd ID: 0x010d, tag: 0x22, rc: 0
01-28 22:58:06.082   956  1536 I AHal::Cs35l41Codec: DumpCalibrationData: Dump calibration data ***(Hex)***:
01-28 22:58:06.082   956  1536 I AHal::Cs35l41Codec:   amp_index: 0 Cs35l41Codec amp 
01-28 22:58:06.082   956  1536 I AHal::Cs35l41Codec:   cal_r: 202e (5.89003 ohm)
01-28 22:58:06.082   956  1536 I AHal::Cs35l41Codec:   cal_status: 1
01-28 22:58:06.082   956  1536 I AHal::Cs35l41Codec:   cal_checksum: 202f
01-28 22:58:06.082   956  1536 I AHal::Cs35l41Codec:   cal_ambient: 1d
01-28 22:58:06.082   956  1536 I AHal::Cs35l41Codec:   amp_pcm_gain: 11
01-28 22:58:06.082   956  1536 I AHal::Cs35l41Codec:   digital_pcm_gain: 331
01-28 22:58:06.082   956  1536 I AHal::Cs35l41Codec: DumpCalibrationData: Dump calibration data ***(Hex)***:
01-28 22:58:06.082   956  1536 I AHal::Cs35l41Codec:   amp_index: 1 Cs35l41Codec amp R 
01-28 22:58:06.082   956  1536 I AHal::Cs35l41Codec:   cal_r: 25f5 (6.94749 ohm)
01-28 22:58:06.082   956  1536 I AHal::Cs35l41Codec:   cal_status: 1
01-28 22:58:06.082   956  1536 I AHal::Cs35l41Codec:   cal_checksum: 25f6
01-28 22:58:06.082   956  1536 I AHal::Cs35l41Codec:   cal_ambient: 1d
