01-28 22:58:06.473  1767  1767 I pixel-thermal: Sensor temp stats on basis of threshold initialized for [VIRTUAL-SKIN-SUB-6]
01-28 22:58:06.473  1767  1767 I pixel-thermal: Sensor temp stats on basis of threshold initialized for [VIRTUAL-SKIN-SUB-4]
01-28 22:58:06.474  1767  1767 I pixel-thermal: Sensor temp stats on basis of threshold initialized for [VIRTUAL-SKIN-SUB-2]
01-28 22:58:06.474  1767  1767 I pixel-thermal: Sensor temp stats on basis of threshold initialized for [VIRTUAL-SKIN-SUB-8]
01-28 22:58:06.474  1767  1767 I pixel-thermal: Sensor temp stats on basis of threshold initialized for [VIRTUAL-SKIN-SUB-0]
01-28 22:58:06.474  1767  1767 I pixel-thermal: Sensor Cdev user vote stats on basis of all state initialized for [VIRTUAL-USB-THROTTLING-usbc-port]
01-28 22:58:06.474  1767  1767 I pixel-thermal: Sensor Cdev user vote stats on basis of all state initialized for [VIRTUAL-SKIN-CHARGE-PERSIST-chg_mdis]
01-28 22:58:06.474  1767  1767 I pixel-thermal: Sensor Cdev user vote stats on basis of all state initialized for [VIRTUAL-SKIN-CHARGE-WIRED-chg_mdis]
01-28 22:58:06.474  1767  1767 I pixel-thermal: Sensor Cdev user vote stats on basis of all state initialized for [VIRTUAL-SKIN-GPU-thermal-gpufreq-0]
01-28 22:58:06.474  1767  1767 I pixel-thermal: Sensor Cdev user vote stats on basis of all state initialized for [VIRTUAL-SKIN-SOC-thermal-cpufreq-0]
01-28 22:58:06.474  1767  1767 I pixel-thermal: Sensor Cdev user vote stats on basis of all state initialized for [VIRTUAL-SKIN-SOC-thermal-cpufreq-2]
01-28 22:58:06.474  1767  1767 I pixel-thermal: Sensor Cdev user vote stats on basis of all state initialized for [VIRTUAL-SKIN-SOC-thermal-cpufreq-1]
01-28 22:58:06.474  1767  1767 I pixel-thermal: Sensor Cdev user vote stats on basis of all state initialized for [VIRTUAL-SKIN-SOC-thermal-gpufreq-0]
01-28 22:58:06.474  1767  1767 I pixel-thermal: Sensor Cdev user vote stats on basis of all state initialized for [VIRTUAL-SKIN-SOC-tpu_cooling]
01-28 22:58:06.474  1767  1767 I pixel-thermal: Sensor Cdev user vote stats on basis of all state initialized for [VIRTUAL-SKIN-CPU-HIGH-thermal-cpufreq-0]
01-28 22:58:06.474  1767  1767 I pixel-thermal: Sensor Cdev user vote stats on basis of all state initialized for [VIRTUAL-SKIN-CPU-HIGH-thermal-cpufreq-2]
01-28 22:58:06.474  1767  1767 I pixel-thermal: Sensor Cdev user vote stats on basis of all state initialized for [VIRTUAL-SKIN-CPU-HIGH-thermal-cpufreq-1]
01-28 22:58:06.474  1767  1767 I pixel-thermal: Sensor Cdev user vote stats on basis of all state initialized for [VIRTUAL-SKIN-gxp-cooling]
01-28 22:58:06.474  1767  1767 I pixel-thermal: Sensor Cdev user vote stats on basis of all state initialized for [VIRTUAL-SKIN-CPU-MID-thermal-cpufreq-0]
01-28 22:58:06.474  1767  1767 I pixel-thermal: Sensor Cdev user vote stats on basis of all state initialized for [VIRTUAL-SKIN-CPU-MID-thermal-cpufreq-2]
01-28 22:58:06.474  1767  1767 I pixel-thermal: Sensor Cdev user vote stats on basis of all state initialized for [VIRTUAL-SKIN-CPU-MID-thermal-cpufreq-1]
01-28 22:58:06.474  1767  1767 I pixel-thermal: Sensor Cdev user vote stats on basis of all state initialized for [VIRTUAL-SKIN-CPU-LIGHT-ODPM-thermal-cpufreq-0]
01-28 22:58:06.474  1767  1767 I pixel-thermal: Sensor Cdev user vote stats on basis of all state initialized for [VIRTUAL-SKIN-CPU-LIGHT-ODPM-thermal-cpufreq-2]
01-28 22:58:06.474  1767  1767 I pixel-thermal: Sensor Cdev user vote stats on basis of all state initialized for [VIRTUAL-SKIN-CPU-LIGHT-ODPM-thermal-cpufreq-1]
01-28 22:58:06.474  1767  1767 I pixel-thermal: Thermal Stats Initialized Successfully
01-28 22:58:06.474   666   666 I android.hardware.power-service.pixel.ext-libperfmgr: PowerExt mode THERMAL_VIRTUAL-SKIN-HINT_LIGHT isModeSupported: 1
01-28 22:58:06.474   666   666 I android.hardware.power-service.pixel.ext-libperfmgr: PowerExt mode THERMAL_VIRTUAL-SKIN-HINT_MODERATE isModeSupported: 1
01-28 22:58:06.474   666   666 I android.hardware.power-service.pixel.ext-libperfmgr: PowerExt mode THERMAL_VIRTUAL-SKIN-HINT_SEVERE isModeSupported: 0
01-28 22:58:06.474   666   666 I android.hardware.power-service.pixel.ext-libperfmgr: PowerExt mode THERMAL_VIRTUAL-SKIN-HINT_CRITICAL isModeSupported: 1
01-28 22:58:06.474   666   666 I android.hardware.power-service.pixel.ext-libperfmgr: PowerExt mode THERMAL_VIRTUAL-SKIN-HINT_EMERGENCY isModeSupported: 1
01-28 22:58:06.474   666   666 I android.hardware.power-service.pixel.ext-libperfmgr: PowerExt mode THERMAL_VIRTUAL-SKIN-HINT_SHUTDOWN isModeSupported: 0
01-28 22:58:06.476  1767  1767 I pixel-thermal: Thermal genl register file to watch...
01-28 22:58:06.476  1767  1767 I pixel-thermal: event multicast_id: 3
01-28 22:58:06.476  1767  1767 I pixel-thermal: Added netlink socket membership: event
01-28 22:58:06.476  1767  1767 I pixel-thermal: ThermalWatcherThread started
01-28 22:58:06.476   964  1078 I bthal.bcmproto: first_hci_reset
01-28 22:58:06.476   964  1078 I bthal.bcmproto: first_hci_reset: set buadrate to 115200
01-28 22:58:06.476   964  1078 I bthal.bcmproto: baudrate_change: Sending Update Baud Rate (115200) command
01-28 22:58:06.476   964  1078 I bthal.bcmproto: baudrate_change: Done
01-28 22:58:06.476   964  1078 I bthal.bcmproto: send_hci_reset
01-28 22:58:06.476  1767  1767 I pixel-thermal: Pixel Thermal AIDL Service starting...android.hardware.thermal.IThermal/default
01-28 22:58:06.476  1767  1775 I pixel-thermal: charge_therm:28.99 raw data: charge_therm:28990 
01-28 22:58:06.477  1767  1775 I pixel-thermal: disp_therm:26.893 raw data: disp_therm:26893 
01-28 22:58:06.477  1767  1767 W libbinder.BackendUnifiedServiceManager: Thread Pool max thread count is 0. Cannot cache binder as linkToDeath cannot be implemented. serviceName: android.hardware.thermal.IThermal/default
01-28 22:58:06.477  1767  1767 I pixel-thermal: Pixel Thermal HAL AIDL Service started.
01-28 22:58:06.478  1767  1775 I pixel-thermal: VIRTUAL-SKIN-CPU-LIGHT-ODPM:27.1553 raw data: VIRTUAL-SKIN:27155.3 VIRTUAL-SKIN-CPU-LIGHT-ODPM:27155.3 VIRTUAL-SKIN-SUB-0:26031.2 VIRTUAL-SKIN-SUB-1:26063.1 VIRTUAL-SKIN-SUB-2:26438.5 VIRTUAL-SKIN-SUB-3:26786.1 VIRTUAL-SKIN-SUB-4:26256.8 VIRTUAL-SKIN-SUB-5:26693.3 VIRTUAL-SKIN-SUB-6:26666.6 VIRTUAL-SKIN-SUB-7:26640.2 VIRTUAL-SKIN-SUB-8:27155.3 battery:25900 cam_therm:26869 charge_therm:28990 disp_therm:26893 neutral_therm:27338 north_therm:26682 quiet_therm:26588 soc_therm:29056 usb_pwr_therm:26729 
01-28 22:58:06.478  1767  1775 I pixel-thermal: neutral_therm:27.338 raw data: neutral_therm:27338 
01-28 22:58:06.478  1767  1775 I pixel-thermal: Power data VSYS_PWR_RFFE is under collecting
01-28 22:58:06.478  1767  1775 I pixel-thermal: USB_QUIET_RFFE data is under collecting
01-28 22:58:06.478  1767  1775 I pixel-thermal: VIRTUAL-USB-UI-SUB0 data is under collecting
01-28 22:58:06.478  1767  1775 I pixel-thermal: VIRTUAL-USB-UI data is under collecting
01-28 22:58:06.478  1767  1775 I pixel-thermal: Thermal sensor VIRTUAL-USB-UI is under collecting
01-28 22:58:06.478  1767  1775 I pixel-thermal: thermalWatcherCallbackFunc: data under collecting for sensor: VIRTUAL-USB-UI
01-28 22:58:06.478  1767  1775 I pixel-thermal: cellular-emergency:27.1553 raw data: VIRTUAL-SKIN:27155.3 cellular-emergency:27155.3 
01-28 22:58:06.478  1767  1775 I pixel-thermal: north_therm:26.682 raw data: north_therm:26682 
01-28 22:58:06.478  1767  1775 I pixel-thermal: usb_pwr_therm:26.729 raw data: usb_pwr_therm:26729 
01-28 22:58:06.478  1767  1775 I pixel-thermal: VIRTUAL-SKIN-CPU-MID:27.1553 raw data: VIRTUAL-SKIN:27155.3 VIRTUAL-SKIN-CPU-MID:27155.3 
01-28 22:58:06.478  1767  1775 I pixel-thermal: VIRTUAL-SKIN-HINT:27.1553 raw data: VIRTUAL-SKIN:27155.3 VIRTUAL-SKIN-HINT:27155.3 
01-28 22:58:06.478  1767  1775 I pixel-thermal: VIRTUAL-SKIN-CPU-HIGH:27.1553 raw data: VIRTUAL-SKIN:27155.3 VIRTUAL-SKIN-CPU-HIGH:27155.3 
01-28 22:58:06.478  1767  1775 I pixel-thermal: VIRTUAL-SKIN-SOC:27.1553 raw data: VIRTUAL-SKIN:27155.3 VIRTUAL-SKIN-SOC:27155.3 
01-28 22:58:06.478  1767  1775 I pixel-thermal: VIRTUAL-SKIN:27.1553 raw data: VIRTUAL-SKIN:27155.3 
01-28 22:58:06.478  1767  1775 I pixel-thermal: cam_therm:26.869 raw data: cam_therm:26869 
01-28 22:58:06.478  1767  1775 I pixel-thermal: VIRTUAL-SKIN-GPU:27.1553 raw data: VIRTUAL-SKIN:27155.3 VIRTUAL-SKIN-GPU:27155.3 
01-28 22:58:06.478  1767  1775 I pixel-thermal: soc_therm:29.056 raw data: soc_therm:29056 
01-28 22:58:06.478  1767  1775 I pixel-thermal: VIRTUAL-SKIN-SPEAKER:25.4052 raw data: VIRTUAL-SKIN-SPEAKER:25405.2 VIRTUAL-SKIN-SPEAKER-SUB-0:20853 VIRTUAL-SKIN-SPEAKER-SUB-1:23854.1 VIRTUAL-SKIN-SPEAKER-SUB-2:25405.2 VIRTUAL-SKIN-SPEAKER-SUB-3:25377.9 battery:25900 cam_therm:26869 charge_therm:28990 disp_therm:26893 neutral_therm:27338 north_therm:26682 quiet_therm:26588 soc_therm:29056 usb_pwr_therm:26729 
01-28 22:58:06.478  1767  1775 I pixel-thermal: VIRTUAL-SKIN-CHARGE-WIRED:26.8126 raw data: NO_WLC:1 VIRTUAL-SKIN-CHARGE:26812.6 VIRTUAL-SKIN-CHARGE-SUB-0:26679.7 VIRTUAL-SKIN-CHARGE-SUB-1:24927.2 VIRTUAL-SKIN-CHARGE-SUB-2:26588.1 VIRTUAL-SKIN-CHARGE-SUB-3:26655.5 VIRTUAL-SKIN-CHARGE-SUB-4:26755.3 VIRTUAL-SKIN-CHARGE-SUB-5:26812.6 VIRTUAL-SKIN-CHARGE-SUB-6:24595.4 VIRTUAL-SKIN-CHARGE-WIRED:26812.6 WLC_CHECK:1 battery:25900 cam_therm:26869 charge_therm:28990 disp_therm:26893 neutral_therm:27338 north_therm:26682 quiet_therm:26588 soc_therm:29056 thb_hda:54 usb_pwr_therm:26729 
01-28 22:58:06.478  1767  1775 I pixel-thermal: quiet_therm:26.588 raw data: quiet_therm:26588 
01-28 22:58:06.478  1767  1775 I pixel-thermal: VIRTUAL-SKIN-CHARGE-PERSIST:26.8126 raw data: VIRTUAL-SKIN-CHARGE:26812.6 VIRTUAL-SKIN-CHARGE-PERSIST:26812.6 
01-28 22:58:06.478  1767  1775 I pixel-thermal: Power data VSYS_PWR_RFFE is under collecting
01-28 22:58:06.478  1767  1775 I pixel-thermal: USB_QUIET_RFFE data is under collecting
01-28 22:58:06.478  1767  1775 I pixel-thermal: VIRTUAL-USB-THROTTLING-SUB0 data is under collecting
01-28 22:58:06.478  1767  1775 I pixel-thermal: VIRTUAL-USB-THROTTLING data is under collecting
01-28 22:58:06.478  1767  1775 I pixel-thermal: Thermal sensor VIRTUAL-USB-THROTTLING is under collecting
01-28 22:58:06.478  1767  1775 I pixel-thermal: thermalWatcherCallbackFunc: data under collecting for sensor: VIRTUAL-USB-THROTTLING
01-28 22:58:06.482   966   966 I USF     : USF_API: Registry was loaded, get sensor list.
01-28 22:58:06.484   966   966 I USF     : USF_API: Received SENSOR_LIST of size 43.
01-28 22:58:06.485   964  1773 I bthal.flowcontrol: HciEventPreProcess: HCI Event 0xe Opcode 0xc03 Length 6 handled by bthal.bcmproto
01-28 22:58:06.485   964  1078 I bthal.bcmproto: send_hci_reset: Done (status:0)
01-28 22:58:06.488   964  1773 I bthal.flowcontrol: HciEventPreProcess: HCI Event 0xe Opcode 0xfc79 Length 12 handled by bthal.bcmproto
01-28 22:58:06.488   964  1078 I bthal.bcmproto: read_btbcm_chip_id: 190
01-28 22:58:06.488   964  1078 I bthal.bcmproto: first_hci_reset: return ret (1), count:0
01-28 22:58:06.488   964  1078 I bthal.bcmproto: baudrate_change: Sending Update Baud Rate (4000000) command
01-28 22:58:06.491   964  1773 I bthal.flowcontrol: HciEventPreProcess: HCI Event 0xe Opcode 0xfc18 Length 6 handled by bthal.bcmproto
01-28 22:58:06.491   964  1078 I bthal.bcmproto: baudrate_change: Done
01-28 22:58:06.491   964  1078 I bthal.bcmproto: Check Firmware file:/vendor/firmware/brcm/BCM.hcd
01-28 22:58:06.491   964  1078 I bthal.bcmproto: Firmware file:/vendor/firmware/brcm/BCM.hcd be used
01-28 22:58:06.492   964  1078 I bthal.bcmproto: firmware_download: Looking for patchfile [/vendor/firmware/brcm/BCM.hcd]
01-28 22:58:06.492   964  1078 I bthal.bcmproto: firmware_download: Patchram file size 531328
01-28 22:58:06.492   964  1078 I bthal.bcmproto: enable_fast_download: Sending Set Download Config command
01-28 22:58:06.492   964  1773 I bthal.flowcontrol: HciEventPreProcess: HCI Event 0xe Opcode 0xfe72 Length 6 handled by bthal.bcmproto
01-28 22:58:06.492   964  1078 I bthal.bcmproto: firmware_download: Fast download is supported
01-28 22:58:06.493   964  1078 I bthal.bcmproto: firmware_download: Sending Download Minidrv command
01-28 22:58:06.493   964  1773 I bthal.flowcontrol: HciEventPreProcess: HCI Event 0xe Opcode 0xfc2e Length 6 handled by bthal.bcmproto
01-28 22:58:06.494  1007  1771 W AudioFlinger: no wake lock to update, system not ready yet
01-28 22:58:06.494  1007  1771 D DeviceHalAidl: [default] createAudioPatch: sources: 1 sinks 1
01-28 22:58:06.494  1007  1771 D Hal2AidlMapper: [default] createOrUpdatePatch: patch ID: 0, [disregard IDs] sources: [AudioPortConfig{id: 9, portId: 0, sampleRate: Int{value: 48000}, channelMask: AudioChannelLayout{layoutMask: 1073741827}, format: AudioFormatDescription{type: PCM, pcm: INT_16_BIT, encoding: }, gain: (null), flags: AudioIoFlags{output: 0}, ext: AudioPortExt{mix: AudioPortMixExt{handle: 37, usecase: AudioPortMixExtUseCase{stream: SYS_RESERVED_DEFAULT}, maxOpenStreamCount: 0, maxActiveStreamCount: 0, recommendedMuteDurationMs: 0}}}], sinks: [AudioPortConfig{id: 3, portId: 0, sampleRate: (null), channelMask: (null), format: (null), gain: (null), flags: (null), ext: AudioPortExt{device: AudioPortDeviceExt{device: AudioDevice{type: AudioDeviceDescription{type: OUT_SPEAKER, connection: }, address: AudioDeviceAddress{id: }}, flags: 0, encodedFormats: [], encapsulationModes: 0, encapsulationMetadataTypes: 0, speakerLayout: (null)}}}]
01-28 22:58:06.494  1007  1771 D Hal2AidlMapper: [default] findOrCreatePortConfig: device port config does not have audio or gain config specified
01-28 22:58:06.495  1007  1771 I Hal2AidlMapper: [default] createOrUpdatePatch: Updating transient patch. Current: AudioPatch{id: 4, sourcePortConfigIds: [400004], sinkPortConfigIds: [100001], minimumStreamBufferSizeFrames: 480, latenciesMs: [50]}, new: AudioPatch{id: 4, sourcePortConfigIds: [400004], sinkPortConfigIds: [100001], minimumStreamBufferSizeFrames: 0, latenciesMs: []}
01-28 22:58:06.495   956  1647 I AHal::PortRouteManager: UpdateOrAddPatch: update patch 4, AudioPatch{id: 4, source: [400004/4: haptic-playback], sink: [100001/100001: speaker], min frames: 480, latencies: [50]}
01-28 22:58:06.495   956  1647 I AHal::Router: InvalidateLocked: nothing change between graph #7 and #8
01-28 22:58:06.495   956  1086 I ASvc::StreamOut: getRecommendedLatencyModes: modes = [FREE]
01-28 22:58:06.495   956  1086 D AHal::AudioMetric: UpdatePlaybackMetadata: New Playback Info: PlaybackInfo {}
01-28 22:58:06.495   956  1086 I StHal::SoundTriggerHal: ProcessStreamMetadata: active usage tracks: 0
01-28 22:58:06.495   956  1086 D BTAudioSessionAidl: GetSupportedLatencyModes - SessionType=LE_AUDIO_HARDWARE_OFFLOAD_ENCODING_DATAPATH has NO session
01-28 22:58:06.495   956  1086 D BTAudioSessionAidl: SetLatencyMode - SessionType=LE_AUDIO_HARDWARE_OFFLOAD_ENCODING_DATAPATH has NO session
01-28 22:58:06.495   956  1086 D BTAudioSessionAidl: GetSupportedLatencyModes - SessionType=A2DP_HARDWARE_OFFLOAD_ENCODING_DATAPATH has NO session
01-28 22:58:06.495   956  1086 D BTAudioSessionAidl: SetLatencyMode - SessionType=A2DP_HARDWARE_OFFLOAD_ENCODING_DATAPATH has NO session
01-28 22:58:06.496  1007  1007 V APM_AudioPolicyManager: setOutputDevices() AF::createAudioPatch returned 0 patchHandle 28 num_sources 1 num_sinks 1
01-28 22:58:06.497  1475  1475 W PackageManager: Failed to scan /product/app/DevicePolicyPrebuilt-v10334460: Package com.google.android.apps.work.clouddpc at /product/app/DevicePolicyPrebuilt-v10334460 ignored: updated version 10572820 better than this 10334460
01-28 22:58:06.497  1007  1007 V APM_AudioPolicyManager: computeVolume volume source 13, index 0,  devices 0x2, compute internal 1 
01-28 22:58:06.497  1007  1007 V APM_AudioPolicyManager: computeVolume volume source 14, index 0,  devices 0x2, compute internal 1 
01-28 22:58:06.497  1007  1007 V APM_AudioPolicyManager: computeVolume volume source 15, index 0,  devices 0x2, compute internal 1 
01-28 22:58:06.497  1475  1475 W PackageManager: Failed to scan /product/app/MeetPrebuilt_20250518: Package com.google.android.apps.tachyon at /product/app/MeetPrebuilt_20250518 ignored: updated version 6873145 better than this 6237214
01-28 22:58:06.497  1475  1475 W PackageManager: Failed to scan /product/app/WallpaperAIPrebuilt_10000372: Package com.google.android.apps.aiwallpapers at /product/app/WallpaperAIPrebuilt_10000372 ignored: updated version 10000452 better than this 10000382
01-28 22:58:06.497  1475  1475 W PackageManager: Failed to scan /product/app/SwitchAccessPrebuilt_1.16.0.726766860: Package com.google.android.accessibility.switchaccess at /product/app/SwitchAccessPrebuilt_1.16.0.726766860 ignored: updated version 755 better than this 651
01-28 22:58:06.497  1475  1475 W PackageManager: Failed to scan /product/app/GoogleTTS: Package com.google.android.tts at /product/app/GoogleTTS ignored: updated version 210610884 better than this 210582124
01-28 22:58:06.497  1007  1007 I AudioFlinger: openOutput() this 0xb400007df6e14040, module 10 Device AUDIO_DEVICE_OUT_SPEAKER, @:, SamplingRate 48000, Format 0x000003, Channels 0x3, flags 0x104
01-28 22:58:06.497  1007  1007 D DeviceHalAidl: [default] openOutputStream: handle: 45 devices 2 flags 104 mixPortHalId 5
01-28 22:58:06.498  1475  1475 W PackageManager: Failed to scan /product/app/GoogleContacts: Package com.google.android.contacts at /product/app/GoogleContacts ignored: updated version 3254945 better than this 3239333
01-28 22:58:06.498  1007  1007 D Hal2AidlMapper: [default] prepareToOpenStream: handle 45, mixPortHalId 5, device AudioDevice{type: AudioDeviceDescription{type: OUT_SPEAKER, connection: }, address: AudioDeviceAddress{id: }}, flags AudioIoFlags{output: 260}, source SYS_RESERVED_INVALID, config AudioConfig{base: AudioConfigBase{sampleRate: 48000, channelMask: AudioChannelLayout{layoutMask: 3}, format: AudioFormatDescription{type: PCM, pcm: INT_32_BIT, encoding: }}, offloadInfo: AudioOffloadInfo{base: AudioConfigBase{sampleRate: 0, channelMask: AudioChannelLayout{none: 0}, format: AudioFormatDescription{type: DEFAULT, pcm: DEFAULT, encoding: }}, streamType: VOICE_CALL, bitRatePerSecond: 0, durationUs: 0, hasVideo: false, isStreaming: false, bitWidth: 16, offloadBufferSize: 0, usage: UNKNOWN, encapsulationMode: NONE, contentId: 0, syncId: 0}, frameCount: 0}, mixport config AudioPortConfig{id: 0, portId: 0, sampleRate: (null), channelMask: (null), format: (null), gain: (null), flags: (null), ext: AudioPortExt{unspecified: false}}
01-28 22:58:06.498  1475  1475 W PackageManager: Failed to scan /product/app/WebViewGoogle-Stub: Package com.google.android.webview at /product/app/WebViewGoogle-Stub ignored: updated version 749919333 better than this 699813532
01-28 22:58:06.498   956  1086 I ASvc::Module: setAudioPortConfig: requested = AudioPortConfig{id: 100001, portId: 100001, sampleRate: Int{value: 48000}, channelMask: AudioChannelLayout{layoutMask: 3}, format: AudioFormatDescription{type: PCM, pcm: INT_32_BIT, encoding: }, gain: (null), flags: AudioIoFlags{output: 0}, ext: AudioPortExt{device: AudioPortDeviceExt{device: AudioDevice{type: AudioDeviceDescription{type: OUT_SPEAKER, connection: }, address: AudioDeviceAddress{id: }}, flags: 1, encodedFormats: [], encapsulationModes: 0, encapsulationMetadataTypes: 0, speakerLayout: (null)}}}
01-28 22:58:06.498   956  1086 W AHal::PortRouteManager: UpdatePortConfiguration: format not found in the profile list, requested format: AudioFormatDescription{type: PCM, pcm: INT_32_BIT, encoding: }, use AudioFormatDescription{type: PCM, pcm: FLOAT_32_BIT, encoding: } instead
01-28 22:58:06.498   994  1029 W libbinder.ServiceManagerCppClient: Waited one second for com.google.input.algos.gril.IGrilAntennaTuningService/default (is service started? Number of threads started in the threadpool: 2. Are binder threads started and available?)
01-28 22:58:06.498   956  1086 I ASvc::Module: setAudioPortConfig: requested = AudioPortConfig{id: 100001, portId: 100001, sampleRate: Int{value: 48000}, channelMask: AudioChannelLayout{layoutMask: 3}, format: AudioFormatDescription{type: PCM, pcm: FLOAT_32_BIT, encoding: }, gain: (null), flags: AudioIoFlags{output: 0}, ext: AudioPortExt{device: AudioPortDeviceExt{device: AudioDevice{type: AudioDeviceDescription{type: OUT_SPEAKER, connection: }, address: AudioDeviceAddress{id: }}, flags: 1, encodedFormats: [], encapsulationModes: 0, encapsulationMetadataTypes: 0, speakerLayout: (null)}}}
01-28 22:58:06.498   956  1086 I AHal::PortRouteManager: UpdatePortConfiguration: update config 100001 on speaker/100001
01-28 22:58:06.499   956  1086 I ASvc::Module: setAudioPortConfig: requested = AudioPortConfig{id: 0, portId: 5, sampleRate: Int{value: 48000}, channelMask: AudioChannelLayout{layoutMask: 3}, format: AudioFormatDescription{type: PCM, pcm: INT_32_BIT, encoding: }, gain: (null), flags: AudioIoFlags{output: 260}, ext: AudioPortExt{mix: AudioPortMixExt{handle: 45, usecase: AudioPortMixExtUseCase{unspecified: false}, maxOpenStreamCount: 0, maxActiveStreamCount: 0, recommendedMuteDurationMs: 0}}}
01-28 22:58:06.499   956  1086 I AHal::PortRouteManager: AddPortConfiguration: add config 400005 on raw-playback/5
01-28 22:58:06.499   956  1086 I AHal::PortRouteManager: UpdateOrAddPatch: add patch 5, AudioPatch{id: 5, source: [400005/5: raw-playback], sink: [100001/100001: speaker], min frames: 240, latencies: [25]}
01-28 22:58:06.499  1475  1475 W PackageManager: Failed to scan /product/app/SoundAmplifierPrebuilt_v4.8.758106410: Package com.google.android.accessibility.soundamplifier at /product/app/SoundAmplifierPrebuilt_v4.8.758106410 ignored: updated version 234992 better than this 234224
01-28 22:58:06.499  1475  1475 W PackageManager: Failed to parse /product/app/WebViewGoogle: Missing base APK in /product/app/WebViewGoogle
01-28 22:58:06.499  1475  1475 W PackageManager: Failed to parse /product/app/TrichromeLibrary: Missing base APK in /product/app/TrichromeLibrary
01-28 22:58:06.499   956  1086 I AHal::Router: InvalidateLocked: nothing change between graph #8 and #9
01-28 22:58:06.499   516  1776 W libc    : Unable to set property "ctl.interface_start" to "aidl/com.google.input.algos.gril.IGrilAntennaTuningService/default": PROP_ERROR_HANDLE_CONTROL_MESSAGE (0x20)
01-28 22:58:06.499   956  1086 I ASvc::Module: openOutputStream: open output stream on the port config 400005, bufferSizeFrames = 240, sourceMetadata = SourceMetadata{tracks: [PlaybackTrackMetadata{usage: UNKNOWN, contentType: UNKNOWN, gain: 0.000000, channelMask: AudioChannelLayout{none: 0}, sourceDevice: (null), tags: []}]}, offloadInfo = nullopt
01-28 22:58:06.500  1475  1475 W PackageManager: Failed to scan /product/app/TrichromeLibrary-Stub: Package com.google.android.trichromelibrary_699813532 at /product/app/TrichromeLibrary-Stub ignored: updated version 699813532 better than this 699813532
01-28 22:58:06.500  1475  1475 W PackageManager: Failed to scan /product/app/arcore-1.48: Package com.google.ar.core at /product/app/arcore-1.48 ignored: updated version 253140493 better than this 250340293
01-28 22:58:06.500  1475  1475 W PackageManager: Failed to scan /product/app/SoundPickerPrebuilt_33000242: Package com.google.android.soundpicker at /product/app/SoundPickerPrebuilt_33000242 ignored: updated version 33000332 better than this 33000242
01-28 22:58:06.500   956  1086 I ASvc::Queues: InitializeMessageQueues: data queue size 1920 bytes
01-28 22:58:06.500  1475  1475 W PackageManager: Failed to scan /product/app/CalculatorGooglePrebuilt_85006267: Package com.google.android.calculator at /product/app/CalculatorGooglePrebuilt_85006267 ignored: updated version 85006863 better than this 85006267
01-28 22:58:06.501   956  1086 D ASvc::Queues: FillStreamDescriptor: StreamDescriptor{command: MQDescriptor{grantors: [GrantorDescriptor{fdIndex: 0, offset: 0, extent: 8}, GrantorDescriptor{fdIndex: 0, offset: 8, extent: 8}, GrantorDescriptor{fdIndex: 0, offset: 16, extent: 8}, GrantorDescriptor{fdIndex: 0, offset: 24, extent: 4}], handle: NativeHandle{fds: [fd:30], ints: []}, quantum: 8, flags: 1}, reply: MQDescriptor{grantors: [GrantorDescriptor{fdIndex: 0, offset: 0, extent: 8}, GrantorDescriptor{fdIndex: 0, offset: 8, extent: 8}, GrantorDescriptor{fdIndex: 0, offset: 16, extent: 56}, GrantorDescriptor{fdIndex: 0, offset: 72, extent: 4}], handle: NativeHandle{fds: [fd:31], ints: []}, quantum: 56, flags: 1}, frameSizeBytes: 8, bufferSizeFrames: 240, audio: AudioBuffer{fmq: MQDescriptor{grantors: [GrantorDescriptor{fdIndex: 0, offset: 0, extent: 8}, GrantorDescriptor{fdIndex: 0, offset: 8, extent: 8}, GrantorDescriptor{fdIndex: 0, offset: 16, extent: 1920}, GrantorDescriptor{fdIndex: 0, offset: 1936, extent: 4}], handle: NativeHandle{fds: [fd:32], ints: []}, quantum: 1, flags: 1}}}
01-28 22:58:06.501   956  1777 I AUtl::Worker: Loop: pw-raw-playback started
01-28 22:58:06.501  1475  1475 W PackageManager: Failed to scan /product/app/PrebuiltGmail: Package com.google.android.gm at /product/app/PrebuiltGmail ignored: updated version 65512427 better than this 65299372
01-28 22:58:06.501  1475  1475 W PackageManager: Failed to scan /product/app/Photos: Package com.google.android.apps.photos at /product/app/Photos ignored: updated version 51219076 better than this 50050824
01-28 22:58:06.501   956  1778 I AUtl::Worker: Loop: cw-raw-playback started
01-28 22:58:06.501   956  1086 D BTAudioSessionAidl: GetSupportedLatencyModes - SessionType=LE_AUDIO_HARDWARE_OFFLOAD_ENCODING_DATAPATH has NO session
01-28 22:58:06.501   956  1086 D BTAudioSessionAidl: SetLatencyMode - SessionType=LE_AUDIO_HARDWARE_OFFLOAD_ENCODING_DATAPATH has NO session
01-28 22:58:06.501   956  1086 D BTAudioSessionAidl: GetSupportedLatencyModes - SessionType=A2DP_HARDWARE_OFFLOAD_ENCODING_DATAPATH has NO session
01-28 22:58:06.501   956  1086 D BTAudioSessionAidl: SetLatencyMode - SessionType=A2DP_HARDWARE_OFFLOAD_ENCODING_DATAPATH has NO session
01-28 22:58:06.501   956  1086 I ASvc::Module: openOutputStream: create raw-playback(0xb400007062cd5690)
01-28 22:58:06.502  1007  1007 D StreamHalAidl: [out|ioHandle:45] StreamHalAidl
01-28 22:58:06.502  1007  1007 D StreamHalAidl: [out|ioHandle:45] getAudioProperties
01-28 22:58:06.502  1475  1475 W PackageManager: Failed to scan /product/app/WallpaperEmojiPrebuilt-foldable-wallpaper: Package com.google.android.apps.emojiwallpaper at /product/app/WallpaperEmojiPrebuilt-foldable-wallpaper ignored: updated version 6854 better than this 6454
01-28 22:58:06.502   956  1086 I ASvc::StreamCommonImpl: setVendorParameters: parameter = [VendorParameter{id: aosp.createMmapBuffer, ext: AParcelableHolder}]
01-28 22:58:06.502  1475  1475 W PackageManager: Failed to scan /product/app/LatinIMEGooglePrebuilt: Package com.google.android.inputmethod.latin at /product/app/LatinIMEGooglePrebuilt ignored: updated version 175587354 better than this 175370066
01-28 22:58:06.502  1007  1007 D StreamHalAidl: [out|ioHandle:45] getFrameSize
01-28 22:58:06.502  1007  1007 D StreamHalAidl: [out|ioHandle:45] getAudioProperties
01-28 22:58:06.502  1475  1475 W PackageManager: Failed to scan /product/app/YouTube: Package com.google.android.youtube at /product/app/YouTube ignored: updated version 1557398976 better than this 1553337816
01-28 22:58:06.502  1007  1007 D StreamHalAidl: [out|ioHandle:45] getAudioProperties
01-28 22:58:06.502  1007  1007 D StreamHalAidl: [out|ioHandle:45] getBufferSize
01-28 22:58:06.502  1007  1007 I StreamHalAidl: [out|ioHandle:45] getBufferSize: size: 1920
01-28 22:58:06.502  1007  1007 I AudioFlinger: HAL output buffer size 240 frames, normal sink buffer size 960 frames
01-28 22:58:06.503  1007  1007 D StreamHalAidl: [out|ioHandle:45] getBufferSize
01-28 22:58:06.503  1007  1007 I StreamHalAidl: [out|ioHandle:45] getBufferSize: size: 1920
01-28 22:58:06.503  1007  1007 D StreamHalAidl: [out|ioHandle:45] getAudioProperties
01-28 22:58:06.503  1007  1007 W libutils.threads: Thread (this=0xb400007f722053c0): getTid() is undefined before run()
01-28 22:58:06.503   956  1086 I ASvc::StreamOut: getRecommendedLatencyModes: modes = [FREE]
01-28 22:58:06.503  1007  1007 D AudioFlinger: updateHalSupportedLatencyModes_l: thread(45) status 0 supported latency modes: { FREE }
01-28 22:58:06.503  1007  1780 I AudioFlinger: AudioFlinger's thread 0xb400007f722ed790 tid=1780 ready to run
01-28 22:58:06.503  1007  1780 W AudioFlinger: no wake lock to update, system not ready yet
01-28 22:58:06.503  1007  1007 V APM_AudioPolicyManager: checkAndSetVolume if deviceTypes is change from none to device 0x2, need get index 0
01-28 22:58:06.503  1007  1780 D StreamHalAidl: [out|ioHandle:45] standby
01-28 22:58:06.503  1007  1007 V APM_AudioPolicyManager: checkAndSetVolume if deviceTypes is change from none to device 0x2, need get index 0
01-28 22:58:06.503  1007  1007 V APM_AudioPolicyManager: checkAndSetVolume if deviceTypes is change from none to device 0x2, need get index 0
01-28 22:58:06.503  1007  1007 V APM_AudioPolicyManager: checkAndSetVolume if deviceTypes is change from none to device 0x2, need get index 0
01-28 22:58:06.503  1007  1007 V APM_AudioPolicyManager: checkAndSetVolume if deviceTypes is change from none to device 0x2, need get index 0
01-28 22:58:06.503  1007  1007 V APM_AudioPolicyManager: checkAndSetVolume if deviceTypes is change from none to device 0x2, need get index 0
01-28 22:58:06.503  1007  1007 V APM_AudioPolicyManager: checkAndSetVolume if deviceTypes is change from none to device 0x2, need get index 0
01-28 22:58:06.503  1475  1475 W PackageManager: Failed to scan /product/app/Maps: Package com.google.android.apps.maps at /product/app/Maps ignored: updated version 1068404646 better than this 1068224018
01-28 22:58:06.503  1007  1007 V APM_AudioPolicyManager: checkAndSetVolume if deviceTypes is change from none to device 0x2, need get index 0
01-28 22:58:06.503  1007  1007 V APM_AudioPolicyManager: checkAndSetVolume if deviceTypes is change from none to device 0x2, need get index 0
01-28 22:58:06.503  1007  1007 V APM_AudioPolicyManager: checkAndSetVolume if deviceTypes is change from none to device 0x2, need get index 0
01-28 22:58:06.503  1007  1007 V APM_AudioPolicyManager: checkAndSetVolume if deviceTypes is change from none to device 0x2, need get index 0
01-28 22:58:06.503  1007  1007 V APM_AudioPolicyManager: checkAndSetVolume if deviceTypes is change from none to device 0x2, need get index 0
01-28 22:58:06.503  1007  1007 V APM_AudioPolicyManager: checkAndSetVolume if deviceTypes is change from none to device 0x2, need get index 0
01-28 22:58:06.503  1007  1007 V APM_AudioPolicyManager: computeVolume volume source 13, index 0,  devices 0x2, compute internal 1 
01-28 22:58:06.503  1007  1007 V APM_AudioPolicyManager: checkAndSetVolume if deviceTypes is change from none to device 0x2, need get index 0
01-28 22:58:06.503  1007  1007 V APM_AudioPolicyManager: computeVolume volume source 14, index 0,  devices 0x2, compute internal 1 
01-28 22:58:06.503  1007  1007 V APM_AudioPolicyManager: checkAndSetVolume if deviceTypes is change from none to device 0x2, need get index 0
01-28 22:58:06.503  1007  1007 V APM_AudioPolicyManager: computeVolume volume source 15, index 0,  devices 0x2, compute internal 1 
01-28 22:58:06.503  1475  1475 W PackageManager: Failed to scan /product/app/Videos: Package com.google.android.videos at /product/app/Videos ignored: updated version 439554191 better than this 439401431
01-28 22:58:06.503  1475  1475 W PackageManager: Failed to scan /product/app/VoiceAccessPrebuilt: Package com.google.android.apps.accessibility.voiceaccess at /product/app/VoiceAccessPrebuilt ignored: updated version 113310 better than this 106664
01-28 22:58:06.504  1007  1007 V APM_AudioPolicyManager: selectOutputForMusicEffects selected output 13
01-28 22:58:06.504  1007  1007 V APM_AudioPolicyManager: setOutputDevices caller onNewAudioModulesAvailableInt[[portId:11][io:45, raw-playback]] device {AUDIO_DEVICE_OUT_SPEAKER, @:} delayMs 0
01-28 22:58:06.504  1007  1007 V APM_AudioPolicyManager: setOutputDevices caller onNewAudioModulesAvailableInt[[portId:11][io:45, raw-playback]] prevDevice {AUDIO_DEVICE_OUT_SPEAKER, @:}
01-28 22:58:06.505  1475  1475 W PackageManager: Failed to scan /product/app/talkback: Package com.google.android.marvin.talkback at /product/app/talkback ignored: updated version 60192274 better than this 60162622
01-28 22:58:06.505  1475  1475 W PackageManager: Failed to scan /product/app/Drive: Package com.google.android.apps.docs at /product/app/Drive ignored: updated version 214316707 better than this 214066615
01-28 22:58:06.505  1475  1475 W PackageManager: Failed to scan /product/app/CalendarGooglePrebuilt: Package com.google.android.calendar at /product/app/CalendarGooglePrebuilt ignored: updated version 2018015783 better than this 2017693769
01-28 22:58:06.505  1007  1007 I APM::AudioPolicyEngine: getDevicesForStrategyInt no device found for strategy 8
01-28 22:58:06.505  1007  1007 V APM_AudioPolicyManager: setOutputDevices caller onNewAudioModulesAvailableInt[[portId:11][io:45, raw-playback]] changing device to {AUDIO_DEVICE_OUT_SPEAKER, @:}
01-28 22:58:06.507   967  1037 I CHRE    : @  17.199: CHPP GNSS: RX RESET packet seq=0 err=0
01-28 22:58:06.507   967  1037 I CHRE    : @  17.200: CHPP GNSS: Timesync client reset
01-28 22:58:06.511  1475  1475 W PackageManager: Failed to scan /system_ext/priv-app/DeviceConnectivityServicePrebuilt_25.04.00: Package com.google.android.apps.pixel.dcservice at /system_ext/priv-app/DeviceConnectivityServicePrebuilt_25.04.00 ignored: updated version 21836 better than this 9653
01-28 22:58:06.515   966   966 I USF     : USF_API: Setting SensorInfo list.
01-28 22:58:06.515   966   966 I USF     : USF_API: Sensor-List[43]@V1:
01-28 22:58:06.515   966   966 I USF     : USF_API:   Device Orientation-t:16 p:0 sid:0 h:60
01-28 22:58:06.515   966   966 I USF     : USF_API:   Tilt Sensor-t:31 p:0 sid:0 h:59
01-28 22:58:06.515   966   966 I USF     : USF_API:   Step Detector-t:29 p:0 sid:0 h:58
01-28 22:58:06.515   966   966 I USF     : USF_API:   Step Counter-t:30 p:0 sid:0 h:57
01-28 22:58:06.515   966   966 I USF     : USF_API:   Significant Motion-t:28 p:0 sid:0 h:56
01-28 22:58:06.515   966   966 I USF     : USF_API:   Proximity Gated Single Tap Gesture-t:25 p:0 sid:0 h:55
01-28 22:58:06.515   966   966 I USF     : USF_API:   Rotation Vector Sensor-t:27 p:0 sid:0 h:54
01-28 22:58:06.515   966   966 I USF     : USF_API:   Quick Pickup Sensor-t:52 p:0 sid:0 h:53
01-28 22:58:06.515   966   966 I USF     : USF_API:   Orientation Sensor-t:24 p:0 sid:0 h:52
01-28 22:58:06.515   966   966 I USF     : USF_API:   Proximity Gated Long Press Gesture-t:51 p:0 sid:0 h:51
01-28 22:58:06.515   966   966 I USF     : USF_API:   Linear Acceleration Sensor-t:23 p:0 sid:0 h:50
01-28 22:58:06.515   966   966 I USF     : USF_API:   Gravity Sensor-t:22 p:0 sid:0 h:49
01-28 22:58:06.515   966   966 I USF     : USF_API:   Geomagnetic Rotation Vector Sensor-t:21 p:0 sid:0 h:48
01-28 22:58:06.515   966   966 I USF     : USF_API:   Game Rotation Vector Sensor-t:20 p:0 sid:0 h:47
01-28 22:58:06.515   966   966 I USF     : USF_API:   Double Twist-t:18 p:0 sid:0 h:46
01-28 22:58:06.515   966   966 I USF     : USF_API:   Lift to Wake Sensor-t:17 p:0 sid:0 h:45
01-28 22:58:06.515   966   966 I USF     : USF_API:   Binned Brightness-t:14 p:0 sid:0 h:44
01-28 22:58:06.515   966   966 I USF     : USF_API:   Auto Brightness-t:48 p:0 sid:0 h:43
01-28 22:58:06.515   966   966 I USF     : USF_API:   Proximity(Voice Calls) Sensor-t:69 p:0 sid:0 h:42
01-28 22:58:06.516   966   966 I USF     : USF_API:   Motion State-t:70 p:0 sid:0 h:41
01-28 22:58:06.516   966   966 I USF     : USF_API:   AAD Proximity Sensor-t:68 p:0 sid:0 h:40
01-28 22:58:06.516   966   966 I USF     : USF_API:   Camera V-Sync 2-t:11 p:0 sid:0 h:39
01-28 22:58:06.516   966   966 I USF     : USF_API:   Camera V-Sync 1-t:11 p:0 sid:0 h:38
01-28 22:58:06.516   966   966 I USF     : USF_API:   Camera V-Sync 0-t:11 p:0 sid:0 h:37
01-28 22:58:06.516   966   966 I USF     : USF_API:   ICM45631 FreeFall Detect-t:66 p:0 sid:0 h:36
01-28 22:58:06.516   966   966 I USF     : USF_API:   ICM45631 Stationary Detect-t:33 p:0 sid:0 h:35
01-28 22:58:06.516   966   966 I USF     : USF_API:   ICM45631 Motion Detect-t:32 p:0 sid:0 h:34
01-28 22:58:06.516   966   966 I USF     : USF_API:   ICM45631 Temperature-t:8 p:0 sid:0 h:33
01-28 22:58:06.516   966   966 I USF     : USF_API:   ICM45631 Gyroscope-t:2 p:0 sid:0 h:32
01-28 22:58:06.516   966   966 I USF     : USF_API:   ICM45631 Accelerometer-t:1 p:0 sid:0 h:31
01-28 22:58:06.516   966   966 I USF     : USF_API:   ICP20100 Temperature-t:5 p:0 sid:0 h:30
01-28 22:58:06.516   966   966 I USF     : USF_API:   ICP20100 Pressure Sensor-t:4 p:0 sid:0 h:29
01-28 22:58:06.516   966   966 I USF     : USF_API:   MMC56X3X Magnetometer-t:6 p:0 sid:0 h:28
01-28 22:58:06.516   966   966 I USF     : USF_API:   TMD3719 Temperature-t:36 p:0 sid:0 h:27
01-28 22:58:06.516   966   966 I USF     : USF_API:   ALSP Fusion Info-t:74 p:0 sid:0 h:26
01-28 22:58:06.516   966   966 I USF     : USF_API:   TMD3719 Proximity-t:3 p:0 sid:0 h:25
01-28 22:58:06.516   966   966 I USF     : USF_API:   TMD3719 Ambient Light Raw-t:54 p:0 sid:0 h:24
01-28 22:58:06.516   966   966 I USF     : USF_API:   TMD3719 Ambient Light-t:9 p:0 sid:0 h:23
01-28 22:58:06.516   966   966 I USF     : USF_API:   Touch Long Press Sensor-t:55 p:0 sid:0 h:22
01-28 22:58:06.516   966   966 I USF     : USF_API:   Touch Single Tap Sensor-t:34 p:0 sid:0 h:21
01-28 22:58:06.516   966   966 I USF     : USF_API:   VD6282 Rear Light Sensor-t:46 p:0 sid:0 h:20
01-28 22:58:06.516   966   966 I USF     : USF_API:   VD6282 Flicker Sensor-t:13 p:0 sid:0 h:19
01-28 22:58:06.516   966   966 I USF     : USF_API:   VD6282 Spectral Sensor-t:12 p:0 sid:0 h:18
01-28 22:58:06.516   966   966 I USF     : USF_API: SensorInfo list has been set.
01-28 22:58:06.516   966   966 I USF     : USF_API: Successfully initialized USF services for USF API.
01-28 22:58:06.516   967  1037 I CHRE    : @  17.211: CHPP GNSS: Discovered 1 services
01-28 22:58:06.516   966   966 I Lyric   : spectral_driver.cc:334: SpectralDriver created successfully.
01-28 22:58:06.516   966  1782 I Lyric   : spectral_driver.cc:195: Session id: 0 is already off.
01-28 22:58:06.516   966  1783 I Lyric   : spectral_driver.cc:511: Flicker sampling has been disabled.
01-28 22:58:06.517   966   966 I Lyric   : lwis_buffer_controller.cc:13: Partial CPU Cache sync is enabled
01-28 22:58:06.518   967  1037 I CHRE    : @  17.213: CHPP GNSS: First timesync offset=-186ms at t=17213
01-28 22:58:06.519   966   966 W Lyric   : tuning_provider_base.cc:65: /apex/com.google.pixel.camera.hal/etc/lib64/camera/. is not a binarypb.
01-28 22:58:06.519   966   966 W Lyric   : tuning_provider_base.cc:65: /apex/com.google.pixel.camera.hal/etc/lib64/camera/.. is not a binarypb.
01-28 22:58:06.520   966   966 W Lyric   : tuning_provider_base.cc:65: /apex/com.google.pixel.camera.hal/etc/lib64/camera/tuning_ocl.txt is not a binarypb.
01-28 22:58:06.521   967  1037 D CHRE    : @  17.216: Opened GNSS PAL version 0x01040000
01-28 22:58:06.524  1475  1475 I ApexManager: Registering com.google.android.appsearch.apk as apk-in-apex of com.android.appsearch
01-28 22:58:06.524  1475  1475 I ApexManager: Registering com.google.android.nfc as apk-in-apex of com.android.nfcservices
01-28 22:58:06.525  1475  1475 I ApexManager: Registering com.android.nfc as apk-in-apex of com.android.nfcservices
01-28 22:58:06.525  1475  1475 I ApexManager: Registering com.google.android.uwb.resources as apk-in-apex of com.android.uwb
01-28 22:58:06.525  1475  1475 I ApexManager: Registering com.google.android.rkpdapp as apk-in-apex of com.android.rkpd
01-28 22:58:06.526  1475  1475 I ApexManager: Registering com.google.android.wifi.resources as apk-in-apex of com.android.wifi
01-28 22:58:06.526  1475  1475 I ApexManager: Registering com.google.android.wifi.dialog as apk-in-apex of com.android.wifi
01-28 22:58:06.526  1475  1475 I ApexManager: Registering com.google.android.hotspot2.osulogin as apk-in-apex of com.android.wifi
01-28 22:58:06.527  1475  1475 I ApexManager: Registering com.google.android.healthconnect.controller as apk-in-apex of com.android.healthfitness
01-28 22:58:06.527  1475  1475 I ApexManager: Registering com.google.android.health.connect.backuprestore as apk-in-apex of com.android.healthfitness
01-28 22:58:06.528  1475  1475 I ApexManager: Registering com.google.android.networkstack.tethering as apk-in-apex of com.android.tethering
01-28 22:58:06.528  1475  1475 I ApexManager: Registering com.google.android.connectivity.resources as apk-in-apex of com.android.tethering
01-28 22:58:06.529  1475  1475 I ApexManager: Registering com.google.android.server.deviceconfig.resources as apk-in-apex of com.android.configinfrastructure
01-28 22:58:06.529  1475  1475 I ApexManager: Registering com.android.cts.priv.ctsshim as apk-in-apex of com.android.apex.cts.shim
01-28 22:58:06.530  1475  1475 I ApexManager: Registering com.android.cts.ctsshim as apk-in-apex of com.android.apex.cts.shim
01-28 22:58:06.530  1475  1475 I ApexManager: Registering com.google.android.safetycenter.resources as apk-in-apex of com.android.permission
01-28 22:58:06.531  1475  1475 I ApexManager: Registering com.google.android.permissioncontroller as apk-in-apex of com.android.permission
01-28 22:58:06.531  1475  1475 I ApexManager: Registering com.google.android.compos.payload as apk-in-apex of com.android.compos
01-28 22:58:06.532  1475  1475 I ApexManager: Registering com.google.android.bluetooth as apk-in-apex of com.android.bt
01-28 22:58:06.532  1475  1475 I ApexManager: Registering com.google.android.providers.media.module as apk-in-apex of com.android.mediaprovider
01-28 22:58:06.533  1475  1475 I ApexManager: Registering com.google.android.photopicker as apk-in-apex of com.android.mediaprovider
01-28 22:58:06.533  1475  1475 I ApexManager: Registering com.google.android.ext.services as apk-in-apex of com.android.extservices
01-28 22:58:06.534  1475  1475 I ApexManager: Registering com.google.android.ondevicepersonalization.services as apk-in-apex of com.android.ondevicepersonalization
01-28 22:58:06.534  1475  1475 I ApexManager: Registering com.google.android.federatedcompute as apk-in-apex of com.android.ondevicepersonalization
01-28 22:58:06.534  1475  1475 I ApexManager: Registering com.android.virtualization.terminal as apk-in-apex of com.android.virt
01-28 22:58:06.535  1475  1475 I ApexManager: Registering com.google.android.virtualmachine.res as apk-in-apex of com.android.virt
01-28 22:58:06.535  1475  1475 I ApexManager: Registering com.google.android.microdroid.empty_payload as apk-in-apex of com.android.virt
01-28 22:58:06.536  1475  1475 I ApexManager: Registering com.android.devicelockcontroller as apk-in-apex of com.android.devicelock
01-28 22:58:06.536  1475  1475 I ApexManager: Registering com.google.android.adservices.api as apk-in-apex of com.android.adservices
01-28 22:58:06.537  1475  1475 I ApexManager: Registering com.google.android.sdksandbox as apk-in-apex of com.android.adservices
01-28 22:58:06.537  1475  1475 I ApexManager: Registering com.google.android.cellbroadcastreceiver as apk-in-apex of com.android.cellbroadcast
01-28 22:58:06.537  1007  1780 W AudioFlinger: no wake lock to update, system not ready yet
01-28 22:58:06.538  1007  1780 D DeviceHalAidl: [default] createAudioPatch: sources: 1 sinks 1
01-28 22:58:06.538  1475  1475 I ApexManager: Registering com.google.android.cellbroadcastservice as apk-in-apex of com.android.cellbroadcast
01-28 22:58:06.538  1007  1780 D Hal2AidlMapper: [default] createOrUpdatePatch: patch ID: 0, [disregard IDs] sources: [AudioPortConfig{id: 11, portId: 0, sampleRate: Int{value: 48000}, channelMask: AudioChannelLayout{layoutMask: 3}, format: AudioFormatDescription{type: PCM, pcm: INT_32_BIT, encoding: }, gain: (null), flags: AudioIoFlags{output: 260}, ext: AudioPortExt{mix: AudioPortMixExt{handle: 45, usecase: AudioPortMixExtUseCase{stream: SYS_RESERVED_DEFAULT}, maxOpenStreamCount: 0, maxActiveStreamCount: 0, recommendedMuteDurationMs: 0}}}], sinks: [AudioPortConfig{id: 3, portId: 0, sampleRate: (null), channelMask: (null), format: (null), gain: (null), flags: (null), ext: AudioPortExt{device: AudioPortDeviceExt{device: AudioDevice{type: AudioDeviceDescription{type: OUT_SPEAKER, connection: }, address: AudioDeviceAddress{id: }}, flags: 0, encodedFormats: [], encapsulationModes: 0, encapsulationMetadataTypes: 0, speakerLayout: (null)}}}]
01-28 22:58:06.538  1007  1780 D Hal2AidlMapper: [default] findOrCreatePortConfig: device port config does not have audio or gain config specified
01-28 22:58:06.538  1007  1780 I Hal2AidlMapper: [default] createOrUpdatePatch: Updating transient patch. Current: AudioPatch{id: 5, sourcePortConfigIds: [400005], sinkPortConfigIds: [100001], minimumStreamBufferSizeFrames: 240, latenciesMs: [25]}, new: AudioPatch{id: 5, sourcePortConfigIds: [400005], sinkPortConfigIds: [100001], minimumStreamBufferSizeFrames: 0, latenciesMs: []}
01-28 22:58:06.538  1475  1475 W OverlayConfig: partition_order.xml does not exist.
01-28 22:58:06.538   956  1086 I AHal::PortRouteManager: UpdateOrAddPatch: update patch 5, AudioPatch{id: 5, source: [400005/5: raw-playback], sink: [100001/100001: speaker], min frames: 240, latencies: [25]}
01-28 22:58:06.538   967  1037 D CHRE    : @  17.233: Load manager load complete...
01-28 22:58:06.538   967  1037 D CHRE    : @  17.233: Instance ID 8 assigned to app ID 0x476f6f676c001019
01-28 22:58:06.538   956  1086 I AHal::Router: InvalidateLocked: nothing change between graph #9 and #10
01-28 22:58:06.539   956  1086 I ASvc::StreamOut: getRecommendedLatencyModes: modes = [FREE]
01-28 22:58:06.539   956  1086 D BTAudioSessionAidl: GetSupportedLatencyModes - SessionType=LE_AUDIO_HARDWARE_OFFLOAD_ENCODING_DATAPATH has NO session
01-28 22:58:06.539   956  1086 D BTAudioSessionAidl: SetLatencyMode - SessionType=LE_AUDIO_HARDWARE_OFFLOAD_ENCODING_DATAPATH has NO session
01-28 22:58:06.539   956  1086 D BTAudioSessionAidl: GetSupportedLatencyModes - SessionType=A2DP_HARDWARE_OFFLOAD_ENCODING_DATAPATH has NO session
01-28 22:58:06.539   956  1086 D BTAudioSessionAidl: SetLatencyMode - SessionType=A2DP_HARDWARE_OFFLOAD_ENCODING_DATAPATH has NO session
01-28 22:58:06.540  1007  1007 V APM_AudioPolicyManager: setOutputDevices() AF::createAudioPatch returned 0 patchHandle 36 num_sources 1 num_sinks 1
01-28 22:58:06.540  1007  1007 V APM_AudioPolicyManager: computeVolume volume source 13, index 0,  devices 0x2, compute internal 1 
01-28 22:58:06.540  1007  1007 V APM_AudioPolicyManager: computeVolume volume source 14, index 0,  devices 0x2, compute internal 1 
01-28 22:58:06.540  1007  1007 V APM_AudioPolicyManager: computeVolume volume source 15, index 0,  devices 0x2, compute internal 1 
01-28 22:58:06.540  1007  1007 I AudioFlinger: openOutput() this 0xb400007df6e14040, module 10 Device AUDIO_DEVICE_OUT_SPEAKER, @:, SamplingRate 48000, Format 0x000001, Channels 0x3, flags 0x8000
01-28 22:58:06.540  1007  1007 D DeviceHalAidl: [default] openOutputStream: handle: 53 devices 2 flags 8000 mixPortHalId 6
01-28 22:58:06.540  1007  1007 D Hal2AidlMapper: [default] prepareToOpenStream: handle 53, mixPortHalId 6, device AudioDevice{type: AudioDeviceDescription{type: OUT_SPEAKER, connection: }, address: AudioDeviceAddress{id: }}, flags AudioIoFlags{output: 8192}, source SYS_RESERVED_INVALID, config AudioConfig{base: AudioConfigBase{sampleRate: 48000, channelMask: AudioChannelLayout{layoutMask: 3}, format: AudioFormatDescription{type: PCM, pcm: INT_16_BIT, encoding: }}, offloadInfo: AudioOffloadInfo{base: AudioConfigBase{sampleRate: 0, channelMask: AudioChannelLayout{none: 0}, format: AudioFormatDescription{type: DEFAULT, pcm: DEFAULT, encoding: }}, streamType: VOICE_CALL, bitRatePerSecond: 0, durationUs: 0, hasVideo: false, isStreaming: false, bitWidth: 16, offloadBufferSize: 0, usage: UNKNOWN, encapsulationMode: NONE, contentId: 0, syncId: 0}, frameCount: 0}, mixport config AudioPortConfig{id: 0, portId: 0, sampleRate: (null), channelMask: (null), format: (null), gain: (null), flags: (null), ext: AudioPortExt{unspecified: false}}
01-28 22:58:06.540   956  1086 I ASvc::Module: setAudioPortConfig: requested = AudioPortConfig{id: 100001, portId: 100001, sampleRate: Int{value: 48000}, channelMask: AudioChannelLayout{layoutMask: 3}, format: AudioFormatDescription{type: PCM, pcm: INT_16_BIT, encoding: }, gain: (null), flags: AudioIoFlags{output: 0}, ext: AudioPortExt{device: AudioPortDeviceExt{device: AudioDevice{type: AudioDeviceDescription{type: OUT_SPEAKER, connection: }, address: AudioDeviceAddress{id: }}, flags: 1, encodedFormats: [], encapsulationModes: 0, encapsulationMetadataTypes: 0, speakerLayout: (null)}}}
01-28 22:58:06.540   956  1086 W AHal::PortRouteManager: UpdatePortConfiguration: format not found in the profile list, requested format: AudioFormatDescription{type: PCM, pcm: INT_16_BIT, encoding: }, use AudioFormatDescription{type: PCM, pcm: FLOAT_32_BIT, encoding: } instead
01-28 22:58:06.541   956  1086 I ASvc::Module: setAudioPortConfig: requested = AudioPortConfig{id: 100001, portId: 100001, sampleRate: Int{value: 48000}, channelMask: AudioChannelLayout{layoutMask: 3}, format: AudioFormatDescription{type: PCM, pcm: FLOAT_32_BIT, encoding: }, gain: (null), flags: AudioIoFlags{output: 0}, ext: AudioPortExt{device: AudioPortDeviceExt{device: AudioDevice{type: AudioDeviceDescription{type: OUT_SPEAKER, connection: }, address: AudioDeviceAddress{id: }}, flags: 1, encodedFormats: [], encapsulationModes: 0, encapsulationMetadataTypes: 0, speakerLayout: (null)}}}
01-28 22:58:06.541   956  1086 I AHal::PortRouteManager: UpdatePortConfiguration: update config 100001 on speaker/100001
