01-28 22:58:06.214  1199  1199 D AOC     : A3:MSG: usf_mag_sensor.cc, 62: USF: Property 'curr_comp_factors_wireless_fast' not found under '/mag', Setting mag cc 
01-28 22:58:06.215  1199  1199 D AOC     : A3:MSG: usf_mag_sensor.cc, 62: USF: Property 'curr_comp_factors_lid' not found under '/mag', Setting mag cc to 0.
01-28 22:58:06.215  1199  1199 D AOC     : A3:MSG: usf_mag_sensor.cc, 62: USF: Property 'curr_comp_factors_lid_fast' not found under '/mag', Setting mag cc to 0.
01-28 22:58:06.215  1199  1199 D AOC     : A3:MSG: usf_mag_sensor.cc, 62: USF: Property 'curr_comp_factors_lid_wireless' not found under '/mag', Setting mag cc t
01-28 22:58:06.215  1199  1199 D AOC     : A3:MSG: usf_mag_sensor.cc, 62: USF: Property 'curr_comp_factors_lid_wireless_fast' not found under '/mag', Setting mag
01-28 22:58:06.215  1199  1199 D AOC     : A3:MSG: usf_sensor.cc, 1503: USF: MMC56X3X Magnetometer(6.0) enables interpolation with ratio 1.005000.
01-28 22:58:06.222  1199  1199 D AOC     : A3:MSG: icp20100_device.cc, 617: USF: ICP20100: Probed device ID = 0x63, ver = 0xB2.
01-28 22:58:06.222  1199  1199 D AOC     : A3:MSG: icp20100_device.cc, 232: USF: ICP20100: ICP20100 detected on bus.
01-28 22:58:06.222   956  1536 I AHal::Cs35l41Codec: IsApplyCalComplete: get ctl [DSP1 Protection cd CAL_SET_STATUS] = 0
01-28 22:58:06.222   956  1536 I AHal::Cs35l41Codec: IsApplyCalComplete: get ctl [R DSP1 Protection cd CAL_SET_STATUS] = 0
01-28 22:58:06.222  1199  1199 D AOC     : A3:MSG: icp20100_device.cc, 1153: USF: ICP20100: Interrupt ID 47, mask 0xFA.
01-28 22:58:06.223  1199  1199 D AOC     : A3:MSG: icm456xy_device_registry.cc, 217: USF: Device: Using interrupt 43, trigger 2.
01-28 22:58:06.224  1199  1199 D AOC     : A3:MSG: icm456xy_device.cc, 2332: USF: Device: WHO_AM_I = e8.
01-28 22:58:06.226  1199  1199 D AOC     : A3:MSG: icm456xy_device.cc, 1065: USF: Device: ICM456XY Reset done.
01-28 22:58:06.232   956  1536 I AHal::Cs35l41Codec: IsApplyCalComplete: get ctl [DSP1 Protection cd CAL_SET_STATUS] = 0
01-28 22:58:06.232   956  1536 I AHal::Cs35l41Codec: IsApplyCalComplete: get ctl [R DSP1 Protection cd CAL_SET_STATUS] = 0
01-28 22:58:06.236  1475  1475 W PackageManager: No package known for package restrictions com.google.android.tzdata6
01-28 22:58:06.236  1475  1475 W PackageManager: No package known for package restrictions com.google.android.ondevicepersonalization
01-28 22:58:06.236  1475  1475 W PackageManager: No package known for package restrictions com.android.hardware.biometrics.face.virtual
01-28 22:58:06.237  1475  1475 W PackageManager: No package known for package restrictions com.google.android.media.swcodec
01-28 22:58:06.237  1475  1475 W PackageManager: No package known for package restrictions com.google.android.os.statsd
01-28 22:58:06.237  1475  1475 W PackageManager: No package known for package restrictions com.google.android.widevine.nonupdatable
01-28 22:58:06.238  1475  1475 W PackageManager: No package known for package restrictions com.google.android.extservices
01-28 22:58:06.238  1475  1475 W PackageManager: No package known for package restrictions com.google.android.bt
01-28 22:58:06.238  1475  1475 W PackageManager: No package known for package restrictions com.google.android.healthfitness
01-28 22:58:06.239  1475  1475 W PackageManager: No package known for package restrictions com.google.android.ipsec
01-28 22:58:06.239  1475  1475 W PackageManager: No package known for package restrictions com.google.android.media
01-28 22:58:06.239  1475  1475 W PackageManager: No package known for package restrictions com.google.android.compos
01-28 22:58:06.239  1475  1475 W PackageManager: No package known for package restrictions com.google.android.uprobestats
01-28 22:58:06.239  1475  1475 W PackageManager: No package known for package restrictions com.android.i18n
01-28 22:58:06.239  1475  1475 W PackageManager: No package known for package restrictions com.google.android.nfcservices
01-28 22:58:06.240  1475  1475 W PackageManager: No package known for package restrictions com.google.android.appsearch
01-28 22:58:06.240  1475  1475 W PackageManager: No package known for package restrictions com.google.android.configinfrastructure
01-28 22:58:06.240  1475  1475 W PackageManager: No package known for package restrictions com.android.devicelock
01-28 22:58:06.240  1475  1475 W PackageManager: No package known for package restrictions com.google.pixel.euicc.update
01-28 22:58:06.240  1475  1475 W PackageManager: No package known for package restrictions com.google.android.cellbroadcast
01-28 22:58:06.240  1475  1475 W PackageManager: No package known for package restrictions com.android.apex.cts.shim
01-28 22:58:06.240  1475  1475 W PackageManager: No package known for package restrictions com.google.android.resolv
01-28 22:58:06.240  1475  1475 W PackageManager: No package known for package restrictions com.google.android.sdkext
01-28 22:58:06.240  1475  1475 W PackageManager: No package known for package restrictions com.google.android.art
01-28 22:58:06.241  1475  1475 W PackageManager: No package known for package restrictions com.google.android.uwb
01-28 22:58:06.242  1475  1475 W PackageManager: No package known for package restrictions com.android.hardware.biometrics.fingerprint.virtual
01-28 22:58:06.242  1475  1475 W PackageManager: No package known for package restrictions com.google.android.runtime
01-28 22:58:06.242  1475  1475 W PackageManager: No package known for package restrictions com.android.hardware.cas
01-28 22:58:06.242  1475  1475 W PackageManager: No package known for package restrictions com.google.android.adservices
01-28 22:58:06.242  1475  1475 W PackageManager: No package known for package restrictions com.google.android.crashrecovery
01-28 22:58:06.242  1475  1475 W PackageManager: No package known for package restrictions com.google.android.scheduling
01-28 22:58:06.242   956  1536 I AHal::Cs35l41Codec: IsApplyCalComplete: get ctl [DSP1 Protection cd CAL_SET_STATUS] = 0
01-28 22:58:06.242  1475  1475 W PackageManager: No package known for package restrictions com.google.android.hardware.biometrics.fingerprint
01-28 22:58:06.242   956  1536 I AHal::Cs35l41Codec: IsApplyCalComplete: get ctl [R DSP1 Protection cd CAL_SET_STATUS] = 0
01-28 22:58:06.242  1475  1475 W PackageManager: No package known for package restrictions com.google.android.mediaprovider
01-28 22:58:06.242  1475  1475 W PackageManager: No package known for package restrictions com.google.android.permission
01-28 22:58:06.243  1475  1475 W PackageManager: No package known for package restrictions com.google.android.profiling
01-28 22:58:06.243  1475  1475 W PackageManager: No package known for package restrictions com.google.pixel.camera.hal
01-28 22:58:06.243  1475  1475 W PackageManager: No package known for package restrictions com.google.android.neuralnetworks
01-28 22:58:06.243  1475  1475 W PackageManager: No package known for package restrictions com.google.android.tethering
01-28 22:58:06.243  1475  1475 W PackageManager: No package known for package restrictions com.google.android.adbd
01-28 22:58:06.243  1475  1475 W PackageManager: No package known for package restrictions com.google.android.rkpd
01-28 22:58:06.243  1475  1475 W PackageManager: No package known for package restrictions com.google.android.virt
01-28 22:58:06.243  1475  1475 W PackageManager: No package known for package restrictions com.google.android.wifi
01-28 22:58:06.243  1475  1475 W PackageManager: No package known for package restrictions com.google.android.telephonycore
01-28 22:58:06.244  1475  1475 W PackageManager: No package known for package restrictions com.google.android.conscrypt
01-28 22:58:06.244  1475  1475 W PackageManager: No package known for package restrictions com.google.android.hardware.biometrics.face
01-28 22:58:06.244  1475  1475 W PackageManager: No package known for package restrictions com.google.pixel.wifi.ext
01-28 22:58:06.250  1475  1475 W PackageSettings: Missing permission state for package com.google.android.uvexposurereporter on user 0
01-28 22:58:06.250  1475  1475 W PackageSettings: Missing permission state for package com.android.internal.display.cutout.emulation.noCutout on user 0
01-28 22:58:06.250  1475  1475 W PackageSettings: Missing permission state for package com.google.android.overlay.trafficlightfaceoverlay on user 0
01-28 22:58:06.250  1475  1475 W PackageSettings: Missing permission state for package com.google.omadm.trigger on user 0
01-28 22:58:06.250  1475  1475 W PackageSettings: Missing permission state for package com.google.android.carriersetup on user 0
01-28 22:58:06.251  1475  1475 W PackageSettings: Missing permission state for package com.google.android.settings.overlay.pixelvpnconfig on user 0
01-28 22:58:06.251  1475  1475 W PackageSettings: Missing permission state for package com.android.systemui.clocks.metro on user 0
01-28 22:58:06.251  1475  1475 W PackageSettings: Missing permission state for package com.android.cts.priv.ctsshim on user 0
01-28 22:58:06.251  1475  1475 W PackageSettings: Missing permission state for package com.google.android.youtube on user 0
01-28 22:58:06.251  1475  1475 W PackageSettings: Missing permission state for package com.vzw.apnlib on user 0
01-28 22:58:06.251  1475  1475 W PackageSettings: Missing permission state for package com.android.internal.display.cutout.emulation.corner on user 0
01-28 22:58:06.251  1475  1475 W PackageSettings: Missing permission state for package com.google.android.ext.services on user 0
01-28 22:58:06.251  1475  1475 W PackageSettings: Missing permission state for package com.google.android.apps.weather on user 0
01-28 22:58:06.251  1475  1475 W PackageSettings: Missing permission state for package com.android.internal.display.cutout.emulation.double on user 0
01-28 22:58:06.251  1475  1475 W PackageSettings: Missing permission state for package com.google.android.overlay.pixelconfig2018 on user 0
01-28 22:58:06.251  1475  1475 W PackageSettings: Missing permission state for package com.google.android.overlay.pixelconfig2019 on user 0
01-28 22:58:06.251  1475  1475 W PackageSettings: Missing permission state for package com.google.android.overlay.pixelconfig2021 on user 0
01-28 22:58:06.251  1475  1475 W PackageSettings: Missing permission state for package com.google.android.carrierlocation on user 0
01-28 22:58:06.251  1475  1475 W PackageSettings: Missing permission state for package com.google.android.trichromelibrary_755909033 on user 0
01-28 22:58:06.251  1475  1475 W PackageSettings: Missing permission state for package com.google.android.apps.retaildemo.preload on user 0
01-28 22:58:06.251  1475  1475 W PackageSettings: Missing permission state for package com.android.sdm.plugins.connmo on user 0
01-28 22:58:06.251  1475  1475 W PackageSettings: Missing permission state for package com.google.android.googlequicksearchbox on user 0
01-28 22:58:06.251  1475  1475 W PackageSettings: Missing permission state for package com.verizon.mips.services on user 0
01-28 22:58:06.251  1475  1475 W PackageSettings: Missing permission state for package com.google.android.flipendo.auto_generated_rro_vendor__ on user 0
01-28 22:58:06.251  1475  1475 W PackageSettings: Missing permission state for package com.google.android.pixelsystemservice on user 0
01-28 22:58:06.251  1475  1475 W PackageSettings: Missing permission state for package com.google.android.googlequicksearchbox.nga_resources on user 0
01-28 22:58:06.251  1475  1475 W PackageSettings: Missing permission state for package com.google.pixel.livewallpaper on user 0
01-28 22:58:06.251  1475  1475 W PackageSettings: Missing permission state for package com.google.android.onetimeinitializer on user 0
01-28 22:58:06.251  1475  1475 W PackageSettings: Missing permission state for package com.google.android.ext.shared on user 0
01-28 22:58:06.251  1475  1475 W PackageSettings: Missing permission state for package com.google.android.euiccoverlay on user 0
01-28 22:58:06.251  1475  1475 W PackageSettings: Missing permission state for package com.google.android.federatedcompute on user 0
01-28 22:58:06.251  1475  1475 W PackageSettings: Missing permission state for package com.google.android.apps.diagnosticstool on user 0
01-28 22:58:06.251  1475  1475 W PackageSettings: Missing permission state for package com.google.euiccpixel.permissions on user 0
01-28 22:58:06.251  1475  1475 W PackageSettings: Missing permission state for package com.google.euiccpixel on user 0
01-28 22:58:06.251  1475  1475 W PackageSettings: Missing permission state for package com.google.android.server.deviceconfig.resources on user 0
01-28 22:58:06.251  1475  1475 W PackageSettings: Missing permission state for package com.google.android.flipendo on user 0
01-28 22:58:06.251  1475  1475 W PackageSettings: Missing permission state for package com.google.android.storagemanager.auto_generated_rro_product__ on user 0
01-28 22:58:06.251  1475  1475 W PackageSettings: Missing permission state for package com.google.android.apps.pixel.relationships on user 0
01-28 22:58:06.251  1475  1475 W PackageSettings: Missing permission state for package com.google.android.overlay.glanceablehubsettings2022 on user 0
01-28 22:58:06.251  1475  1475 W PackageSettings: Missing permission state for package com.android.settings.overlay.shiba on user 0
01-28 22:58:06.251  1475  1475 W PackageSettings: Missing permission state for package com.android.providers.telephony.auto_generated_characteristics_rro on user 0
01-28 22:58:06.251  1475  1475 W PackageSettings: Missing permission state for package com.android.simappdialog.auto_generated_rro_product__ on user 0
01-28 22:58:06.251  1475  1475 W PackageSettings: Missing permission state for package com.android.safetyregulatoryinfo.auto_generated_rro_product__ on user 0
01-28 22:58:06.251  1475  1475 W PackageSettings: Missing permission state for package com.android.omadm.service.auto_generated_rro_product__ on user 0
01-28 22:58:06.251  1475  1475 W PackageSettings: Missing permission state for package com.android.externalstorage on user 0
01-28 22:58:06.251  1475  1475 W PackageSettings: Missing permission state for package com.android.htmlviewer on user 0
01-28 22:58:06.251  1475  1475 W PackageSettings: Missing permission state for package com.android.pixeldisplayservice.auto_generated_rro_product__ on user 0
01-28 22:58:06.251  1475  1475 W PackageSettings: Missing permission state for package com.android.companiondevicemanager on user 0
01-28 22:58:06.251  1475  1475 W PackageSettings: Missing permission state for package com.google.android.health.connect.backuprestore on user 0
01-28 22:58:06.251  1475  1475 W PackageSettings: Missing permission state for package com.android.systemui.auto_generated_rro_product__ on user 0
01-28 22:58:06.251  1475  1475 W PackageSettings: Missing permission state for package com.google.android.apps.messaging on user 0
01-28 22:58:06.251  1475  1475 W PackageSettings: Missing permission state for package com.google.android.soundpicker on user 0
01-28 22:58:06.251  1475  1475 W PackageSettings: Missing permission state for package com.google.android.systemui.overlay.pixelbatteryhealthconfig on user 0
01-28 22:58:06.251  1475  1475 W PackageSettings: Missing permission state for package android.autoinstalls.config.google.nexus on user 0
01-28 22:58:06.251  1475  1475 W PackageSettings: Missing permission state for package com.google.android.verifier on user 0
01-28 22:58:06.251  1475  1475 W PackageSettings: Missing permission state for package com.android.multiuser on user 0
01-28 22:58:06.251  1475  1475 W PackageSettings: Missing permission state for package com.google.android.configupdater on user 0
01-28 22:58:06.251  1475  1475 W PackageSettings: Missing permission state for package com.google.android.providers.media.module on user 0
01-28 22:58:06.251  1475  1475 W PackageSettings: Missing permission state for package com.android.systemui.clocks.bignum on user 0
01-28 22:58:06.251  1475  1475 W PackageSettings: Missing permission state for package com.google.android.overlay.udfpsoverlay on user 0
01-28 22:58:06.251  1475  1475 W PackageSettings: Missing permission state for package com.google.android.wifi.resources.pixel on user 0
01-28 22:58:06.251  1475  1475 W PackageSettings: Missing permission state for package com.google.android.overlay.googlewebview on user 0
01-28 22:58:06.251  1475  1475 W PackageSettings: Missing permission state for package com.google.android.apps.safetyhub on user 0
01-28 22:58:06.251  1475  1475 W PackageSettings: Missing permission state for package com.google.android.factoryota on user 0
01-28 22:58:06.251  1475  1475 W PackageSettings: Missing permission state for package com.android.healthconnect.overlay on user 0
01-28 22:58:06.251  1475  1475 W PackageSettings: Missing permission state for package com.android.systemui.plugin.globalactions.wallet on user 0
01-28 22:58:06.251  1475  1475 W PackageSettings: Missing permission state for package com.google.ar.core on user 0
01-28 22:58:06.251  1475  1475 W PackageSettings: Missing permission state for package com.google.android.apps.emojiwallpaper on user 0
01-28 22:58:06.251  1475  1475 W PackageSettings: Missing permission state for package com.google.android.hotspot2.osulogin on user 0
01-28 22:58:06.251  1475  1475 W PackageSettings: Missing permission state for package com.android.vending on user 0
01-28 22:58:06.251  1475  1475 W PackageSettings: Missing permission state for package com.android.pacprocessor on user 0
01-28 22:58:06.251  1475  1475 W PackageSettings: Missing permission state for package com.android.simappdialog on user 0
01-28 22:58:06.251  1475  1475 W PackageSettings: Missing permission state for package com.android.cellbroadcastreceiver.overlay.pixel on user 0
01-28 22:58:06.251  1475  1475 W PackageSettings: Missing permission state for package com.google.android.adservices.api on user 0
01-28 22:58:06.251  1475  1475 W PackageSettings: Missing permission state for package com.android.systemui.clocks.growth on user 0
01-28 22:58:06.251  1475  1475 W PackageSettings: Missing permission state for package com.google.android.overlay.pixelconfig2019midyear on user 0
01-28 22:58:06.251  1475  1475 W PackageSettings: Missing permission state for package com.android.internal.display.cutout.emulation.hole on user 0
01-28 22:58:06.251  1475  1475 W PackageSettings: Missing permission state for package com.android.internal.display.cutout.emulation.tall on user 0
01-28 22:58:06.251  1475  1475 W PackageSettings: Missing permission state for package com.android.networkstack.overlay on user 0
01-28 22:58:06.251  1475  1475 W PackageSettings: Missing permission state for package com.android.certinstaller on user 0
01-28 22:58:06.251  1475  1475 W PackageSettings: Missing permission state for package com.google.android.marvin.talkback on user 0
01-28 22:58:06.251  1475  1475 W PackageSettings: Missing permission state for package com.google.android.connectivity.resources.overlay on user 0
01-28 22:58:06.251  1475  1475 W PackageSettings: Missing permission state for package com.android.internal.systemui.navbar.threebutton on user 0
01-28 22:58:06.251  1475  1475 W PackageSettings: Missing permission state for package com.google.android.apps.work.oobconfig on user 0
01-28 22:58:06.251  1475  1475 W PackageSettings: Missing permission state for package com.android.hotwordenrollment.xgoogle on user 0
01-28 22:58:06.251  1475  1475 W PackageSettings: Missing permission state for package com.google.android.apps.privacy.wildlife on user 0
01-28 22:58:06.251  1475  1475 W PackageSettings: Missing permission state for package com.google.android.pixel.setupwizard on user 0
01-28 22:58:06.251  1475  1475 W PackageSettings: Missing permission state for package com.google.android.grilservice on user 0
01-28 22:58:06.251  1475  1475 W PackageSettings: Missing permission state for package com.google.android.sdksandbox on user 0
01-28 22:58:06.251  1475  1475 W PackageSettings: Missing permission state for package com.android.egg on user 0
01-28 22:58:06.251  1475  1475 W PackageSettings: Missing permission state for package com.google.android.pixel.avatarpicker on user 0
01-28 22:58:06.251  1475  1475 W PackageSettings: Missing permission state for package com.android.backupconfirm on user 0
01-28 22:58:06.251  1475  1475 W PackageSettings: Missing permission state for package com.android.settings.auto_generated_rro_vendor__ on user 0
01-28 22:58:06.251  1475  1475 W PackageSettings: Missing permission state for package com.android.systemui.auto_generated_rro_vendor__ on user 0
01-28 22:58:06.251  1475  1475 W PackageSettings: Missing permission state for package com.google.android.deskclock on user 0
01-28 22:58:06.251  1475  1475 W PackageSettings: Missing permission state for package com.android.systemui.clocks.numoverlap on user 0
01-28 22:58:06.251  1475  1475 W PackageSettings: Missing permission state for package com.google.android.as on user 0
01-28 22:58:06.251  1475  1475 W PackageSettings: Missing permission state for package com.google.android.gm on user 0
01-28 22:58:06.251  1475  1475 W PackageSettings: Missing permission state for package com.google.android.carrier on user 0
01-28 22:58:06.251  1475  1475 W PackageSettings: Missing permission state for package com.google.android.verifier.overlay on user 0
01-28 22:58:06.251  1475  1475 W PackageSettings: Missing permission state for package com.google.android.apps.tachyon on user 0
01-28 22:58:06.251  1475  1475 W PackageSettings: Missing permission state for package com.google.android.systemui.overlay.pixelvpnconfig on user 0
01-28 22:58:06.251  1475  1475 W PackageSettings: Missing permission state for package com.android.systemui.clocks.weather on user 0
01-28 22:58:06.251  1475  1475 W PackageSettings: Missing permission state for package com.google.android.turboadapter on user 0
01-28 22:58:06.251  1475  1475 W PackageSettings: Missing permission state for package com.android.systemui.clocks.calligraphy on user 0
01-28 22:58:06.251  1475  1475 W PackageSettings: Missing permission state for package com.android.managedprovisioning.overlay on user 0
01-28 22:58:06.251  1475  1475 W PackageSettings: Missing permission state for package com.android.systemui.accessibility.accessibilitymenu on user 0
01-28 22:58:06.251  1475  1475 W PackageSettings: Missing permission state for package com.google.android.permissioncontroller on user 0
01-28 22:58:06.251  1475  1475 W PackageSettings: Missing permission state for package com.google.android.setupwizard on user 0
01-28 22:58:06.251  1475  1475 W PackageSettings: Missing permission state for package com.google.android.networkstack.tethering.overlay2021 on user 0
01-28 22:58:06.251  1475  1475 W PackageSettings: Missing permission state for package com.android.sharedstoragebackup on user 0
01-28 22:58:06.251  1475  1475 W PackageSettings: Missing permission state for package com.verizon.services on user 0
01-28 22:58:06.251  1475  1475 W PackageSettings: Missing permission state for package com.google.android.euicc on user 0
01-28 22:58:06.251  1475  1475 W PackageSettings: Missing permission state for package com.google.android.apps.magicportrait on user 0
01-28 22:58:06.251  1475  1475 W PackageSettings: Missing permission state for package com.android.printspooler on user 0
01-28 22:58:06.251  1475  1475 W PackageSettings: Missing permission state for package com.android.hotwordenrollment.okgoogle on user 0
01-28 22:58:06.251  1475  1475 W PackageSettings: Missing permission state for package com.android.virtualization.terminal on user 0
01-28 22:58:06.251  1475  1475 W PackageSettings: Missing permission state for package com.android.sdm.plugins.diagmon on user 0
01-28 22:58:06.251  1475  1475 W PackageSettings: Missing permission state for package com.android.dreams.basic on user 0
01-28 22:58:06.251  1475  1475 W PackageSettings: Missing permission state for package com.google.android.aicore on user 0
01-28 22:58:06.251  1475  1475 W PackageSettings: Missing permission state for package com.android.providers.settings.auto_generated_rro_product__ on user 0
01-28 22:58:06.251  1475  1475 W PackageSettings: Missing permission state for package com.google.android.as.oss on user 0
01-28 22:58:06.251  1475  1475 W PackageSettings: Missing permission state for package com.google.android.trichromelibrary_749919333 on user 0
01-28 22:58:06.251  1475  1475 W PackageSettings: Missing permission state for package com.android.traceur.auto_generated_rro_product__ on user 0
01-28 22:58:06.251  1475  1475 W PackageSettings: Missing permission state for package com.google.android.apps.wellbeing on user 0
01-28 22:58:06.251  1475  1475 W PackageSettings: Missing permission state for package com.google.android.dialer on user 0
01-28 22:58:06.251  1475  1475 W PackageSettings: Missing permission state for package com.android.bips on user 0
01-28 22:58:06.251  1475  1475 W PackageSettings: Missing permission state for package com.google.audio.hearing.visualization.accessibility.scribe on user 0
01-28 22:58:06.251  1475  1475 W PackageSettings: Missing permission state for package com.google.android.apps.nbu.files on user 0
01-28 22:58:06.251  1475  1475 W PackageSettings: Missing permission state for package com.google.android.captiveportallogin on user 0
01-28 22:58:06.251  1475  1475 W PackageSettings: Missing permission state for package com.google.android.flipendo.auto_generated_rro_product__ on user 0
01-28 22:58:06.251  1475  1475 W PackageSettings: Missing permission state for package com.google.android.accessibility.soundamplifier on user 0
01-28 22:58:06.251  1475  1475 W PackageSettings: Missing permission state for package com.shannon.rcsservice on user 0
01-28 22:58:06.251  1475  1475 W PackageSettings: Missing permission state for package com.android.privatespace on user 0
01-28 22:58:06.251  1475  1475 W PackageSettings: Missing permission state for package android.auto_generated_characteristics_rro on user 0
01-28 22:58:06.251  1475  1475 W PackageSettings: Missing permission state for package com.android.settings.shiba on user 0
01-28 22:58:06.251  1475  1475 W PackageSettings: Missing permission state for package com.google.android.appsearch.apk on user 0
01-28 22:58:06.251  1475  1475 W PackageSettings: Missing permission state for package com.google.ambient.streaming on user 0
01-28 22:58:06.251  1475  1475 W PackageSettings: Missing permission state for package com.android.musicfx on user 0
01-28 22:58:06.251  1475  1475 W PackageSettings: Missing permission state for package com.android.devicediagnostics.auto_generated_rro_vendor__ on user 0
01-28 22:58:06.251  1475  1475 W PackageSettings: Missing permission state for package com.google.android.apps.docs on user 0
01-28 22:58:06.251  1475  1475 W PackageSettings: Missing permission state for package com.google.android.apps.tips on user 0
01-28 22:58:06.251  1475  1475 W PackageSettings: Missing permission state for package com.google.android.documentsui.theme.pixel on user 0
01-28 22:58:06.251  1475  1475 W PackageSettings: Missing permission state for package com.google.android.modulemetadata on user 0
01-28 22:58:06.251  1475  1475 W PackageSettings: Missing permission state for package com.google.android.avatarpicker on user 0
01-28 22:58:06.251  1475  1475 W PackageSettings: Missing permission state for package com.google.android.microdroid.empty_payload on user 0
01-28 22:58:06.251  1475  1475 W PackageSettings: Missing permission state for package com.google.android.markup on user 0
01-28 22:58:06.251  1475  1475 W PackageSettings: Missing permission state for package com.android.cellbroadcastreceiver on user 0
01-28 22:58:06.251  1475  1475 W PackageSettings: Missing permission state for package com.google.android.webview on user 0
01-28 22:58:06.251  1475  1475 W PackageSettings: Missing permission state for package com.google.android.apps.carrier.log on user 0
01-28 22:58:06.251  1475  1475 W PackageSettings: Missing permission state for package com.google.android.rkpdapp on user 0
01-28 22:58:06.251  1475  1475 W PackageSettings: Missing permission state for package com.google.android.contacts on user 0
01-28 22:58:06.251  1475  1475 W PackageSettings: Missing permission state for package com.android.server.telecom.auto_generated_rro_product__ on user 0
01-28 22:58:06.251  1475  1475 W PackageSettings: Missing permission state for package com.android.phone.auto_generated_characteristics_rro on user 0
01-28 22:58:06.251  1475  1475 W PackageSettings: Missing permission state for package com.google.android.overlay.googleconfig on user 0
01-28 22:58:06.251  1475  1475 W PackageSettings: Missing permission state for package com.android.systemui.clocks.inflate on user 0
01-28 22:58:06.251  1475  1475 W PackageSettings: Missing permission state for package com.google.android.calculator on user 0
01-28 22:58:06.251  1475  1475 W PackageSettings: Missing permission state for package com.android.chrome on user 0
01-28 22:58:06.251  1475  1475 W PackageSettings: Missing permission state for package com.android.bips.auto_generated_rro_product__ on user 0
01-28 22:58:06.251  1475  1475 W PackageSettings: Missing permission state for package com.google.android.packageinstaller on user 0
01-28 22:58:06.251  1475  1475 W PackageSettings: Missing permission state for package com.google.android.apps.customization.pixel on user 0
01-28 22:58:06.251  1475  1475 W PackageSettings: Missing permission state for package com.google.android.gms on user 0
01-28 22:58:06.251  1475  1475 W PackageSettings: Missing permission state for package com.google.android.pcs on user 0
01-28 22:58:06.251  1475  1475 W PackageSettings: Missing permission state for package com.google.android.tag on user 0
01-28 22:58:06.251  1475  1475 W PackageSettings: Missing permission state for package com.google.android.tts on user 0
01-28 22:58:06.251  1475  1475 W PackageSettings: Missing permission state for package com.google.android.overlay.permissioncontroller on user 0
01-28 22:58:06.251  1475  1475 W PackageSettings: Missing permission state for package com.google.android.partnersetup on user 0
01-28 22:58:06.252  1475  1475 W PackageSettings: Missing permission state for package com.android.safetyregulatoryinfo on user 0
01-28 22:58:06.252  1475  1475 W PackageSettings: Missing permission state for package com.android.cameraextensions on user 0
01-28 22:58:06.252  1475  1475 W PackageSettings: Missing permission state for package com.google.android.apps.wallpaper.pixel on user 0
01-28 22:58:06.252  1475  1475 W PackageSettings: Missing permission state for package com.google.android.videos on user 0
01-28 22:58:06.252  1475  1475 W PackageSettings: Missing permission state for package com.google.android.nfc.overlay on user 0
01-28 22:58:06.252  1475  1475 W PackageSettings: Missing permission state for package com.google.android.wallpaper.effects on user 0
01-28 22:58:06.252  1475  1475 W PackageSettings: Missing permission state for package com.google.android.apps.nexuslauncher on user 0
01-28 22:58:06.252  1475  1475 W PackageSettings: Missing permission state for package com.android.carrierdefaultapp on user 0
01-28 22:58:06.252  1475  1475 W PackageSettings: Missing permission state for package com.google.android.virtualmachine.res on user 0
01-28 22:58:06.252  1475  1475 W PackageSettings: Missing permission state for package com.android.credentialmanager on user 0
01-28 22:58:06.252  1475  1475 W PackageSettings: Missing permission state for package com.android.theme.font.notoserifsource on user 0
01-28 22:58:06.252  1475  1475 W PackageSettings: Missing permission state for package com.android.proxyhandler on user 0
01-28 22:58:06.252  1475  1475 W PackageSettings: Missing permission state for package com.google.android.safetycenter.resources on user 0
01-28 22:58:06.252  1475  1475 W PackageSettings: Missing permission state for package com.google.android.compos.payload on user 0
01-28 22:58:06.252  1475  1475 W PackageSettings: Missing permission state for package com.android.internal.display.cutout.emulation.waterfall on user 0
01-28 22:58:06.252  1475  1475 W PackageSettings: Missing permission state for package com.android.intentresolver on user 0
01-28 22:58:06.252  1475  1475 W PackageSettings: Missing permission state for package com.google.android.storagemanager.auto_generated_rro_vendor__ on user 0
01-28 22:58:06.252  1475  1475 W PackageSettings: Missing permission state for package com.android.internal.systemui.navbar.transparent on user 0
01-28 22:58:06.252  1475  1475 W PackageSettings: Missing permission state for package com.google.android.connectivity.resources on user 0
01-28 22:58:06.252  1475  1475 W PackageSettings: Missing permission state for package com.android.providers.contacts.auto_generated_rro_product__ on user 0
01-28 22:58:06.252  1475  1475 W PackageSettings: Missing permission state for package com.google.android.feedback on user 0
01-28 22:58:06.252  1475  1475 W PackageSettings: Missing permission state for package com.google.android.printservice.recommendation on user 0
01-28 22:58:06.252  1475  1475 W PackageSettings: Missing permission state for package com.google.android.apps.photos on user 0
01-28 22:58:06.252  1475  1475 W PackageSettings: Missing permission state for package com.android.managedprovisioning on user 0
01-28 22:58:06.252  1475  1475 W PackageSettings: Missing permission state for package com.google.android.overlay.devicelockcontroller on user 0
01-28 22:58:06.252  1475  1475 W PackageSettings: Missing permission state for package com.google.android.pixelnfc on user 0
01-28 22:58:06.252  1475  1475 W PackageSettings: Missing permission state for package com.google.android.apps.pixel.nowplaying on user 0
01-28 22:58:06.252  1475  1475 W PackageSettings: Missing permission state for package com.google.android.documentsui on user 0
01-28 22:58:06.252  1475  1475 W PackageSettings: Missing permission state for package com.google.android.overlay.glanceablehubconfig on user 0
01-28 22:58:06.252  1475  1475 W PackageSettings: Missing permission state for package com.google.android.accessibility.switchaccess on user 0
01-28 22:58:06.252  1475  1475 W PackageSettings: Missing permission state for package com.google.mainline.telemetry on user 0
01-28 22:58:06.252  1475  1475 W PackageSettings: Missing permission state for package com.google.android.systemui.gxoverlay on user 0
01-28 22:58:06.252  1475  1475 W PackageSettings: Missing permission state for package com.google.android.apps.internal.betterbug on user 0
01-28 22:58:06.252  1475  1475 W PackageSettings: Missing permission state for package com.android.cellbroadcastservice.overlay.pixel on user 0
01-28 22:58:06.252  1475  1475 W PackageSettings: Missing permission state for package com.android.sdm.plugins.dcmo on user 0
01-28 22:58:06.252  1475  1475 W PackageSettings: Missing permission state for package com.google.android.nfc.overlay.common on user 0
01-28 22:58:06.252  1475  1475 W PackageSettings: Missing permission state for package com.android.devicediagnostics.auto_generated_rro_product__ on user 0
01-28 22:58:06.252  1475  1475 W PackageSettings: Missing permission state for package com.google.android.apps.camera.services on user 0
01-28 22:58:06.252  1475  1475 W PackageSettings: Missing permission state for package com.android.devicediagnostics on user 0
01-28 22:58:06.252  1475  1475 W PackageSettings: Missing permission state for package com.android.providers.partnerbookmarks on user 0
01-28 22:58:06.252  1475  1475 W PackageSettings: Missing permission state for package com.android.role.notes.enabled on user 0
01-28 22:58:06.252  1475  1475 W PackageSettings: Missing permission state for package com.shannon.imsservice on user 0
01-28 22:58:06.252  1475  1475 W PackageSettings: Missing permission state for package com.android.wallpaper.livepicker on user 0
01-28 22:58:06.252  1475  1475 W PackageSettings: Missing permission state for package com.android.providers.telephony.auto_generated_rro_product__ on user 0
01-28 22:58:06.252  1475  1475 W PackageSettings: Missing permission state for package com.android.phone.auto_generated_rro_vendor__ on user 0
01-28 22:58:06.252  1475  1475 W PackageSettings: Missing permission state for package com.google.mainline.adservices on user 0
01-28 22:58:06.252  1475  1475 W PackageSettings: Missing permission state for package com.android.imsserviceentitlement on user 0
01-28 22:58:06.252  1475  1475 W PackageSettings: Missing permission state for package com.google.assistant.hubui on user 0
01-28 22:58:06.252  1475  1475 W PackageSettings: Missing permission state for package com.android.traceur.auto_generated_rro_vendor__ on user 0
01-28 22:58:06.252  1475  1475 W PackageSettings: Missing permission state for package com.google.android.healthconnect.controller on user 0
01-28 22:58:06.252  1475  1475 W PackageSettings: Missing permission state for package com.google.android.apps.cbrsnetworkmonitor on user 0
01-28 22:58:06.252  1475  1475 W PackageSettings: Missing permission state for package com.android.internal.display.cutout.emulation.avoidAppsInCutout on user 0
01-28 22:58:06.252  1475  1475 W PackageSettings: Missing permission state for package com.google.android.gms.supervision on user 0
01-28 22:58:06.252  1475  1475 W PackageSettings: Missing permission state for package com.android.pixeldisplayservice on user 0
01-28 22:58:06.252  1475  1475 W PackageSettings: Missing permission state for package com.android.bookmarkprovider on user 0
01-28 22:58:06.252  1475  1475 W PackageSettings: Missing permission state for package com.google.android.overlay.pixelconfigcommon on user 0
01-28 22:58:06.252  1475  1475 W PackageSettings: Missing permission state for package com.android.systemui.accessibility.accessibilitymenu.auto_generated_rro_product__ on user 0
01-28 22:58:06.252  1475  1475 W PackageSettings: Missing permission state for package com.google.android.wfcactivation on user 0
01-28 22:58:06.252  1475  1475 W PackageSettings: Missing permission state for package com.samsung.slsi.telephony.oemril on user 0
01-28 22:58:06.252  1475  1475 W PackageSettings: Missing permission state for package com.google.android.settings.intelligence on user 0
01-28 22:58:06.252  1475  1475 W PackageSettings: Missing permission state for package com.google.android.apps.scone on user 0
01-28 22:58:06.252  1475  1475 W PackageSettings: Missing permission state for package com.google.android.apps.turbo on user 0
01-28 22:58:06.252  1475  1475 W PackageSettings: Missing permission state for package com.google.android.apps.tycho on user 0
01-28 22:58:06.252  1475  1475 W PackageSettings: Missing permission state for package com.google.android.tetheringentitlement on user 0
01-28 22:58:06.252  1475  1475 W PackageSettings: Missing permission state for package com.google.android.apps.dreamliner on user 0
01-28 22:58:06.252  1475  1475 W PackageSettings: Missing permission state for package com.google.android.uwb.resources on user 0
01-28 22:58:06.252  1475  1475 W PackageSettings: Missing permission state for package com.android.cts.ctsshim on user 0
01-28 22:58:06.252  1475  1475 W PackageSettings: Missing permission state for package com.google.android.apps.wearables.maestro.companion on user 0
01-28 22:58:06.252  1475  1475 W PackageSettings: Missing permission state for package com.google.android.overlay.glanceablehubsettings on user 0
01-28 22:58:06.252  1475  1475 W PackageSettings: Missing permission state for package com.google.android.wifi.resources on user 0
01-28 22:58:06.252  1475  1475 W PackageSettings: Missing permission state for package com.google.android.apps.pixel.support on user 0
01-28 22:58:06.252  1475  1475 W PackageSettings: Missing permission state for package com.google.android.wifi.dialog on user 0
01-28 22:58:06.252  1475  1475 W PackageSettings: Missing permission state for package com.google.android.apps.pixel.customizationbundle on user 0
01-28 22:58:06.252  1475  1475 W PackageSettings: Missing permission state for package com.google.euiccpixel.overlay.zuma on user 0
01-28 22:58:06.252  1475  1475 W PackageSettings: Missing permission state for package com.google.android.connectivitythermalpowermanager on user 0
01-28 22:58:06.252  1475  1475 W PackageSettings: Missing permission state for package com.android.vpndialogs on user 0
01-28 22:58:06.252  1475  1475 W PackageSettings: Missing permission state for package com.google.android.apps.wallpaper on user 0
01-28 22:58:06.252  1475  1475 W PackageSettings: Missing permission state for package com.google.android.odad on user 0
01-28 22:58:06.252  1475  1475 W PackageSettings: Missing permission state for package com.android.angle on user 0
01-28 22:58:06.252  1475  1475 W PackageSettings: Missing permission state for package com.google.android.apps.recorder on user 0
01-28 22:58:06.252  1475  1475 W PackageSettings: Missing permission state for package com.android.wallpaperbackup on user 0
01-28 22:58:06.252  1475  1475 W PackageSettings: Missing permission state for package com.google.android.pixel.setupwizard.overlay.expressive on user 0
01-28 22:58:06.252  1475  1475 W PackageSettings: Missing permission state for package com.android.settings.auto_generated_rro_product__ on user 0
01-28 22:58:06.252  1475  1475 W PackageSettings: Missing permission state for package com.google.android.apps.work.clouddpc on user 0
01-28 22:58:06.252  1475  1475 W PackageSettings: Missing permission state for package com.google.android.apps.carrier.carrierwifi on user 0
01-28 22:58:06.252  1475  1475 W PackageSettings: Missing permission state for package com.google.android.apps.setupwizard.searchselector on user 0
01-28 22:58:06.252  1475  1475 W PackageSettings: Missing permission state for package com.google.android.overlay.permissioncontroller.safetycenter on user 0
01-28 22:58:06.252  1475  1475 W PackageSettings: Missing permission state for package com.android.providers.media.overlay.pixel on user 0
01-28 22:58:06.252  1475  1475 W PackageSettings: Missing permission state for package com.android.captiveportallogin.overlay on user 0
01-28 22:58:06.252  1475  1475 W PackageSettings: Missing permission state for package com.android.companiondevicemanager.auto_generated_characteristics_rro on user 0
01-28 22:58:06.252  1475  1475 W PackageSettings: Missing permission state for package com.google.android.gms.location.history on user 0
01-28 22:58:06.252  1475  1475 W PackageSettings: Missing permission state for package com.android.internal.systemui.navbar.gestural on user 0
01-28 22:58:06.252  1475  1475 W PackageSettings: Missing permission state for package com.google.android.apps.aiwallpapers on user 0
01-28 22:58:06.252  1475  1475 W PackageSettings: Missing permission state for package com.google.android.ondevicepersonalization.services on user 0
01-28 22:58:06.252  1475  1475 W PackageSettings: Missing permission state for package com.google.android.hardwareinfo on user 0
01-28 22:58:06.252  1475  1475 W PackageSettings: Missing permission state for package com.google.android.apps.youtube.music on user 0
01-28 22:58:06.252  1475  1475 W PackageSettings: Missing permission state for package com.google.android.trichromelibrary_699813532 on user 0
01-28 22:58:06.252  1475  1475 W PackageSettings: Missing permission state for package com.android.bluetoothmidiservice on user 0
01-28 22:58:06.252  1475  1475 W PackageSettings: Missing permission state for package com.example.dos2026 on user 0
01-28 22:58:06.252  1475  1475 W PackageSettings: Missing permission state for package com.google.android.dreamlinerupdater on user 0
01-28 22:58:06.252  1475  1475 W PackageSettings: Missing permission state for package com.google.android.systemui.overlay.glanceablehubconfig on user 0
01-28 22:58:06.252  1475  1475 W PackageSettings: Missing permission state for package com.android.traceur on user 0
01-28 22:58:06.252  1475  1475 W PackageSettings: Missing permission state for package com.google.android.cellbroadcastreceiver on user 0
01-28 22:58:06.252  1475  1475 W PackageSettings: Missing permission state for package com.google.android.apps.pixel.creativeassistant on user 0
01-28 22:58:06.252  1475  1475 W PackageSettings: Missing permission state for package com.android.phone.auto_generated_rro_product__ on user 0
01-28 22:58:06.252  1475  1475 W PackageSettings: Missing permission state for package com.android.omadm.service.auto_generated_rro_vendor__ on user 0
01-28 22:58:06.252  1475  1475 W PackageSettings: Missing permission state for package com.google.android.retaildemo on user 0
01-28 22:58:06.252  1475  1475 W PackageSettings: Missing permission state for package android.auto_generated_rro_product__ on user 0
01-28 22:58:06.252  1475  1475 W PackageSettings: Missing permission state for package com.google.android.rilextension on user 0
01-28 22:58:06.252  1475  1475 W PackageSettings: Missing permission state for package com.google.android.GoogleCamera on user 0
01-28 22:58:06.252  1475  1475 W PackageSettings: Missing permission state for package com.android.devicelockcontroller on user 0
01-28 22:58:06.252  1475  1475 W PackageSettings: Missing permission state for package com.google.android.apps.pixel.dcservice on user 0
01-28 22:58:06.252  1475  1475 W PackageSettings: Missing permission state for package com.google.android.photopicker on user 0
01-28 22:58:06.252  1475  1475 W PackageSettings: Missing permission state for package com.google.android.inputmethod.latin on user 0
01-28 22:58:06.252  1475  1475 W PackageSettings: Missing permission state for package com.google.android.storagemanager on user 0
01-28 22:58:06.252  1475  1475 W PackageSettings: Missing permission state for package android.auto_generated_rro_vendor__ on user 0
01-28 22:58:06.252  1475  1475 W PackageSettings: Missing permission state for package com.google.android.apps.restore on user 0
01-28 22:58:06.252  1475  1475 W PackageSettings: Missing permission state for shared user: android.uid.log
01-28 22:58:06.252  1475  1475 W PackageSettings: Missing permission state for shared user: android.uid.uwb
01-28 22:58:06.253   956  1536 I AHal::Cs35l41Codec: IsApplyCalComplete: get ctl [DSP1 Protection cd CAL_SET_STATUS] = 0
01-28 22:58:06.253   956  1536 I AHal::Cs35l41Codec: IsApplyCalComplete: get ctl [R DSP1 Protection cd CAL_SET_STATUS] = 0
01-28 22:58:06.253  1475  1475 W PackageManager: Could not find package com.android.companiondevicemanager
01-28 22:58:06.263   956  1536 I AHal::Cs35l41Codec: IsApplyCalComplete: get ctl [DSP1 Protection cd CAL_SET_STATUS] = 0
01-28 22:58:06.263   956  1536 I AHal::Cs35l41Codec: IsApplyCalComplete: get ctl [R DSP1 Protection cd CAL_SET_STATUS] = 0
01-28 22:58:06.273   956  1536 I AHal::Cs35l41Codec: IsApplyCalComplete: get ctl [DSP1 Protection cd CAL_SET_STATUS] = 0
01-28 22:58:06.273   956  1536 I AHal::Cs35l41Codec: IsApplyCalComplete: get ctl [R DSP1 Protection cd CAL_SET_STATUS] = 0
01-28 22:58:06.281  1475  1475 I boot_progress_pms_system_scan_start: 5500
01-28 22:58:06.282  1475  1475 D PackageManager: Directories scanned as system partitions: [/system:0, /vendor:524288, /odm:4194304, /oem:262144, /product:1048576, /system_ext:2097152, /apex/com.android.conscrypt:41943040, /apex/com.google.pixel.camera.hal:42467328, /apex/com.android.appsearch:41943040, /apex/com.android.nfcservices:41943040, /apex/com.android.ipsec:41943040, /apex/com.android.uwb:41943040, /apex/com.android.rkpd:41943040, /apex/com.android.wifi:41943040, /apex/com.android.scheduling:41943040, /apex/com.android.telephonycore:41943040, /apex/com.android.healthfitness:41943040, /apex/com.android.runtime:41943040, /apex/com.android.tethering:41943040, /apex/com.android.hardware.biometrics.face.virtual:44040192, /apex/com.android.configinfrastructure:41943040, /apex/com.android.profiling:41943040, /apex/com.android.apex.cts.shim:41943040, /apex/com.android.media.swcodec:41943040, /apex/com.android.adbd:41943040, /apex/com.android.permission:41943040, /apex/com.android.compos:44040192, /apex/com.android.hardware.biometrics.fingerprint.virtual:44040192, /apex/com.android.os.statsd:41943040, /apex/com.android.media:41943040, /apex/com.google.android.hardware.biometrics.fingerprint:42467328, /apex/com.android.bt:41943040, /apex/com.android.mediaprovider:41943040, /apex/com.google.pixel.euicc.update:42467328, /apex/com.android.extservices:41943040, /apex/com.android.art:41943040, /apex/com.android.ondevicepersonalization:41943040, /apex/com.google.android.hardware.biometrics.face:42467328, /apex/com.android.resolv:41943040, /apex/com.android.i18n:41943040, /apex/com.android.hardware.cas:42467328, /apex/com.android.virt:41943040, /apex/com.android.devicelock:41943040, /apex/com.android.crashrecovery:41943040, /apex/com.google.pixel.wifi.ext:42467328, /apex/com.android.uprobestats:41943040, /apex/com.android.neuralnetworks:41943040, /apex/com.android.adservices:41943040, /apex/com.android.cellbroadcast:41943040, /apex/com.android.tzdata:41943040, /apex/com.google.android.widevine:42467328, /apex/com.android.sdkext:41943040]
01-28 22:58:06.283  1475  1475 D PackageManager: Keeping known cache d454e3543f6d8d76b670c707aca774e5379953e6
01-28 22:58:06.283   956  1536 I AHal::Cs35l41Codec: IsApplyCalComplete: get ctl [DSP1 Protection cd CAL_SET_STATUS] = 0
01-28 22:58:06.283   956  1536 I AHal::Cs35l41Codec: IsApplyCalComplete: get ctl [R DSP1 Protection cd CAL_SET_STATUS] = 0
01-28 22:58:06.294   956  1536 I AHal::Cs35l41Codec: IsApplyCalComplete: get ctl [DSP1 Protection cd CAL_SET_STATUS] = 0
