01-28 22:58:06.428  1475  1475 W PackageManager: Failed to scan /product/priv-app/MaestroPrebuilt: Package com.google.android.apps.wearables.maestro.companion at /product/priv-app/MaestroPrebuilt ignored: updated version 10222911 better than this 1
01-28 22:58:06.428  1475  1475 W PackageManager: Failed to scan /product/priv-app/FilesPrebuilt: Package com.google.android.apps.nbu.files at /product/priv-app/FilesPrebuilt ignored: updated version 1671723 better than this 1031083
01-28 22:58:06.428  1475  1475 W PackageManager: Failed to scan /product/priv-app/Velvet: Package com.google.android.googlequicksearchbox at /product/priv-app/Velvet ignored: updated version 301680147 better than this 301597491
01-28 22:58:06.429  1475  1475 W PackageManager: Failed to scan /product/priv-app/RelationshipsPrebuilt-301: Package com.google.android.apps.pixel.relationships at /product/priv-app/RelationshipsPrebuilt-301 ignored: updated version 1828 better than this 301
01-28 22:58:06.429  1475  1475 W PackageManager: Failed to scan /product/priv-app/GoogleDialer: Package com.google.android.dialer at /product/priv-app/GoogleDialer ignored: updated version 19408458 better than this 19000468
01-28 22:58:06.429  1007  1756 W AudioFlinger: no wake lock to update, system not ready yet
01-28 22:58:06.429  1007  1756 D DeviceHalAidl: [default] createAudioPatch: sources: 1 sinks 1
01-28 22:58:06.430  1007  1756 D Hal2AidlMapper: [default] createOrUpdatePatch: patch ID: 0, [disregard IDs] sources: [AudioPortConfig{id: 6, portId: 0, sampleRate: Int{value: 48000}, channelMask: AudioChannelLayout{layoutMask: 3}, format: AudioFormatDescription{type: PCM, pcm: FLOAT_32_BIT, encoding: }, gain: (null), flags: AudioIoFlags{output: 8}, ext: AudioPortExt{mix: AudioPortMixExt{handle: 21, usecase: AudioPortMixExtUseCase{stream: SYS_RESERVED_DEFAULT}, maxOpenStreamCount: 0, maxActiveStreamCount: 0, recommendedMuteDurationMs: 0}}}], sinks: [AudioPortConfig{id: 3, portId: 0, sampleRate: (null), channelMask: (null), format: (null), gain: (null), flags: (null), ext: AudioPortExt{device: AudioPortDeviceExt{device: AudioDevice{type: AudioDeviceDescription{type: OUT_SPEAKER, connection: }, address: AudioDeviceAddress{id: }}, flags: 0, encodedFormats: [], encapsulationModes: 0, encapsulationMetadataTypes: 0, speakerLayout: (null)}}}]
01-28 22:58:06.430  1007  1756 D Hal2AidlMapper: [default] findOrCreatePortConfig: device port config does not have audio or gain config specified
01-28 22:58:06.430  1007  1756 I Hal2AidlMapper: [default] createOrUpdatePatch: Updating transient patch. Current: AudioPatch{id: 2, sourcePortConfigIds: [400002], sinkPortConfigIds: [100001], minimumStreamBufferSizeFrames: 1920, latenciesMs: [90]}, new: AudioPatch{id: 2, sourcePortConfigIds: [400002], sinkPortConfigIds: [100001], minimumStreamBufferSizeFrames: 0, latenciesMs: []}
01-28 22:58:06.430   956  1647 I AHal::PortRouteManager: UpdateOrAddPatch: update patch 2, AudioPatch{id: 2, source: [400002/2: deep-buffer-playback], sink: [100001/100001: speaker], min frames: 1920, latencies: [90]}
01-28 22:58:06.430   956  1647 I AHal::Router: InvalidateLocked: nothing change between graph #3 and #4
01-28 22:58:06.430   956  1647 I ASvc::StreamOut: getRecommendedLatencyModes: modes = [FREE]
01-28 22:58:06.430  1475  1475 W PackageManager: Failed to scan /product/priv-app/WellbeingPrebuilt: Package com.google.android.apps.wellbeing at /product/priv-app/WellbeingPrebuilt ignored: updated version 787857 better than this 756717
01-28 22:58:06.430  1475  1475 W PackageManager: Failed to scan /product/priv-app/WeatherPixelPrebuilt_10006113: Package com.google.android.apps.weather at /product/priv-app/WeatherPixelPrebuilt_10006113 ignored: updated version 10007483 better than this 10006113
01-28 22:58:06.431   956  1647 D AHal::AudioMetric: UpdatePlaybackMetadata: New Playback Info: PlaybackInfo {}
01-28 22:58:06.431   956  1647 D BTAudioSessionAidl: GetSupportedLatencyModes - SessionType=LE_AUDIO_HARDWARE_OFFLOAD_ENCODING_DATAPATH has NO session
01-28 22:58:06.431   956  1647 D BTAudioSessionAidl: SetLatencyMode - SessionType=LE_AUDIO_HARDWARE_OFFLOAD_ENCODING_DATAPATH has NO session
01-28 22:58:06.431   956  1647 D BTAudioSessionAidl: GetSupportedLatencyModes - SessionType=A2DP_HARDWARE_OFFLOAD_ENCODING_DATAPATH has NO session
01-28 22:58:06.431   956  1647 D BTAudioSessionAidl: SetLatencyMode - SessionType=A2DP_HARDWARE_OFFLOAD_ENCODING_DATAPATH has NO session
01-28 22:58:06.431  1007  1007 V APM_AudioPolicyManager: setOutputDevices() AF::createAudioPatch returned 0 patchHandle 20 num_sources 1 num_sinks 1
01-28 22:58:06.431  1007  1007 V APM_AudioPolicyManager: computeVolume volume source 13, index 0,  devices 0x2, compute internal 1 
01-28 22:58:06.431  1007  1007 V APM_AudioPolicyManager: computeVolume volume source 14, index 0,  devices 0x2, compute internal 1 
01-28 22:58:06.431  1007  1007 V APM_AudioPolicyManager: computeVolume volume source 15, index 0,  devices 0x2, compute internal 1 
01-28 22:58:06.431  1007  1007 I AudioFlinger: openOutput() this 0xb400007df6e14040, module 10 Device AUDIO_DEVICE_OUT_SPEAKER, @:, SamplingRate 8000, Format 0x1000000, Channels 0x1, flags 0x20031
01-28 22:58:06.431  1007  1007 D DeviceHalAidl: [default] openOutputStream: handle: 29 devices 2 flags 20031 mixPortHalId 3
01-28 22:58:06.431  1007  1007 D Hal2AidlMapper: [default] prepareToOpenStream: handle 29, mixPortHalId 3, device AudioDevice{type: AudioDeviceDescription{type: OUT_SPEAKER, connection: }, address: AudioDeviceAddress{id: }}, flags AudioIoFlags{output: 32817}, source SYS_RESERVED_INVALID, config AudioConfig{base: AudioConfigBase{sampleRate: 8000, channelMask: AudioChannelLayout{layoutMask: 1}, format: AudioFormatDescription{type: DEFAULT, pcm: DEFAULT, encoding: audio/mpeg}}, offloadInfo: AudioOffloadInfo{base: AudioConfigBase{sampleRate: 8000, channelMask: AudioChannelLayout{layoutMask: 1}, format: AudioFormatDescription{type: DEFAULT, pcm: DEFAULT, encoding: audio/mpeg}}, streamType: SYS_RESERVED_DEFAULT, bitRatePerSecond: 0, durationUs: 0, hasVideo: false, isStreaming: false, bitWidth: 16, offloadBufferSize: 0, usage: UNKNOWN, encapsulationMode: NONE, contentId: 0, syncId: 0}, frameCount: 0}, mixport config AudioPortConfig{id: 0, portId: 0, sampleRate: (null), channelMask: (null), format: (null), gain: (null), flags: (null), ext: AudioPortExt{unspecified
01-28 22:58:06.431   956  1647 I ASvc::Module: setAudioPortConfig: requested = AudioPortConfig{id: 100001, portId: 100001, sampleRate: Int{value: 8000}, channelMask: AudioChannelLayout{layoutMask: 1}, format: AudioFormatDescription{type: DEFAULT, pcm: DEFAULT, encoding: audio/mpeg}, gain: (null), flags: AudioIoFlags{output: 0}, ext: AudioPortExt{device: AudioPortDeviceExt{device: AudioDevice{type: AudioDeviceDescription{type: OUT_SPEAKER, connection: }, address: AudioDeviceAddress{id: }}, flags: 1, encodedFormats: [], encapsulationModes: 0, encapsulationMetadataTypes: 0, speakerLayout: (null)}}}
01-28 22:58:06.431   956  1647 W AHal::PortRouteManager: UpdatePortConfiguration: format not found in the profile list, requested format: AudioFormatDescription{type: DEFAULT, pcm: DEFAULT, encoding: audio/mpeg}, use AudioFormatDescription{type: PCM, pcm: FLOAT_32_BIT, encoding: } instead
01-28 22:58:06.432   956  1647 I ASvc::Module: setAudioPortConfig: requested = AudioPortConfig{id: 100001, portId: 100001, sampleRate: Int{value: 48000}, channelMask: AudioChannelLayout{layoutMask: 3}, format: AudioFormatDescription{type: PCM, pcm: FLOAT_32_BIT, encoding: }, gain: (null), flags: AudioIoFlags{output: 0}, ext: AudioPortExt{device: AudioPortDeviceExt{device: AudioDevice{type: AudioDeviceDescription{type: OUT_SPEAKER, connection: }, address: AudioDeviceAddress{id: }}, flags: 1, encodedFormats: [], encapsulationModes: 0, encapsulationMetadataTypes: 0, speakerLayout: (null)}}}
01-28 22:58:06.432   956  1647 I AHal::PortRouteManager: UpdatePortConfiguration: update config 100001 on speaker/100001
01-28 22:58:06.432   956  1647 I ASvc::Module: setAudioPortConfig: requested = AudioPortConfig{id: 0, portId: 3, sampleRate: Int{value: 8000}, channelMask: AudioChannelLayout{layoutMask: 1}, format: AudioFormatDescription{type: DEFAULT, pcm: DEFAULT, encoding: audio/mpeg}, gain: (null), flags: AudioIoFlags{output: 32817}, ext: AudioPortExt{mix: AudioPortMixExt{handle: 29, usecase: AudioPortMixExtUseCase{unspecified: false}, maxOpenStreamCount: 0, maxActiveStreamCount: 0, recommendedMuteDurationMs: 0}}}
01-28 22:58:06.432   956  1647 I AHal::PortRouteManager: AddPortConfiguration: add config 400003 on compress-offload-playback/3
01-28 22:58:06.432   956  1647 I AHal::PortRouteManager: UpdateOrAddPatch: add patch 3, AudioPatch{id: 3, source: [400003/3: compress-offload-playback], sink: [100001/100001: speaker], min frames: 1024, latencies: [50]}
01-28 22:58:06.432   956  1647 I AHal::Router: InvalidateLocked: nothing change between graph #4 and #5
01-28 22:58:06.432  1007  1007 W libbinder.Binder: Binder 0xb400007e36e15b28 destroyed after setInheritRt before being parceled.
01-28 22:58:06.432  1007  1007 W libbinder.Binder: Binder 0xb400007e36e15b28 destroyed after setMinSchedulerPolicy before being parceled.
01-28 22:58:06.432  1475  1475 W PackageManager: Failed to scan /product/priv-app/RecorderPrebuilt_725581069: Package com.google.android.apps.recorder at /product/priv-app/RecorderPrebuilt_725581069 ignored: updated version 42374113 better than this 42239713
01-28 22:58:06.432   956  1647 I ASvc::Module: openOutputStream: open output stream on the port config 400003, bufferSizeFrames = 1024, sourceMetadata = SourceMetadata{tracks: [PlaybackTrackMetadata{usage: UNKNOWN, contentType: UNKNOWN, gain: 0.000000, channelMask: AudioChannelLayout{none: 0}, sourceDevice: (null), tags: []}]}, offloadInfo = AudioOffloadInfo{base: AudioConfigBase{sampleRate: 8000, channelMask: AudioChannelLayout{layoutMask: 1}, format: AudioFormatDescription{type: DEFAULT, pcm: DEFAULT, encoding: audio/mpeg}}, streamType: SYS_RESERVED_DEFAULT, bitRatePerSecond: 0, durationUs: 0, hasVideo: false, isStreaming: false, bitWidth: 16, offloadBufferSize: 0, usage: UNKNOWN, encapsulationMode: NONE, contentId: 0, syncId: 0}
01-28 22:58:06.432  1475  1475 W PackageManager: Failed to scan /product/priv-app/GoogleCamera: Package com.google.android.GoogleCamera at /product/priv-app/GoogleCamera ignored: updated version 68920636 better than this 68281438
01-28 22:58:06.432   956  1647 I ASvc::Queues: InitializeMessageQueues: data queue size 131072 bytes
01-28 22:58:06.432   956  1647 D ASvc::Queues: FillStreamDescriptor: StreamDescriptor{command: MQDescriptor{grantors: [GrantorDescriptor{fdIndex: 0, offset: 0, extent: 8}, GrantorDescriptor{fdIndex: 0, offset: 8, extent: 8}, GrantorDescriptor{fdIndex: 0, offset: 16, extent: 8}, GrantorDescriptor{fdIndex: 0, offset: 24, extent: 4}], handle: NativeHandle{fds: [fd:27], ints: []}, quantum: 8, flags: 1}, reply: MQDescriptor{grantors: [GrantorDescriptor{fdIndex: 0, offset: 0, extent: 8}, GrantorDescriptor{fdIndex: 0, offset: 8, extent: 8}, GrantorDescriptor{fdIndex: 0, offset: 16, extent: 56}, GrantorDescriptor{fdIndex: 0, offset: 72, extent: 4}], handle: NativeHandle{fds: [fd:28], ints: []}, quantum: 56, flags: 1}, frameSizeBytes: 1, bufferSizeFrames: 131072, audio: AudioBuffer{fmq: MQDescriptor{grantors: [GrantorDescriptor{fdIndex: 0, offset: 0, extent: 8}, GrantorDescriptor{fdIndex: 0, offset: 8, extent: 8}, GrantorDescriptor{fdIndex: 0, offset: 16, extent: 131072}, GrantorDescriptor{fdIndex: 0, offset: 131088, extent: 4}], handle: NativeHandle{fds: [fd:29], ints: []}, quantum: 1, flags: 1}}}
01-28 22:58:06.432  1475  1475 W PackageManager: Failed to scan /product/priv-app/PixelCameraServicesConnectivityClient: Package com.google.android.apps.camera.services at /product/priv-app/PixelCameraServicesConnectivityClient ignored: updated version 449113 better than this 421585
01-28 22:58:06.433   956  1760 I AUtl::Worker: Loop: aw-compress-offload-playback started
01-28 22:58:06.433   956  1761 I AUtl::Worker: Loop: pw-compress-offload-playback started
01-28 22:58:06.433   956  1762 I AUtl::Worker: Loop: cw-compress-offload-playback started
01-28 22:58:06.433   956  1647 D AHal::AudioMetric: UpdatePlaybackMetadata: New Playback Info: PlaybackInfo {}
01-28 22:58:06.433   956  1647 D BTAudioSessionAidl: GetSupportedLatencyModes - SessionType=LE_AUDIO_HARDWARE_OFFLOAD_ENCODING_DATAPATH has NO session
01-28 22:58:06.433   956  1647 D BTAudioSessionAidl: SetLatencyMode - SessionType=LE_AUDIO_HARDWARE_OFFLOAD_ENCODING_DATAPATH has NO session
01-28 22:58:06.433   956  1647 D BTAudioSessionAidl: GetSupportedLatencyModes - SessionType=A2DP_HARDWARE_OFFLOAD_ENCODING_DATAPATH has NO session
01-28 22:58:06.433   956  1647 D BTAudioSessionAidl: SetLatencyMode - SessionType=A2DP_HARDWARE_OFFLOAD_ENCODING_DATAPATH has NO session
01-28 22:58:06.433   956  1647 I ASvc::Module: openOutputStream: create compress-offload-playback(0xb400007062cd6c90)
01-28 22:58:06.434  1475  1475 W PackageManager: Failed to scan /product/priv-app/PartnerSetupPrebuilt: Package com.google.android.partnersetup at /product/priv-app/PartnerSetupPrebuilt ignored: updated version 7885 better than this 2869
01-28 22:58:06.434  1007  1007 D StreamHalAidl: [out|ioHandle:29] StreamHalAidl
01-28 22:58:06.434  1007  1007 D StreamHalAidl: [out|ioHandle:29] getAudioProperties
01-28 22:58:06.434   956  1647 I ASvc::StreamCommonImpl: setVendorParameters: parameter = [VendorParameter{id: aosp.createMmapBuffer, ext: AParcelableHolder}]
01-28 22:58:06.434  1007  1007 D StreamHalAidl: [out|ioHandle:29] getFrameSize
01-28 22:58:06.434  1007  1007 D StreamHalAidl: [out|ioHandle:29] getAudioProperties
01-28 22:58:06.434  1007  1007 D StreamHalAidl: [out|ioHandle:29] getAudioProperties
01-28 22:58:06.434  1007  1007 D StreamHalAidl: [out|ioHandle:29] getBufferSize
01-28 22:58:06.434  1007  1007 I StreamHalAidl: [out|ioHandle:29] getBufferSize: size: 131072
01-28 22:58:06.434  1007  1007 I AudioFlinger: HAL output buffer size 131072 frames, normal sink buffer size 131072 frames
01-28 22:58:06.434   956  1762 I AHal::TinycompressDriverOperations: GetPosition: compress not ready
01-28 22:58:06.434  1475  1475 W PackageManager: Failed to scan /product/priv-app/CarrierWifi: Package com.google.android.apps.carrier.carrierwifi at /product/priv-app/CarrierWifi ignored: updated version 122 better than this 104
01-28 22:58:06.434  1475  1475 W PackageManager: Failed to parse /product/priv-app/PrebuiltGmsCore: Missing base APK in /product/priv-app/PrebuiltGmsCore
01-28 22:58:06.434  1007  1007 D StreamHalAidl: [out|ioHandle:29] setCallback
01-28 22:58:06.435  1475  1475 W PackageManager: Failed to scan /product/priv-app/SafetyHubPrebuilt: Package com.google.android.apps.safetyhub at /product/priv-app/SafetyHubPrebuilt ignored: updated version 100747262 better than this 100693219
01-28 22:58:06.435  1007  1764 I AudioFlinger: AudioFlinger's thread 0xb400007dd6e12010 tid=1764 ready to run
01-28 22:58:06.435  1007  1764 W AudioFlinger: no wake lock to update, system not ready yet
01-28 22:58:06.435  1007  1007 D StreamHalAidl: [out|ioHandle:29] dump
01-28 22:58:06.437  1007  1007 D StreamHalAidl: [out|ioHandle:29] exit
01-28 22:58:06.437   956  1647 I ASvc::StreamCommonImpl: prepareToClose (compress-offload-playback)
01-28 22:58:06.437  1475  1475 W PackageManager: Failed to scan /product/priv-app/PrebuiltBugle: Package com.google.android.apps.messaging at /product/priv-app/PrebuiltBugle ignored: updated version 297352063 better than this 278732063
01-28 22:58:06.437  1007  1764 W AudioFlinger: no wake lock to update, system not ready yet
01-28 22:58:06.437  1007  1764 D StreamHalAidl: [out|ioHandle:29] drain: stream already in STANDBY state
01-28 22:58:06.437  1007  1764 W StreamHalAidl: [out|ioHandle:29] onAsyncDrainReady: unexpected onDrainReady in the state STANDBY
01-28 22:58:06.437  1007  1007 D StreamHalAidl: [out|ioHandle:29] close
01-28 22:58:06.438   956  1647 I ASvc::StreamCommonImpl: close (compress-offload-playback) : closing compress-offload-playback, on 400003
01-28 22:58:06.438   956  1762 I ASvc::CommandWorker: cw-compress-offload-playback: exit command form HAL
01-28 22:58:06.438   956  1762 I AUtl::Worker: Loop: cw-compress-offload-playback thread exit
01-28 22:58:06.438   956  1760 I AUtl::Worker: Loop: aw-compress-offload-playback thread exit
01-28 22:58:06.438   956  1761 I AUtl::Worker: Loop: pw-compress-offload-playback thread exit
01-28 22:58:06.438  1007  1007 D DeviceHalAidl: [default] streamClosed
01-28 22:58:06.438  1007  1007 D Hal2AidlMapper: [default] releaseAudioPatch: patchId 3
01-28 22:58:06.438   956  1647 I ASvc::Module: resetAudioPatch: patch id = 3
01-28 22:58:06.438   956  1647 I AHal::Router: InvalidateLocked: nothing change between graph #5 and #6
01-28 22:58:06.439   956  1647 W AUtl::WakeLock: Release: failed to release wake lock for aw-compress-offload-playback
01-28 22:58:06.439  1007  1007 I AudioFlinger: openOutput() this 0xb400007df6e14040, module 10 Device AUDIO_DEVICE_OUT_SPEAKER, @:, SamplingRate 48000, Format 0x000001, Channels 0x20000003, flags 0
01-28 22:58:06.439  1007  1007 D DeviceHalAidl: [default] openOutputStream: handle: 37 devices 2 flags 0 mixPortHalId 4
01-28 22:58:06.439  1475  1475 W PackageManager: Failed to scan /product/priv-app/PrebuiltDeskClockGoogle_76007351: Package com.google.android.deskclock at /product/priv-app/PrebuiltDeskClockGoogle_76007351 ignored: updated version 76042511 better than this 76007351
01-28 22:58:06.439  1007  1007 D Hal2AidlMapper: [default] prepareToOpenStream: handle 37, mixPortHalId 4, device AudioDevice{type: AudioDeviceDescription{type: OUT_SPEAKER, connection: }, address: AudioDeviceAddress{id: }}, flags AudioIoFlags{output: 0}, source SYS_RESERVED_INVALID, config AudioConfig{base: AudioConfigBase{sampleRate: 48000, channelMask: AudioChannelLayout{layoutMask: 1073741827}, format: AudioFormatDescription{type: PCM, pcm: INT_16_BIT, encoding: }}, offloadInfo: AudioOffloadInfo{base: AudioConfigBase{sampleRate: 0, channelMask: AudioChannelLayout{none: 0}, format: AudioFormatDescription{type: DEFAULT, pcm: DEFAULT, encoding: }}, streamType: VOICE_CALL, bitRatePerSecond: 0, durationUs: 0, hasVideo: false, isStreaming: false, bitWidth: 16, offloadBufferSize: 0, usage: UNKNOWN, encapsulationMode: NONE, contentId: 0, syncId: 0}, frameCount: 0}, mixport config AudioPortConfig{id: 0, portId: 0, sampleRate: (null), channelMask: (null), format: (null), gain: (null), flags: (null), ext: AudioPortExt{unspecified: false}}
01-28 22:58:06.439  1007  1007 D Hal2AidlMapper: [default] resetPortConfig: AudioPortConfig{id: 400003, portId: 3, sampleRate: Int{value: 8000}, channelMask: AudioChannelLayout{layoutMask: 1}, format: AudioFormatDescription{type: DEFAULT, pcm: DEFAULT, encoding: audio/mpeg}, gain: (null), flags: AudioIoFlags{output: 32817}, ext: AudioPortExt{mix: AudioPortMixExt{handle: 29, usecase: AudioPortMixExtUseCase{unspecified: false}, maxOpenStreamCount: 1, maxActiveStreamCount: 1, recommendedMuteDurationMs: 0}}}
01-28 22:58:06.439  1475  1475 W PackageManager: Failed to scan /product/priv-app/DreamlinerDreamsPrebuilt_100894: Package com.google.assistant.hubui at /product/priv-app/DreamlinerDreamsPrebuilt_100894 ignored: updated version 385128 better than this 303736
01-28 22:58:06.439   956  1647 I ASvc::Module: resetAudioPortConfig: port config id = 400003
01-28 22:58:06.439  1475  1475 W PackageManager: Failed to scan /product/priv-app/SettingsIntelligenceGooglePrebuilt: Package com.google.android.settings.intelligence at /product/priv-app/SettingsIntelligenceGooglePrebuilt ignored: updated version 1000267841 better than this 1000242341
01-28 22:58:06.439   956  1647 I ASvc::Module: setAudioPortConfig: requested = AudioPortConfig{id: 100001, portId: 100001, sampleRate: Int{value: 48000}, channelMask: AudioChannelLayout{layoutMask: 1073741827}, format: AudioFormatDescription{type: PCM, pcm: INT_16_BIT, encoding: }, gain: (null), flags: AudioIoFlags{output: 0}, ext: AudioPortExt{device: AudioPortDeviceExt{device: AudioDevice{type: AudioDeviceDescription{type: OUT_SPEAKER, connection: }, address: AudioDeviceAddress{id: }}, flags: 1, encodedFormats: [], encapsulationModes: 0, encapsulationMetadataTypes: 0, speakerLayout: (null)}}}
01-28 22:58:06.439   956  1647 W AHal::PortRouteManager: UpdatePortConfiguration: format not found in the profile list, requested format: AudioFormatDescription{type: PCM, pcm: INT_16_BIT, encoding: }, use AudioFormatDescription{type: PCM, pcm: FLOAT_32_BIT, encoding: } instead
01-28 22:58:06.439  1475  1475 W PackageManager: Failed to scan /product/priv-app/TipsPrebuilt_v6.0.0.734377952: Package com.google.android.apps.tips at /product/priv-app/TipsPrebuilt_v6.0.0.734377952 ignored: updated version 70057215 better than this 52107211
01-28 22:58:06.439   956  1647 I ASvc::Module: setAudioPortConfig: requested = AudioPortConfig{id: 100001, portId: 100001, sampleRate: Int{value: 48000}, channelMask: AudioChannelLayout{layoutMask: 3}, format: AudioFormatDescription{type: PCM, pcm: FLOAT_32_BIT, encoding: }, gain: (null), flags: AudioIoFlags{output: 0}, ext: AudioPortExt{device: AudioPortDeviceExt{device: AudioDevice{type: AudioDeviceDescription{type: OUT_SPEAKER, connection: }, address: AudioDeviceAddress{id: }}, flags: 1, encodedFormats: [], encapsulationModes: 0, encapsulationMetadataTypes: 0, speakerLayout: (null)}}}
01-28 22:58:06.439   956  1647 I AHal::PortRouteManager: UpdatePortConfiguration: update config 100001 on speaker/100001
01-28 22:58:06.439   967  1037 D CHRE    : @  17.134: Load nanoapp request for app ID 0x476f6f676c00100d ver 0x15 flags 0x1 target API 0x010c0000 size 62336 (txnId 6 client 511)
01-28 22:58:06.439  1475  1475 W PackageManager: Failed to scan /product/priv-app/DevicePersonalizationPrebuiltPixel2023-playstore_aiai_20250306.00_RC10: Package com.google.android.as at /product/priv-app/DevicePersonalizationPrebuiltPixel2023-playstore_aiai_20250306.00_RC10 ignored: updated version 14834668 better than this 14796028
01-28 22:58:06.439   956  1647 I ASvc::Module: setAudioPortConfig: requested = AudioPortConfig{id: 0, portId: 4, sampleRate: Int{value: 48000}, channelMask: AudioChannelLayout{layoutMask: 1073741827}, format: AudioFormatDescription{type: PCM, pcm: INT_16_BIT, encoding: }, gain: (null), flags: AudioIoFlags{output: 0}, ext: AudioPortExt{mix: AudioPortMixExt{handle: 37, usecase: AudioPortMixExtUseCase{unspecified: false}, maxOpenStreamCount: 0, maxActiveStreamCount: 0, recommendedMuteDurationMs: 0}}}
01-28 22:58:06.439   956  1647 I AHal::PortRouteManager: AddPortConfiguration: add config 400004 on haptic-playback/4
01-28 22:58:06.440   956  1647 I AHal::PortRouteManager: UpdateOrAddPatch: add patch 4, AudioPatch{id: 4, source: [400004/4: haptic-playback], sink: [100001/100001: speaker], min frames: 480, latencies: [50]}
01-28 22:58:06.440   956  1647 I AHal::Router: InvalidateLocked: nothing change between graph #6 and #7
01-28 22:58:06.440   956  1647 I ASvc::Module: openOutputStream: open output stream on the port config 400004, bufferSizeFrames = 480, sourceMetadata = SourceMetadata{tracks: [PlaybackTrackMetadata{usage: UNKNOWN, contentType: UNKNOWN, gain: 0.000000, channelMask: AudioChannelLayout{none: 0}, sourceDevice: (null), tags: []}]}, offloadInfo = nullopt
01-28 22:58:06.440   956  1647 I ASvc::Queues: InitializeMessageQueues: data queue size 2880 bytes
01-28 22:58:06.440   956  1647 D ASvc::Queues: FillStreamDescriptor: StreamDescriptor{command: MQDescriptor{grantors: [GrantorDescriptor{fdIndex: 0, offset: 0, extent: 8}, GrantorDescriptor{fdIndex: 0, offset: 8, extent: 8}, GrantorDescriptor{fdIndex: 0, offset: 16, extent: 8}, GrantorDescriptor{fdIndex: 0, offset: 24, extent: 4}], handle: NativeHandle{fds: [fd:27], ints: []}, quantum: 8, flags: 1}, reply: MQDescriptor{grantors: [GrantorDescriptor{fdIndex: 0, offset: 0, extent: 8}, GrantorDescriptor{fdIndex: 0, offset: 8, extent: 8}, GrantorDescriptor{fdIndex: 0, offset: 16, extent: 56}, GrantorDescriptor{fdIndex: 0, offset: 72, extent: 4}], handle: NativeHandle{fds: [fd:28], ints: []}, quantum: 56, flags: 1}, frameSizeBytes: 6, bufferSizeFrames: 480, audio: AudioBuffer{fmq: MQDescriptor{grantors: [GrantorDescriptor{fdIndex: 0, offset: 0, extent: 8}, GrantorDescriptor{fdIndex: 0, offset: 8, extent: 8}, GrantorDescriptor{fdIndex: 0, offset: 16, extent: 2880}, GrantorDescriptor{fdIndex: 0, offset: 2896, extent: 4}], handle: NativeHandle{fds: [fd:29], ints: []}, quantum: 1, flags: 1}}}
01-28 22:58:06.440   956  1768 I AUtl::Worker: Loop: pw-haptic-playback started
01-28 22:58:06.440   956  1769 I AUtl::Worker: Loop: cw-haptic-playback started
01-28 22:58:06.440   956  1647 D AHal::AudioMetric: UpdatePlaybackMetadata: New Playback Info: PlaybackInfo {}
01-28 22:58:06.440  1475  1475 W PackageManager: Failed to scan /product/priv-app/PixelSupportPrebuilt: Package com.google.android.apps.pixel.support at /product/priv-app/PixelSupportPrebuilt ignored: updated version 4102 better than this 3322
01-28 22:58:06.440   956  1647 I StHal::SoundTriggerHal: ProcessStreamMetadata: active usage tracks: 0
01-28 22:58:06.441   956  1647 D BTAudioSessionAidl: GetSupportedLatencyModes - SessionType=LE_AUDIO_HARDWARE_OFFLOAD_ENCODING_DATAPATH has NO session
01-28 22:58:06.441   956  1647 D BTAudioSessionAidl: SetLatencyMode - SessionType=LE_AUDIO_HARDWARE_OFFLOAD_ENCODING_DATAPATH has NO session
01-28 22:58:06.441   956  1647 D BTAudioSessionAidl: GetSupportedLatencyModes - SessionType=A2DP_HARDWARE_OFFLOAD_ENCODING_DATAPATH has NO session
01-28 22:58:06.441   956  1647 D BTAudioSessionAidl: SetLatencyMode - SessionType=A2DP_HARDWARE_OFFLOAD_ENCODING_DATAPATH has NO session
01-28 22:58:06.441   956  1647 I ASvc::Module: openOutputStream: create haptic-playback(0xb400007062cd6c90)
01-28 22:58:06.441  1475  1475 W PackageManager: Failed to scan /product/priv-app/AndroidAutoStubPrebuilt: Package com.google.android.projection.gearhead at /product/priv-app/AndroidAutoStubPrebuilt ignored: updated version 159655114 better than this 12552680
01-28 22:58:06.441  1475  1475 W PackageManager: Failed to scan /product/priv-app/CustomizationBundlePrebuilt: Package com.google.android.apps.pixel.customizationbundle at /product/priv-app/CustomizationBundlePrebuilt ignored: updated version 10004380 better than this 10003239
01-28 22:58:06.442  1007  1007 D StreamHalAidl: [out|ioHandle:37] StreamHalAidl
01-28 22:58:06.442  1007  1007 D StreamHalAidl: [out|ioHandle:37] getAudioProperties
01-28 22:58:06.442   956  1647 I ASvc::StreamCommonImpl: setVendorParameters: parameter = [VendorParameter{id: aosp.createMmapBuffer, ext: AParcelableHolder}]
01-28 22:58:06.442  1475  1475 W PackageManager: Failed to scan /product/priv-app/GoogleRestorePrebuilt-v842048: Package com.google.android.apps.restore at /product/priv-app/GoogleRestorePrebuilt-v842048 ignored: updated version 963008 better than this 842048
01-28 22:58:06.442  1007  1007 D StreamHalAidl: [out|ioHandle:37] getFrameSize
01-28 22:58:06.442  1007  1007 D StreamHalAidl: [out|ioHandle:37] getAudioProperties
01-28 22:58:06.442  1007  1007 D StreamHalAidl: [out|ioHandle:37] getAudioProperties
01-28 22:58:06.442  1007  1007 D StreamHalAidl: [out|ioHandle:37] getBufferSize
01-28 22:58:06.442  1007  1007 I StreamHalAidl: [out|ioHandle:37] getBufferSize: size: 2880
01-28 22:58:06.442  1007  1007 I AudioFlinger: HAL output buffer size 480 frames, normal sink buffer size 960 frames
01-28 22:58:06.442  1007  1007 D StreamHalAidl: [out|ioHandle:37] getBufferSize
01-28 22:58:06.442  1475  1475 W PackageManager: Failed to scan /product/priv-app/ScribePrebuilt_v8.4.773573318: Package com.google.audio.hearing.visualization.accessibility.scribe at /product/priv-app/ScribePrebuilt_v8.4.773573318 ignored: updated version 181292 better than this 173868
01-28 22:58:06.443  1007  1007 I StreamHalAidl: [out|ioHandle:37] getBufferSize: size: 2880
01-28 22:58:06.443  1007  1007 D StreamHalAidl: [out|ioHandle:37] getAudioProperties
01-28 22:58:06.443  1007  1007 W libutils.threads: Thread (this=0xb400007f728e33c0): getTid() is undefined before run()
01-28 22:58:06.443   956  1647 I ASvc::StreamOut: getRecommendedLatencyModes: modes = [FREE]
01-28 22:58:06.443  1007  1007 D AudioFlinger: updateHalSupportedLatencyModes_l: thread(37) status 0 supported latency modes: { FREE }
01-28 22:58:06.443  1007  1771 I AudioFlinger: AudioFlinger's thread 0xb400007f730b4790 tid=1771 ready to run
01-28 22:58:06.443  1475  1475 W PackageManager: Failed to scan /product/priv-app/DeviceIntelligenceNetworkPrebuilt-astrea_20240329.00_RC02: Package com.google.android.as.oss at /product/priv-app/DeviceIntelligenceNetworkPrebuilt-astrea_20240329.00_RC02 ignored: updated version 119015 better than this 55115
01-28 22:58:06.444  1007  1771 W AudioFlinger: no wake lock to update, system not ready yet
01-28 22:58:06.444  1007  1771 D StreamHalAidl: [out|ioHandle:37] standby
01-28 22:58:06.444  1007  1007 V APM_AudioPolicyManager: checkAndSetVolume if deviceTypes is change from none to device 0x2, need get index 0
01-28 22:58:06.444  1007  1007 V APM_AudioPolicyManager: checkAndSetVolume if deviceTypes is change from none to device 0x2, need get index 0
01-28 22:58:06.444  1007  1007 V APM_AudioPolicyManager: checkAndSetVolume if deviceTypes is change from none to device 0x2, need get index 0
01-28 22:58:06.444  1007  1007 V APM_AudioPolicyManager: checkAndSetVolume if deviceTypes is change from none to device 0x2, need get index 0
01-28 22:58:06.444  1007  1007 V APM_AudioPolicyManager: checkAndSetVolume if deviceTypes is change from none to device 0x2, need get index 0
01-28 22:58:06.444  1007  1007 V APM_AudioPolicyManager: checkAndSetVolume if deviceTypes is change from none to device 0x2, need get index 0
01-28 22:58:06.444  1007  1007 V APM_AudioPolicyManager: checkAndSetVolume if deviceTypes is change from none to device 0x2, need get index 0
01-28 22:58:06.444  1007  1007 V APM_AudioPolicyManager: checkAndSetVolume if deviceTypes is change from none to device 0x2, need get index 0
01-28 22:58:06.444  1007  1007 V APM_AudioPolicyManager: checkAndSetVolume if deviceTypes is change from none to device 0x2, need get index 0
01-28 22:58:06.444  1007  1007 V APM_AudioPolicyManager: checkAndSetVolume if deviceTypes is change from none to device 0x2, need get index 0
01-28 22:58:06.444  1007  1007 V APM_AudioPolicyManager: checkAndSetVolume if deviceTypes is change from none to device 0x2, need get index 0
01-28 22:58:06.444  1007  1007 V APM_AudioPolicyManager: checkAndSetVolume if deviceTypes is change from none to device 0x2, need get index 0
01-28 22:58:06.444  1007  1007 V APM_AudioPolicyManager: checkAndSetVolume if deviceTypes is change from none to device 0x2, need get index 0
01-28 22:58:06.444  1007  1007 V APM_AudioPolicyManager: computeVolume volume source 13, index 0,  devices 0x2, compute internal 1 
01-28 22:58:06.445  1007  1007 V APM_AudioPolicyManager: checkAndSetVolume if deviceTypes is change from none to device 0x2, need get index 0
01-28 22:58:06.445  1007  1007 V APM_AudioPolicyManager: computeVolume volume source 14, index 0,  devices 0x2, compute internal 1 
01-28 22:58:06.445  1007  1007 V APM_AudioPolicyManager: checkAndSetVolume if deviceTypes is change from none to device 0x2, need get index 0
01-28 22:58:06.445  1007  1007 V APM_AudioPolicyManager: computeVolume volume source 15, index 0,  devices 0x2, compute internal 1 
01-28 22:58:06.445  1475  1475 W PackageManager: Failed to scan /product/priv-app/OdadPrebuilt: Package com.google.android.odad at /product/priv-app/OdadPrebuilt ignored: updated version 85406 better than this 64325
01-28 22:58:06.446  1007  1007 V APM_AudioPolicyManager: selectOutputForMusicEffects selected output 13
01-28 22:58:06.446  1007  1007 V APM_AudioPolicyManager: setOutputDevices caller onNewAudioModulesAvailableInt[[portId:9][io:37, haptic-playback]] device {AUDIO_DEVICE_OUT_SPEAKER, @:} delayMs 0
01-28 22:58:06.446  1007  1007 V APM_AudioPolicyManager: setOutputDevices caller onNewAudioModulesAvailableInt[[portId:9][io:37, haptic-playback]] prevDevice {AUDIO_DEVICE_OUT_SPEAKER, @:}
01-28 22:58:06.446  1475  1475 W PackageManager: Failed to scan /product/priv-app/SCONE-v51348: Package com.google.android.apps.scone at /product/priv-app/SCONE-v51348 ignored: updated version 64263 better than this 51348
01-28 22:58:06.446  1475  1475 W PackageManager: Failed to scan /product/priv-app/TurboPrebuilt: Package com.google.android.apps.turbo at /product/priv-app/TurboPrebuilt ignored: updated version 10272212 better than this 10271342
01-28 22:58:06.447  1475  1475 D CompatChangeReporter: Compat change id reported: 168782947; UID -1; state: ENABLED
01-28 22:58:06.448  1475  1475 W PackageManager: Failed to scan /product/priv-app/AdaptiveVPNPrebuilt-10435: Package com.google.android.apps.privacy.wildlife at /product/priv-app/AdaptiveVPNPrebuilt-10435 ignored: updated version 108462 better than this 10435
01-28 22:58:06.448  1475  1724 D PackageCacher: Feature flags for package /system_ext/priv-app/SettingsGoogle: {android.view.contentprotection.flags.exported_settings_activity_enabled=true, com.android.settings.flags.deeplink_others_25q4=true, android.app.ui_rich_ongoing=true, com.android.settings.flags.deeplink_display_and_touch_25q4=true, android.security.aapm_api=true, com.android.settings.flags.deeplink_sound_and_vibration_25q4=true, com.android.settingslib.flags.settings_catalyst=true, com.android.settings.flags.deeplink_apps_25q4=true, com.android.settings.flags.deeplink_battery_25q4=true, android.app.supervision.flags.enable_supervision_settings_screen=true, com.android.settings.flags.device_state=true, com.android.settings.flags.catalyst_adaptive_connectivity=true, com.android.settings.flags.deeplink_notifications_25q4=true, android.app.supervision.flags.supervision_manager_apis=true, com.android.settings.flags.deeplink_modes_25q4=true, com.android.settings.flags.resolve_missing_when_to_dream=true, com.android.settings.flags.deeplink_system_25q4=true, com.android.settings.flags.catalyst_service=true, com.android.settings.flags.enable_safety_center_new_ui=false, android.provider.new_default_account_api_enabled=true}
01-28 22:58:06.449  1475  1475 W PackageManager: Failed to scan /product/priv-app/AICorePrebuilt-aicore_20250130.00_RC01: Package com.google.android.aicore at /product/priv-app/AICorePrebuilt-aicore_20250130.00_RC01 ignored: updated version 330445 better than this 151239
01-28 22:58:06.449  1007  1007 I APM::AudioPolicyEngine: getDevicesForStrategyInt no device found for strategy 8
01-28 22:58:06.449  1475  1475 W PackageManager: Failed to scan /product/priv-app/Phonesky: Package com.android.vending at /product/priv-app/Phonesky ignored: updated version 84982030 better than this 84793030
01-28 22:58:06.449  1007  1007 V APM_AudioPolicyManager: setOutputDevices caller onNewAudioModulesAvailableInt[[portId:9][io:37, haptic-playback]] changing device to {AUDIO_DEVICE_OUT_SPEAKER, @:}
01-28 22:58:06.450  1475  1475 W PackageManager: Failed to scan /product/app/YouTubeMusicPrebuilt: Package com.google.android.apps.youtube.music at /product/app/YouTubeMusicPrebuilt ignored: updated version 90352240 better than this 80950240
01-28 22:58:06.450  1475  1475 W PackageManager: Failed to scan /product/app/Chrome-Stub: Package com.android.chrome at /product/app/Chrome-Stub ignored: updated version 755909033 better than this 699813532
01-28 22:58:06.450  1475  1475 W PackageManager: Failed to parse /product/app/Chrome: Missing base APK in /product/app/Chrome
01-28 22:58:06.452  1475  1727 D PackageCacher: Feature flags for package /system_ext/priv-app/SystemUIGoogle: {com.android.systemui.multiuser_open_user_switcher_dialog=true, com.android.wm.shell.enable_retrievable_bubbles=false}
01-28 22:58:06.455   967  1037 D CHRE    : @  17.150: Load manager load complete...
01-28 22:58:06.455   967  1037 D CHRE    : @  17.150: Instance ID 7 assigned to app ID 0x476f6f676c00100d
01-28 22:58:06.455  1767  1767 W libbinder.BackendUnifiedServiceManager: Thread Pool max thread count is 0. Cannot cache binder as linkToDeath cannot be implemented. serviceName: android.hardware.power.IPower/default
01-28 22:58:06.455  1767  1767 W pixel-thermal: AIBinder_linkToDeath is being called with a non-null cookie and no onUnlink callback set. This might not be intended. AIBinder_DeathRecipient_setOnUnlinked should be called first.
01-28 22:58:06.455  1767  1767 W libbinder.BpBinder: Linking to death on google.hardware.power.extension.pixel.IPowerExt but there are no threads (yet?) listening to incoming transactions. See ProcessState::startThreadPool and ProcessState::setThreadPoolMaxThreadCount. Generally you should setup the binder threadpool before other initialization steps.
01-28 22:58:06.455  1475  1726 D PackageCacher: Feature flags for package /system_ext/priv-app/NexusLauncherRelease: {com.android.launcher3.show_files_on_home_screen=false, com.android.window.flags.grant_manage_key_gestures_to_recents=true}
01-28 22:58:06.457  1767  1767 I pixel-thermal: Comment: 
01-28 22:58:06.457  1767  1767 I pixel-thermal: CoolingDevice[0]'s Name: thermal-cpufreq-0
01-28 22:58:06.457  1767  1767 I pixel-thermal: CoolingDevice[thermal-cpufreq-0]'s Multiplier: 1
01-28 22:58:06.457  1767  1767 I pixel-thermal: CoolingDevice[thermal-cpufreq-0]'s Type: CPU
01-28 22:58:06.457  1767  1767 I pixel-thermal: Cdev Read Path: default
01-28 22:58:06.457  1767  1767 I pixel-thermal: Cdev Write Path: /dev/thermal/cdev-by-name/thermal-cpufreq-0/user_vote
01-28 22:58:06.457  1767  1767 I pixel-thermal: CoolingDevice[0]'s Name: thermal-cpufreq-0 does not support State2Power in thermal config
01-28 22:58:06.457  1767  1767 I pixel-thermal: CoolingDevice[1]'s Name: thermal-cpufreq-1
01-28 22:58:06.457  1767  1767 I pixel-thermal: CoolingDevice[thermal-cpufreq-1]'s Multiplier: 1
01-28 22:58:06.457  1767  1767 I pixel-thermal: CoolingDevice[thermal-cpufreq-1]'s Type: CPU
01-28 22:58:06.457  1767  1767 I pixel-thermal: Cdev Read Path: default
01-28 22:58:06.457  1767  1767 I pixel-thermal: Cdev Write Path: /dev/thermal/cdev-by-name/thermal-cpufreq-1/user_vote
01-28 22:58:06.457  1767  1767 I pixel-thermal: CoolingDevice[1]'s Name: thermal-cpufreq-1 does not support State2Power in thermal config
01-28 22:58:06.457  1767  1767 I pixel-thermal: CoolingDevice[2]'s Name: thermal-cpufreq-2
01-28 22:58:06.457  1767  1767 I pixel-thermal: CoolingDevice[thermal-cpufreq-2]'s Multiplier: 1
01-28 22:58:06.457  1767  1767 I pixel-thermal: CoolingDevice[thermal-cpufreq-2]'s Type: CPU
01-28 22:58:06.457  1767  1767 I pixel-thermal: Cdev Read Path: default
01-28 22:58:06.457  1767  1767 I pixel-thermal: Cdev Write Path: /dev/thermal/cdev-by-name/thermal-cpufreq-2/user_vote
01-28 22:58:06.457  1767  1767 I pixel-thermal: CoolingDevice[2]'s Name: thermal-cpufreq-2 does not support State2Power in thermal config
01-28 22:58:06.457  1767  1767 I pixel-thermal: CoolingDevice[3]'s Name: thermal-gpufreq-0
01-28 22:58:06.457  1767  1767 I pixel-thermal: CoolingDevice[thermal-gpufreq-0]'s Multiplier: 1
01-28 22:58:06.457  1767  1767 I pixel-thermal: CoolingDevice[thermal-gpufreq-0]'s Type: GPU
01-28 22:58:06.457  1767  1767 I pixel-thermal: Cdev Read Path: default
01-28 22:58:06.457  1767  1767 I pixel-thermal: Cdev Write Path: /dev/thermal/cdev-by-name/thermal-gpufreq-0/user_vote
01-28 22:58:06.457  1767  1767 I pixel-thermal: CoolingDevice[3]'s Name: thermal-gpufreq-0 does not support State2Power in thermal config
01-28 22:58:06.457  1767  1767 I pixel-thermal: CoolingDevice[4]'s Name: chg_mdis
01-28 22:58:06.457  1767  1767 I pixel-thermal: CoolingDevice[chg_mdis]'s Multiplier: 1
01-28 22:58:06.457  1767  1767 I pixel-thermal: CoolingDevice[chg_mdis]'s Type: BATTERY
01-28 22:58:06.457  1767  1767 I pixel-thermal: Cdev Read Path: default
01-28 22:58:06.457  1767  1767 I pixel-thermal: Cdev Write Path: default
01-28 22:58:06.457  1767  1767 I pixel-thermal: CoolingDevice[4]'s Name: chg_mdis does not support State2Power in thermal config
01-28 22:58:06.457  1767  1767 I pixel-thermal: CoolingDevice[5]'s Name: usbc-port
01-28 22:58:06.457  1767  1767 I pixel-thermal: CoolingDevice[usbc-port]'s Multiplier: 1
01-28 22:58:06.457  1767  1767 I pixel-thermal: CoolingDevice[usbc-port]'s Type: BATTERY
01-28 22:58:06.457  1767  1767 I pixel-thermal: Cdev Read Path: default
01-28 22:58:06.457  1767  1767 I pixel-thermal: Cdev Write Path: default
01-28 22:58:06.457  1767  1767 I pixel-thermal: CoolingDevice[5]'s Name: usbc-port does not support State2Power in thermal config
01-28 22:58:06.457  1767  1767 I pixel-thermal: CoolingDevice[6]'s Name: tpu_cooling
01-28 22:58:06.457  1767  1767 I pixel-thermal: CoolingDevice[tpu_cooling]'s Multiplier: 1
01-28 22:58:06.457  1767  1767 I pixel-thermal: CoolingDevice[tpu_cooling]'s Type: NPU
01-28 22:58:06.457  1767  1767 I pixel-thermal: Cdev Read Path: default
01-28 22:58:06.457  1767  1767 I pixel-thermal: Cdev Write Path: /dev/thermal/cdev-by-name/tpu_cooling/user_vote
01-28 22:58:06.457  1767  1767 I pixel-thermal: CoolingDevice[6]'s Name: tpu_cooling does not support State2Power in thermal config
01-28 22:58:06.457  1767  1767 I pixel-thermal: CoolingDevice[7]'s Name: gxp-cooling
01-28 22:58:06.457  1767  1767 I pixel-thermal: CoolingDevice[gxp-cooling]'s Multiplier: 1
01-28 22:58:06.457  1767  1767 I pixel-thermal: CoolingDevice[gxp-cooling]'s Type: NPU
01-28 22:58:06.457  1767  1767 I pixel-thermal: Cdev Read Path: default
01-28 22:58:06.457  1767  1767 I pixel-thermal: Cdev Write Path: /dev/thermal/cdev-by-name/gxp-cooling/user_vote
01-28 22:58:06.457  1767  1767 I pixel-thermal: CoolingDevice[7]'s Name: gxp-cooling does not support State2Power in thermal config
01-28 22:58:06.457  1767  1767 I pixel-thermal: 8 CoolingDevices parsed successfully
01-28 22:58:06.457  1767  1767 I pixel-thermal: Cooling device gxp-cooling use State2power read from sysfs
01-28 22:58:06.457  1767  1767 I pixel-thermal: Cooling device gxp-cooling state:0 power: 78
01-28 22:58:06.457  1767  1767 I pixel-thermal: Cooling device gxp-cooling state:1 power: 58
01-28 22:58:06.457  1767  1767 I pixel-thermal: Cooling device gxp-cooling state:2 power: 40
01-28 22:58:06.457  1767  1767 I pixel-thermal: Cooling device gxp-cooling state:3 power: 27
01-28 22:58:06.457  1767  1767 I pixel-thermal: Cooling device gxp-cooling state:4 power: 20
01-28 22:58:06.457  1767  1767 I pixel-thermal: Cooling device gxp-cooling state:5 power: 16
01-28 22:58:06.457  1767  1767 I pixel-thermal: Cooling device gxp-cooling state:6 power: 13
01-28 22:58:06.457  1767  1767 I pixel-thermal: Cooling device gxp-cooling max state: 6 state2power number: 7
01-28 22:58:06.457  1767  1767 I pixel-thermal: Cooling device tpu_cooling use State2power read from sysfs
01-28 22:58:06.457  1767  1767 I pixel-thermal: Cooling device tpu_cooling state:0 power: 6725
01-28 22:58:06.457  1767  1767 I pixel-thermal: Cooling device tpu_cooling state:1 power: 6725
01-28 22:58:06.457  1767  1767 I pixel-thermal: Cooling device tpu_cooling state:2 power: 6329
01-28 22:58:06.457  1767  1767 I pixel-thermal: Cooling device tpu_cooling state:3 power: 3404
01-28 22:58:06.457  1767  1767 I pixel-thermal: Cooling device tpu_cooling state:4 power: 2900
01-28 22:58:06.457  1767  1767 I pixel-thermal: Cooling device tpu_cooling state:5 power: 2018
01-28 22:58:06.457  1767  1767 I pixel-thermal: Cooling device tpu_cooling state:6 power: 1492
01-28 22:58:06.457  1767  1767 I pixel-thermal: Cooling device tpu_cooling state:7 power: 562
01-28 22:58:06.457  1767  1767 I pixel-thermal: Cooling device tpu_cooling max state: 7 state2power number: 8
01-28 22:58:06.457  1767  1767 I pixel-thermal: Cooling device usbc-port max state: 1 state2power number: 0
01-28 22:58:06.458  1767  1767 I pixel-thermal: Cooling device thermal-cpufreq-1 use State2power read from sysfs
01-28 22:58:06.458  1767  1767 I pixel-thermal: Cooling device thermal-cpufreq-1 state:0 power: 6056
01-28 22:58:06.458  1767  1767 I pixel-thermal: Cooling device thermal-cpufreq-1 state:1 power: 5088
01-28 22:58:06.458  1767  1767 I pixel-thermal: Cooling device thermal-cpufreq-1 state:2 power: 4168
01-28 22:58:06.458  1767  1767 I pixel-thermal: Cooling device thermal-cpufreq-1 state:3 power: 3216
01-28 22:58:06.458  1767  1767 I pixel-thermal: Cooling device thermal-cpufreq-1 state:4 power: 2552
01-28 22:58:06.458  1767  1767 I pixel-thermal: Cooling device thermal-cpufreq-1 state:5 power: 1796
01-28 22:58:06.458  1767  1767 I pixel-thermal: Cooling device thermal-cpufreq-1 state:6 power: 1472
01-28 22:58:06.458  1767  1767 I pixel-thermal: Cooling device thermal-cpufreq-1 state:7 power: 1280
01-28 22:58:06.458  1767  1767 I pixel-thermal: Cooling device thermal-cpufreq-1 state:8 power: 1064
01-28 22:58:06.458  1767  1767 I pixel-thermal: Cooling device thermal-cpufreq-1 state:9 power: 832
01-28 22:58:06.458  1767  1767 I pixel-thermal: Cooling device thermal-cpufreq-1 state:10 power: 624
01-28 22:58:06.458  1767  1767 I pixel-thermal: Cooling device thermal-cpufreq-1 state:11 power: 456
01-28 22:58:06.458  1767  1767 I pixel-thermal: Cooling device thermal-cpufreq-1 state:12 power: 424
01-28 22:58:06.458  1767  1767 I pixel-thermal: Cooling device thermal-cpufreq-1 state:13 power: 340
01-28 22:58:06.458  1767  1767 I pixel-thermal: Cooling device thermal-cpufreq-1 state:14 power: 236
01-28 22:58:06.458  1767  1767 I pixel-thermal: Cooling device thermal-cpufreq-1 max state: 14 state2power number: 15
01-28 22:58:06.458  1767  1767 I pixel-thermal: Cooling device chg_mdis use State2power read from sysfs
01-28 22:58:06.458  1767  1767 I pixel-thermal: Cooling device chg_mdis state:0 power: 3402
01-28 22:58:06.458  1767  1767 I pixel-thermal: Cooling device chg_mdis state:1 power: 3260
01-28 22:58:06.458  1767  1767 I pixel-thermal: Cooling device chg_mdis state:2 power: 3128
01-28 22:58:06.458  1767  1767 I pixel-thermal: Cooling device chg_mdis state:3 power: 3064
01-28 22:58:06.458  1767  1767 I pixel-thermal: Cooling device chg_mdis state:4 power: 3000
01-28 22:58:06.458  1767  1767 I pixel-thermal: Cooling device chg_mdis state:5 power: 2941
01-28 22:58:06.458  1767  1767 I pixel-thermal: Cooling device chg_mdis state:6 power: 2883
01-28 22:58:06.458  1767  1767 I pixel-thermal: Cooling device chg_mdis state:7 power: 2825
01-28 22:58:06.458  1767  1767 I pixel-thermal: Cooling device chg_mdis state:8 power: 2768
01-28 22:58:06.458  1767  1767 I pixel-thermal: Cooling device chg_mdis state:9 power: 2710
01-28 22:58:06.458  1767  1767 I pixel-thermal: Cooling device chg_mdis state:10 power: 2653
01-28 22:58:06.458  1767  1767 I pixel-thermal: Cooling device chg_mdis state:11 power: 2490
01-28 22:58:06.458  1767  1767 I pixel-thermal: Cooling device chg_mdis state:12 power: 2360
01-28 22:58:06.458  1767  1767 I pixel-thermal: Cooling device chg_mdis state:13 power: 2220
01-28 22:58:06.458  1767  1767 I pixel-thermal: Cooling device chg_mdis state:14 power: 2108
01-28 22:58:06.458  1767  1767 I pixel-thermal: Cooling device chg_mdis state:15 power: 1995
01-28 22:58:06.458  1767  1767 I pixel-thermal: Cooling device chg_mdis state:16 power: 1990
01-28 22:58:06.458  1767  1767 I pixel-thermal: Cooling device chg_mdis state:17 power: 1794
01-28 22:58:06.458  1767  1767 I pixel-thermal: Cooling device chg_mdis state:18 power: 1705
01-28 22:58:06.458  1767  1767 I pixel-thermal: Cooling device chg_mdis state:19 power: 1606
01-28 22:58:06.458  1767  1767 I pixel-thermal: Cooling device chg_mdis state:20 power: 1534
01-28 22:58:06.458  1767  1767 I pixel-thermal: Cooling device chg_mdis state:21 power: 1472
01-28 22:58:06.458  1767  1767 I pixel-thermal: Cooling device chg_mdis state:22 power: 1411
01-28 22:58:06.458  1767  1767 I pixel-thermal: Cooling device chg_mdis state:23 power: 1360
01-28 22:58:06.458  1767  1767 I pixel-thermal: Cooling device chg_mdis state:24 power: 1333
01-28 22:58:06.458  1767  1767 I pixel-thermal: Cooling device chg_mdis state:25 power: 1305
01-28 22:58:06.458  1767  1767 I pixel-thermal: Cooling device chg_mdis state:26 power: 0
01-28 22:58:06.458  1767  1767 I pixel-thermal: Cooling device chg_mdis max state: 26 state2power number: 27
01-28 22:58:06.458  1767  1767 I pixel-thermal: Cooling device thermal-gpufreq-0 use State2power read from sysfs
01-28 22:58:06.458  1767  1767 I pixel-thermal: Cooling device thermal-gpufreq-0 state:0 power: 2307
01-28 22:58:06.458  1767  1767 I pixel-thermal: Cooling device thermal-gpufreq-0 state:1 power: 2097
01-28 22:58:06.458  1767  1767 I pixel-thermal: Cooling device thermal-gpufreq-0 state:2 power: 1893
01-28 22:58:06.458  1767  1767 I pixel-thermal: Cooling device thermal-gpufreq-0 state:3 power: 1557
01-28 22:58:06.458  1767  1767 I pixel-thermal: Cooling device thermal-gpufreq-0 state:4 power: 1301
01-28 22:58:06.458  1767  1767 I pixel-thermal: Cooling device thermal-gpufreq-0 state:5 power: 1099
01-28 22:58:06.458  1767  1767 I pixel-thermal: Cooling device thermal-gpufreq-0 state:6 power: 935
01-28 22:58:06.458  1767  1767 I pixel-thermal: Cooling device thermal-gpufreq-0 state:7 power: 805
01-28 22:58:06.458  1767  1767 I pixel-thermal: Cooling device thermal-gpufreq-0 state:8 power: 680
01-28 22:58:06.458  1767  1767 I pixel-thermal: Cooling device thermal-gpufreq-0 state:9 power: 586
01-28 22:58:06.458  1767  1767 I pixel-thermal: Cooling device thermal-gpufreq-0 state:10 power: 503
01-28 22:58:06.458  1767  1767 I pixel-thermal: Cooling device thermal-gpufreq-0 state:11 power: 442
01-28 22:58:06.458  1767  1767 I pixel-thermal: Cooling device thermal-gpufreq-0 state:12 power: 201
01-28 22:58:06.458  1767  1767 I pixel-thermal: Cooling device thermal-gpufreq-0 max state: 12 state2power number: 13
